03-04 10:01:19.758   987  1277 I native  : Registering the position of 250155664 at 178.61,58.65,224.85,100.98 at time 422897192219
03-04 10:01:21.164   987  1278 I native  : Registering the position of 138737545 at 184.96,23.46,223.04,58.14
03-04 10:01:21.164   987  1278 I native  : Registering the position of 138737545 at 184.96,23.46,223.04,58.14 at time 424074652129
03-04 10:01:21.167   987  1278 I native  : Registering the position of 96424846 at 177.71,59.16,223.04,101.49
03-04 10:01:21.168   987  1278 I native  : Registering the position of 96424846 at 177.71,59.16,223.04,101.49 at time 424074652129
03-04 10:01:21.221   987  1277 I native  : Registering the position of 197134255 at 184.96,23.46,223.04,58.14
03-04 10:01:21.221   987  1277 I native  : Registering the position of 197134255 at 184.96,23.46,223.04,58.14 at time 424206957976
03-04 10:01:21.226   987  1277 I native  : Registering the position of 57984956 at 177.71,58.65,223.95,101.49
03-04 10:01:21.226   987  1277 I native  : Registering the position of 57984956 at 177.71,58.65,223.95,101.49 at time 424206957976
03-04 10:01:22.633   987  1278 I native  : Registering the position of 83657541 at 184.96,22.95,223.04,58.14
03-04 10:01:22.634   987  1278 I native  : Registering the position of 83657541 at 184.96,22.95,223.04,58.14 at time 425559948737
03-04 10:01:22.638   987  1278 I native  : Registering the position of 199301786 at 177.71,58.65,223.95,101.49
03-04 10:01:22.638   987  1278 I native  : Registering the position of 199301786 at 177.71,58.65,223.95,101.49 at time 425559948737
03-04 10:01:22.724   987  1277 I native  : Registering the position of 34566091 at 184.96,23.46,223.04,58.14
03-04 10:01:22.725   987  1277 I native  : Registering the position of 34566091 at 184.96,23.46,223.04,58.14 at time 425669289331
03-04 10:01:22.731   987  1277 I native  : Registering the position of 111453096 at 177.71,58.65,223.95,101.49
03-04 10:01:22.732   987  1277 I native  : Registering the position of 111453096 at 177.71,58.65,223.95,101.49 at time 425669289331
03-04 10:01:23.905   987  1278 I native  : Registering the position of 166137537 at 184.96,23.46,223.95,58.14
03-04 10:01:23.905   987  1278 I native  : Registering the position of 166137537 at 184.96,23.46,223.95,58.14 at time 427006188549
03-04 10:01:23.908   987  1278 I native  : Registering the position of 136726118 at 177.71,58.65,223.04,100.98
03-04 10:01:23.909   987  1278 I native  : Registering the position of 136726118 at 177.71,58.65,223.04,100.98 at time 427006188549
03-04 10:01:24.347   987  1277 I native  : Registering the position of 178470311 at 184.96,23.46,223.04,57.63
03-04 10:01:24.348   987  1277 I native  : Registering the position of 178470311 at 184.96,23.46,223.04,57.63 at time 427133195687
03-04 10:01:24.355   987  1277 I native  : Registering the position of 175395412 at 177.71,58.65,223.04,101.49
03-04 10:01:24.356   987  1277 I native  : Registering the position of 175395412 at 177.71,58.65,223.04,101.49 at time 427133195687
03-04 10:01:25.281   987  1278 I native  : Registering the position of 93640189 at 184.96,22.95,223.95,57.63
03-04 10:01:25.282   987  1278 I native  : Registering the position of 93640189 at 184.96,22.95,223.95,57.63 at time 428307823513
03-04 10:01:25.285   987  1278 I native  : Registering the position of 138437362 at 177.71,58.65,223.95,101.49
03-04 10:01:25.286   987  1278 I native  : Registering the position of 138437362 at 177.71,58.65,223.95,101.49 at time 428307823513
03-04 10:01:25.820   987  1277 I native  : Registering the position of 180096323 at 184.96,23.46,223.95,58.14
03-04 10:01:25.820   987  1277 I native  : Registering the position of 180096323 at 184.96,23.46,223.95,58.14 at time 428774401560
03-04 10:01:25.827   987  1277 I native  : Registering the position of 49168320 at 177.71,58.65,223.95,101.49
03-04 10:01:25.828   987  1277 I native  : Registering the position of 49168320 at 177.71,58.65,223.95,101.49 at time 428774401560
03-04 10:01:26.529   987  1278 I native  : Registering the position of 90035449 at 184.96,22.95,223.95,57.63
03-04 10:01:26.529   987  1278 I native  : Registering the position of 90035449 at 184.96,22.95,223.95,57.63 at time 429698497903
03-04 10:01:26.535   987  1278 I native  : Registering the position of 23968830 at 177.71,58.65,223.04,101.49
03-04 10:01:26.535   987  1278 I native  : Registering the position of 23968830 at 177.71,58.65,223.04,101.49 at time 429698497903
03-04 10:01:27.166   987  1277 I native  : Registering the position of 17316511 at 184.96,23.46,223.95,58.14
03-04 10:01:27.166   987  1277 I native  : Registering the position of 17316511 at 184.96,23.46,223.95,58.14 at time 430187874077
03-04 10:01:27.170   987  1277 I native  : Registering the position of 139958252 at 177.71,58.65,223.04,101.49
03-04 10:01:27.170   987  1277 I native  : Registering the position of 139958252 at 177.71,58.65,223.04,101.49 at time 430187874077
03-04 10:01:27.985   987  1278 I native  : Registering the position of 169723829 at 184.96,23.46,223.95,58.14
03-04 10:01:27.987   987  1278 I native  : Registering the position of 169723829 at 184.96,23.46,223.95,58.14 at time 430890840106
03-04 10:01:27.997   987  1278 I native  : Registering the position of 210067018 at 177.71,58.65,223.95,101.49
03-04 10:01:27.997   987  1278 I native  : Registering the position of 210067018 at 177.71,58.65,223.95,101.49 at time 430890840106
03-04 10:01:28.340   987  1277 I native  : Registering the position of 247456187 at 184.96,23.46,223.95,58.14
03-04 10:01:28.340   987  1277 I native  : Registering the position of 247456187 at 184.96,23.46,223.95,58.14 at time 431503595667
03-04 10:01:28.342   987  1277 I native  : Registering the position of 1853144 at 177.71,58.65,223.95,101.49
03-04 10:01:28.342   987  1277 I native  : Registering the position of 1853144 at 177.71,58.65,223.95,101.49 at time 431503595667
03-04 10:01:29.438   987  1278 I native  : Registering the position of 212871729 at 184.05,23.46,222.13,58.65
03-04 10:01:29.439   987  1278 I native  : Registering the position of 212871729 at 184.05,23.46,222.13,58.65 at time 432406027008
03-04 10:01:29.442   987  1278 I native  : Registering the position of 113448214 at 177.71,58.65,223.04,101.49
03-04 10:01:29.445   987  1278 I native  : Registering the position of 113448214 at 177.71,58.65,223.04,101.49 at time 432406027008
03-04 10:01:29.722   987  1277 I native  : Registering the position of 109108887 at 184.96,23.46,223.04,58.65
03-04 10:01:29.723   987  1277 I native  : Registering the position of 109108887 at 184.96,23.46,223.04,58.65 at time 432695796121
03-04 10:01:29.726   987  1277 I native  : Registering the position of 142276740 at 177.71,58.65,223.95,101.49
03-04 10:01:29.727   987  1277 I native  : Registering the position of 142276740 at 177.71,58.65,223.95,101.49 at time 432695796121
03-04 10:01:30.846   987  1278 I native  : Registering the position of 237779053 at 184.96,23.46,223.95,58.14
03-04 10:01:30.858   987  1278 I native  : Registering the position of 237779053 at 184.96,23.46,223.95,58.14 at time 433864166238
03-04 10:01:30.861   987  1278 I native  : Registering the position of 55798946 at 177.71,58.65,223.95,100.98
03-04 10:01:30.861   987  1278 I native  : Registering the position of 55798946 at 177.71,58.65,223.95,100.98 at time 433864166238
03-04 10:01:31.186   987  1277 I native  : Registering the position of 216714547 at 184.96,23.46,223.95,58.14
03-04 10:01:31.187   987  1277 I native  : Registering the position of 216714547 at 184.96,23.46,223.95,58.14 at time 434154034517
03-04 10:01:31.192   987  1277 I native  : Registering the position of 49354992 at 177.71,58.65,223.95,101.49
03-04 10:01:31.193   987  1277 I native  : Registering the position of 49354992 at 177.71,58.65,223.95,101.49 at time 434154034517
03-04 10:01:32.231   987  1278 I native  : Registering the position of 266399337 at 184.96,23.46,223.04,58.14
03-04 10:01:32.232   987  1278 I native  : Registering the position of 266399337 at 184.96,23.46,223.04,58.14 at time 435171831411
03-04 10:01:32.256   987  1278 I native  : Registering the position of 161460462 at 178.61,58.65,223.95,101.49
03-04 10:01:32.256   987  1278 I native  : Registering the position of 161460462 at 178.61,58.65,223.95,101.49 at time 435171831411
03-04 10:01:32.517   987  1277 I native  : Registering the position of 117115279 at 184.96,23.46,223.95,58.65
03-04 10:01:32.519   987  1277 I native  : Registering the position of 117115279 at 184.96,23.46,223.95,58.65 at time 435529154030
03-04 10:01:32.530   987  1277 I native  : Registering the position of 157733916 at 177.71,58.65,223.95,101.49
03-04 10:01:32.532   987  1277 I native  : Registering the position of 157733916 at 177.71,58.65,223.95,101.49 at time 435529154030
03-04 10:01:33.557   987  1278 I native  : Registering the position of 252774437 at 184.96,23.46,223.95,58.14
03-04 10:01:33.558   987  1278 I native  : Registering the position of 252774437 at 184.96,23.46,223.95,58.14 at time 436668045978
03-04 10:01:33.560   987  1278 I native  : Registering the position of 207220218 at 177.71,58.65,223.95,101.49
03-04 10:01:33.561   987  1278 I native  : Registering the position of 207220218 at 177.71,58.65,223.95,101.49 at time 436668045978
03-04 10:01:34.050   987  1277 I native  : Registering the position of 36220843 at 184.96,23.46,223.95,58.14
03-04 10:01:34.051   987  1277 I native  : Registering the position of 36220843 at 184.96,23.46,223.95,58.14 at time 436983462801
03-04 10:01:34.054   987  1277 I native  : Registering the position of 169547272 at 177.71,58.65,223.95,101.49
03-04 10:01:34.055   987  1277 I native  : Registering the position of 169547272 at 177.71,58.65,223.95,101.49 at time 436983462801
03-04 10:01:34.907   987  1278 I native  : Registering the position of 7274913 at 184.96,23.46,223.95,57.63
03-04 10:01:34.908   987  1278 I native  : Registering the position of 7274913 at 184.96,23.46,223.95,57.63 at time 437964535067
03-04 10:01:34.912   987  1278 I native  : Registering the position of 88666054 at 177.71,58.65,223.04,100.98
03-04 10:01:34.912   987  1278 I native  : Registering the position of 88666054 at 177.71,58.65,223.04,100.98 at time 437964535067
03-04 10:01:35.543   987  1277 I native  : Registering the position of 37788551 at 184.05,23.46,223.04,58.14
03-04 10:01:35.544   987  1277 I native  : Registering the position of 37788551 at 184.05,23.46,223.04,58.14 at time 438485083119
03-04 10:01:35.547   987  1277 I native  : Registering the position of 105876148 at 177.71,58.65,223.04,100.98
03-04 10:01:35.548   987  1277 I native  : Registering the position of 105876148 at 177.71,58.65,223.04,100.98 at time 438485083119
03-04 10:01:36.481   987  1278 I native  : Registering the position of 123279069 at 184.96,23.46,223.95,58.14
03-04 10:01:36.482   987  1278 I native  : Registering the position of 123279069 at 184.96,23.46,223.95,58.14 at time 439379361792
03-04 10:01:36.490   987  1278 I native  : Registering the position of 30687826 at 177.71,58.65,223.95,101.49
03-04 10:01:36.490   987  1278 I native  : Registering the position of 30687826 at 177.71,58.65,223.95,101.49 at time 439379361792
03-04 10:01:36.985   987  1277 I native  : Registering the position of 16869667 at 184.96,23.46,223.95,58.65
03-04 10:01:36.985   987  1277 I native  : Registering the position of 16869667 at 184.96,23.46,223.95,58.65 at time 439972218393
03-04 10:01:36.992   987  1277 I native  : Registering the position of 263495200 at 177.71,58.65,223.04,100.98
03-04 10:01:36.993   987  1277 I native  : Registering the position of 263495200 at 177.71,58.65,223.04,100.98 at time 439972218393
03-04 10:01:38.026   987  1278 I native  : Registering the position of 81085401 at 184.96,23.46,223.04,58.14
03-04 10:01:38.027   987  1278 I native  : Registering the position of 81085401 at 184.96,23.46,223.04,58.14 at time 440858924816
03-04 10:01:38.032   987  1278 I native  : Registering the position of 206582174 at 177.71,58.65,223.04,101.49
03-04 10:01:38.032   987  1278 I native  : Registering the position of 206582174 at 177.71,58.65,223.04,101.49 at time 440858924816
03-04 10:01:38.407   987  1277 I native  : Registering the position of 192377983 at 184.96,23.46,223.95,58.14
03-04 10:01:38.407   987  1277 I native  : Registering the position of 192377983 at 184.96,23.46,223.95,58.14 at time 441370584034
03-04 10:01:38.412   987  1277 I native  : Registering the position of 9796684 at 177.71,58.65,223.95,100.98
03-04 10:01:38.413   987  1277 I native  : Registering the position of 9796684 at 177.71,58.65,223.95,100.98 at time 441370584034
03-04 10:01:39.069   987  1278 I native  : Registering the position of 172835989 at 184.96,23.46,223.95,58.14
03-04 10:01:39.069   987  1278 I native  : Registering the position of 172835989 at 184.96,23.46,223.95,58.14 at time 442393090470
03-04 10:01:39.072   987  1278 I native  : Registering the position of 235522474 at 177.71,58.65,223.95,101.49
03-04 10:01:39.072   987  1278 I native  : Registering the position of 235522474 at 177.71,58.65,223.95,101.49 at time 442393090470
03-04 10:01:39.794   987  1277 I native  : Registering the position of 152623515 at 184.96,23.46,223.95,58.14
03-04 10:01:39.795   987  1277 I native  : Registering the position of 152623515 at 184.96,23.46,223.95,58.14 at time 442783484592
03-04 10:01:39.802   987  1277 I native  : Registering the position of 180621624 at 177.71,58.65,223.95,101.49
03-04 10:01:39.802   987  1277 I native  : Registering the position of 180621624 at 177.71,58.65,223.95,101.49 at time 442783484592
03-04 10:01:40.533   987  1278 I native  : Registering the position of 202020113 at 184.96,23.46,223.95,58.14
03-04 10:01:40.533   987  1278 I native  : Registering the position of 202020113 at 184.96,23.46,223.95,58.14 at time 443447941576
03-04 10:01:40.537   987  1278 I native  : Registering the position of 101897846 at 177.71,58.65,223.95,101.49
03-04 10:01:40.538   987  1278 I native  : Registering the position of 101897846 at 177.71,58.65,223.95,101.49 at time 443447941576
03-04 10:01:41.243   987  1277 I native  : Registering the position of 144798839 at 184.96,23.46,223.04,58.14
03-04 10:01:41.243   987  1277 I native  : Registering the position of 144798839 at 184.96,23.46,223.04,58.14 at time 444143347021
03-04 10:01:41.246   987  1277 I native  : Registering the position of 155519204 at 177.71,58.65,223.04,101.49
03-04 10:01:41.247   987  1277 I native  : Registering the position of 155519204 at 177.71,58.65,223.04,101.49 at time 444143347021
03-04 10:01:42.052   987  1278 I native  : Registering the position of 259158349 at 184.96,23.46,223.95,58.14
03-04 10:01:42.052   987  1278 I native  : Registering the position of 259158349 at 184.96,23.46,223.95,58.14 at time 444975996813
03-04 10:01:42.056   987  1278 I native  : Registering the position of 13493250 at 177.71,58.65,223.95,100.98
03-04 10:01:42.056   987  1278 I native  : Registering the position of 13493250 at 177.71,58.65,223.95,100.98 at time 444975996813
03-04 10:01:42.522   987  1277 I native  : Registering the position of 246341907 at 184.96,23.46,223.95,58.14
03-04 10:01:42.523   987  1277 I native  : Registering the position of 246341907 at 184.96,23.46,223.95,58.14 at time 445615412752
03-04 10:01:42.542   987  1277 I native  : Registering the position of 12308304 at 177.71,58.65,223.04,100.98
03-04 10:01:42.542   987  1277 I native  : Registering the position of 12308304 at 177.71,58.65,223.04,100.98 at time 445615412752
03-04 10:01:43.331   987  1278 I native  : Registering the position of 16897353 at 184.05,22.95,223.04,57.63
03-04 10:01:43.332   987  1278 I native  : Registering the position of 16897353 at 184.05,22.95,223.04,57.63 at time 446430583834
03-04 10:01:43.334   987  1278 I native  : Registering the position of 205143630 at 177.71,58.65,223.04,100.98
03-04 10:01:43.336   987  1278 I native  : Registering the position of 205143630 at 177.71,58.65,223.04,100.98 at time 446430583834
03-04 10:01:43.941   987  1277 I native  : Registering the position of 35421039 at 184.96,22.95,223.04,57.63
03-04 10:01:43.942   987  1277 I native  : Registering the position of 35421039 at 184.96,22.95,223.04,57.63 at time 446918486216
03-04 10:01:43.946   987  1277 I native  : Registering the position of 177639548 at 177.71,58.65,223.04,101.49
03-04 10:01:43.946   987  1277 I native  : Registering the position of 177639548 at 177.71,58.65,223.04,101.49 at time 446918486216
03-04 10:01:44.639   987  1278 I native  : Registering the position of 235502853 at 184.05,22.44,222.13,57.12
03-04 10:01:44.640   987  1278 I native  : Registering the position of 235502853 at 184.05,22.44,222.13,57.12 at time 447723770380
03-04 10:01:44.642   987  1278 I native  : Registering the position of 83882330 at 177.71,58.14,223.95,100.98
03-04 10:01:44.643   987  1278 I native  : Registering the position of 83882330 at 177.71,58.14,223.95,100.98 at time 447723770380
03-04 10:01:45.345   987  1277 I native  : Registering the position of 35610507 at 184.05,23.46,223.04,59.16
03-04 10:01:45.345   987  1277 I native  : Registering the position of 35610507 at 184.05,23.46,223.04,59.16 at time 448284643978
03-04 10:01:45.355   987  1277 I native  : Registering the position of 117061736 at 177.71,58.65,223.04,101.49
03-04 10:01:45.355   987  1277 I native  : Registering the position of 117061736 at 177.71,58.65,223.04,101.49 at time 448284643978
03-04 10:01:45.917   987  1278 I native  : Registering the position of 237626497 at 202.19,57.12,246.61,102.00
03-04 10:01:45.917   987  1278 I native  : Registering the position of 237626497 at 202.19,57.12,246.61,102.00 at time 449035516846
03-04 10:01:45.923   987  1278 I native  : Registering the position of 138135846 at 207.63,21.93,241.17,59.16
03-04 10:01:45.923   987  1278 I native  : Registering the position of 138135846 at 207.63,21.93,241.17,59.16 at time 449035516846
03-04 10:01:46.866   987  1277 I native  : Registering the position of 35809639 at 197.65,58.65,242.99,106.59
03-04 10:01:46.866   987  1277 I native  : Registering the position of 35809639 at 197.65,58.65,242.99,106.59 at time 449772639086
03-04 10:01:46.870   987  1277 I native  : Registering the position of 24015636 at 195.84,23.46,235.73,61.20
03-04 10:01:46.870   987  1277 I native  : Registering the position of 24015636 at 195.84,23.46,235.73,61.20 at time 449772639086
03-04 10:01:47.134   987  1278 I native  : Registering the position of 143607741 at 174.08,60.69,222.13,103.53
03-04 10:01:47.135   987  1278 I native  : Registering the position of 143607741 at 174.08,60.69,222.13,103.53 at time 450276421845
03-04 10:01:47.138   987  1278 I native  : Registering the position of 101405106 at 178.61,25.50,214.88,58.65
03-04 10:01:47.138   987  1278 I native  : Registering the position of 101405106 at 178.61,25.50,214.88,58.65 at time 450276421845
03-04 10:01:48.194   987  1277 I native  : Registering the position of 123876611 at 178.61,59.67,229.39,104.55
03-04 10:01:48.195   987  1277 I native  : Registering the position of 123876611 at 178.61,59.67,229.39,104.55 at time 451197271646
03-04 10:01:48.199   987  1277 I native  : Registering the position of 71937152 at 189.49,26.01,223.04,59.67
03-04 10:01:48.200   987  1277 I native  : Registering the position of 71937152 at 189.49,26.01,223.04,59.67 at time 451197271646
03-04 10:01:48.507   987  1278 I native  : Registering the position of 15573689 at 179.52,61.20,230.29,105.06
03-04 10:01:48.507   987  1278 I native  : Registering the position of 15573689 at 179.52,61.20,230.29,105.06 at time 451506328386
03-04 10:01:48.513   987  1278 I native  : Registering the position of 14210814 at 189.49,26.01,223.95,60.18
03-04 10:01:48.514   987  1278 I native  : Registering the position of 14210814 at 189.49,26.01,223.95,60.18 at time 451506328386
03-04 10:01:49.455   987  1277 I native  : Registering the position of 71900767 at 186.77,24.48,226.67,60.69
03-04 10:01:49.455   987  1277 I native  : Registering the position of 71900767 at 186.77,24.48,226.67,60.69 at time 452630311790
03-04 10:01:49.457   987  1277 I native  : Registering the position of 115151020 at 179.52,60.18,230.29,104.55
03-04 10:01:49.458   987  1277 I native  : Registering the position of 115151020 at 179.52,60.18,230.29,104.55 at time 452630311790
03-04 10:01:50.025   987  1278 I native  : Registering the position of 138195317 at 188.59,25.50,226.67,60.18
03-04 10:01:50.025   987  1278 I native  : Registering the position of 138195317 at 188.59,25.50,226.67,60.18 at time 452989679576
03-04 10:01:50.028   987  1278 I native  : Registering the position of 90662154 at 179.52,60.18,230.29,104.55
03-04 10:01:50.028   987  1278 I native  : Registering the position of 90662154 at 179.52,60.18,230.29,104.55 at time 452989679576
03-04 10:01:50.889   987  1277 I native  : Registering the position of 227230075 at 185.87,24.48,225.76,59.67
03-04 10:01:50.890   987  1277 I native  : Registering the position of 227230075 at 185.87,24.48,225.76,59.67 at time 453906864293
03-04 10:01:50.893   987  1277 I native  : Registering the position of 39881624 at 179.52,60.69,230.29,104.04
03-04 10:01:50.893   987  1277 I native  : Registering the position of 39881624 at 179.52,60.69,230.29,104.04 at time 453906864293
03-04 10:01:51.413   987  1278 I native  : Registering the position of 221507569 at 186.77,24.48,225.76,59.16
03-04 10:01:51.414   987  1278 I native  : Registering the position of 221507569 at 186.77,24.48,225.76,59.16 at time 454466522225
03-04 10:01:51.417   987  1278 I native  : Registering the position of 127846358 at 178.61,60.18,230.29,104.04
03-04 10:01:51.417   987  1278 I native  : Registering the position of 127846358 at 178.61,60.18,230.29,104.04 at time 454466522225
03-04 10:01:51.997   987  1277 I native  : Registering the position of 84048471 at 187.68,24.48,226.67,59.16
03-04 10:01:51.997   987  1277 I native  : Registering the position of 84048471 at 187.68,24.48,226.67,59.16 at time 455236268260
03-04 10:01:52.000   987  1277 I native  : Registering the position of 161401156 at 179.52,60.18,229.39,103.53
03-04 10:01:52.000   987  1277 I native  : Registering the position of 161401156 at 179.52,60.18,229.39,103.53 at time 455236268260
03-04 10:01:52.722   987  1278 I native  : Registering the position of 143039021 at 187.68,24.48,225.76,59.16
03-04 10:01:52.722   987  1278 I native  : Registering the position of 143039021 at 187.68,24.48,225.76,59.16 at time 455780483898
03-04 10:01:52.725   987  1278 I native  : Registering the position of 1543010 at 180.43,60.69,231.20,104.04
03-04 10:01:52.725   987  1278 I native  : Registering the position of 1543010 at 180.43,60.69,231.20,104.04 at time 455780483898
03-04 10:01:53.366   987  1277 I native  : Registering the position of 105538803 at 186.77,24.48,225.76,59.67
03-04 10:01:53.368   987  1277 I native  : Registering the position of 105538803 at 186.77,24.48,225.76,59.67 at time 456393773210
03-04 10:01:53.371   987  1277 I native  : Registering the position of 258028976 at 178.61,60.18,230.29,104.04
03-04 10:01:53.371   987  1277 I native  : Registering the position of 258028976 at 178.61,60.18,230.29,104.04 at time 456393773210
03-04 10:01:54.276   987  1278 I native  : Registering the position of 14658601 at 186.77,24.48,225.76,59.67
03-04 10:01:54.276   987  1278 I native  : Registering the position of 14658601 at 186.77,24.48,225.76,59.67 at time 457153200370
03-04 10:01:54.281   987  1278 I native  : Registering the position of 107412398 at 179.52,60.69,230.29,104.04
03-04 10:01:54.281   987  1278 I native  : Registering the position of 107412398 at 179.52,60.69,230.29,104.04 at time 457153200370
03-04 10:01:54.640   987  1277 I native  : Registering the position of 18636111 at 186.77,24.99,225.76,59.67
03-04 10:01:54.640   987  1277 I native  : Registering the position of 18636111 at 186.77,24.99,225.76,59.67 at time 457777569516
03-04 10:01:54.642   987  1277 I native  : Registering the position of 127663324 at 179.52,60.69,229.39,104.04
03-04 10:01:54.642   987  1277 I native  : Registering the position of 127663324 at 179.52,60.69,229.39,104.04 at time 457777569516
03-04 10:01:55.528   987  1278 I native  : Registering the position of 43901413 at 186.77,24.99,225.76,59.16
03-04 10:01:55.529   987  1278 I native  : Registering the position of 43901413 at 186.77,24.99,225.76,59.16 at time 458664490896
03-04 10:01:55.532   987  1278 I native  : Registering the position of 69936314 at 179.52,60.18,229.39,104.04
03-04 10:01:55.534   987  1278 I native  : Registering the position of 69936314 at 179.52,60.18,229.39,104.04 at time 458664490896
03-04 10:01:55.904   987  1277 I native  : Registering the position of 225148779 at 186.77,24.99,224.85,59.16
03-04 10:01:55.905   987  1277 I native  : Registering the position of 225148779 at 186.77,24.99,224.85,59.16 at time 458986901304
03-04 10:01:55.907   987  1277 I native  : Registering the position of 257559240 at 179.52,60.18,229.39,104.04
03-04 10:01:55.908   987  1277 I native  : Registering the position of 257559240 at 179.52,60.18,229.39,104.04 at time 458986901304
03-04 10:01:56.748   987  1278 I native  : Registering the position of 122664801 at 185.87,24.99,225.76,59.16
03-04 10:01:56.748   987  1278 I native  : Registering the position of 122664801 at 185.87,24.99,225.76,59.16 at time 459961052610
03-04 10:01:56.751   987  1278 I native  : Registering the position of 215405190 at 179.52,60.18,229.39,104.04
03-04 10:01:56.751   987  1278 I native  : Registering the position of 215405190 at 179.52,60.18,229.39,104.04 at time 459961052610
03-04 10:01:57.305   987  1277 I native  : Registering the position of 88123207 at 186.77,24.99,225.76,59.16
03-04 10:01:57.306   987  1277 I native  : Registering the position of 88123207 at 186.77,24.99,225.76,59.16 at time 460349333899
03-04 10:01:57.308   987  1277 I native  : Registering the position of 124324724 at 179.52,60.69,230.29,104.55
03-04 10:01:57.309   987  1277 I native  : Registering the position of 124324724 at 179.52,60.69,230.29,104.55 at time 460349333899
03-04 10:01:58.105   987  1278 I native  : Registering the position of 149907613 at 186.77,24.99,226.67,59.67
03-04 10:01:58.105   987  1278 I native  : Registering the position of 149907613 at 186.77,24.99,226.67,59.67 at time 461147226938
03-04 10:01:58.116   987  1278 I native  : Registering the position of 104698130 at 179.52,60.18,229.39,104.04
03-04 10:01:58.118   987  1278 I native  : Registering the position of 104698130 at 179.52,60.18,229.39,104.04 at time 461147226938
03-04 10:01:58.704   987  1277 I native  : Registering the position of 5664995 at 186.77,24.99,226.67,59.67
03-04 10:01:58.705   987  1277 I native  : Registering the position of 5664995 at 186.77,24.99,226.67,59.67 at time 461639661820
03-04 10:01:58.709   987  1277 I native  : Registering the position of 231041760 at 178.61,60.18,229.39,104.04
03-04 10:01:58.709   987  1277 I native  : Registering the position of 231041760 at 178.61,60.18,229.39,104.04 at time 461639661820
03-04 10:01:59.422   987  1278 I native  : Registering the position of 215937433 at 186.77,24.99,224.85,59.16
03-04 10:01:59.422   987  1278 I native  : Registering the position of 215937433 at 186.77,24.99,224.85,59.16 at time 462502716115
03-04 10:01:59.425   987  1278 I native  : Registering the position of 232762462 at 178.61,61.20,229.39,104.04
03-04 10:01:59.425   987  1278 I native  : Registering the position of 232762462 at 178.61,61.20,229.39,104.04 at time 462502716115
03-04 10:02:00.085   987  1277 I native  : Registering the position of 225785919 at 186.77,24.48,225.76,59.16
03-04 10:02:00.086   987  1277 I native  : Registering the position of 225785919 at 186.77,24.48,225.76,59.16 at time 463068129506
03-04 10:02:00.092   987  1277 I native  : Registering the position of 29775116 at 179.52,60.69,229.39,104.04
03-04 10:02:00.093   987  1277 I native  : Registering the position of 29775116 at 179.52,60.69,229.39,104.04 at time 463068129506
03-04 10:02:00.723   987  1278 I native  : Registering the position of 44306005 at 186.77,24.99,223.95,59.16
03-04 10:02:00.724   987  1278 I native  : Registering the position of 44306005 at 186.77,24.99,223.95,59.16 at time 463861485085
03-04 10:02:00.726   987  1278 I native  : Registering the position of 116797546 at 179.52,60.69,229.39,104.04
03-04 10:02:00.726   987  1278 I native  : Registering the position of 116797546 at 179.52,60.69,229.39,104.04 at time 463861485085
03-04 10:02:01.266   987  1277 I native  : Registering the position of 93264219 at 186.77,24.48,225.76,59.16
03-04 10:02:01.266   987  1277 I native  : Registering the position of 93264219 at 186.77,24.48,225.76,59.16 at time 464451281228
03-04 10:02:01.270   987  1277 I native  : Registering the position of 252294648 at 178.61,61.20,229.39,104.55
03-04 10:02:01.270   987  1277 I native  : Registering the position of 252294648 at 178.61,61.20,229.39,104.55 at time 464451281228
03-04 10:02:02.265   987  1278 I native  : Registering the position of 40123089 at 186.77,24.99,225.76,59.67
03-04 10:02:02.265   987  1278 I native  : Registering the position of 40123089 at 186.77,24.99,225.76,59.67 at time 465121574170
03-04 10:02:02.268   987  1278 I native  : Registering the position of 222226742 at 178.61,60.69,229.39,104.04
03-04 10:02:02.269   987  1278 I native  : Registering the position of 222226742 at 178.61,60.69,229.39,104.04 at time 465121574170
03-04 10:02:02.588   987  1277 I native  : Registering the position of 77328439 at 186.77,24.48,225.76,59.16
03-04 10:02:02.589   987  1277 I native  : Registering the position of 77328439 at 186.77,24.48,225.76,59.16 at time 465634937888
03-04 10:02:02.593   987  1277 I native  : Registering the position of 186661284 at 178.61,60.69,230.29,104.55
03-04 10:02:02.593   987  1277 I native  : Registering the position of 186661284 at 178.61,60.69,230.29,104.55 at time 465634937888
03-04 10:02:03.791   987  1278 I native  : Registering the position of 119583501 at 186.77,24.48,224.85,59.16
03-04 10:02:03.791   987  1278 I native  : Registering the position of 119583501 at 186.77,24.48,224.85,59.16 at time 466638375448
03-04 10:02:03.794   987  1278 I native  : Registering the position of 143155906 at 177.71,60.69,229.39,104.04
03-04 10:02:03.795   987  1278 I native  : Registering the position of 143155906 at 177.71,60.69,229.39,104.04 at time 466638375448
03-04 10:02:03.882   987  1277 I native  : Registering the position of 70605011 at 186.77,24.48,224.85,59.16
03-04 10:02:03.883   987  1277 I native  : Registering the position of 70605011 at 186.77,24.48,224.85,59.16 at time 466918364684
03-04 10:02:03.886   987  1277 I native  : Registering the position of 33115152 at 178.61,60.69,229.39,104.04
03-04 10:02:03.887   987  1277 I native  : Registering the position of 33115152 at 178.61,60.69,229.39,104.04 at time 466918364684
03-04 10:02:05.186   987  1278 I native  : Registering the position of 11694857 at 186.77,24.99,224.85,59.67
03-04 10:02:05.187   987  1278 I native  : Registering the position of 11694857 at 186.77,24.99,224.85,59.67 at time 468186854062
03-04 10:02:05.201   987  1278 I native  : Registering the position of 217966862 at 179.52,60.69,229.39,104.04
03-04 10:02:05.202   987  1278 I native  : Registering the position of 217966862 at 179.52,60.69,229.39,104.04 at time 468186854062
03-04 10:02:05.257   987  1277 I native  : Registering the position of 66236207 at 186.77,24.99,224.85,59.67
03-04 10:02:05.258   987  1277 I native  : Registering the position of 66236207 at 186.77,24.99,224.85,59.67 at time 468340220869
03-04 10:02:05.262   987  1277 I native  : Registering the position of 219093308 at 178.61,60.69,229.39,104.04
03-04 10:02:05.262   987  1277 I native  : Registering the position of 219093308 at 178.61,60.69,229.39,104.04 at time 468340220869
03-04 10:02:06.693   987  1277 I native  : Registering the position of 159790789 at 186.77,24.99,224.85,59.67
03-04 10:02:06.694   987  1277 I native  : Registering the position of 159790789 at 186.77,24.99,224.85,59.67 at time 469711132798
03-04 10:02:06.697   987  1277 I native  : Registering the position of 70486042 at 179.52,61.20,229.39,104.04
03-04 10:02:06.697   987  1277 I native  : Registering the position of 70486042 at 179.52,61.20,229.39,104.04 at time 469711132798
03-04 10:02:07.913   987  1278 I native  : Registering the position of 193269579 at 186.77,24.99,225.76,60.18
03-04 10:02:07.915   987  1278 I native  : Registering the position of 193269579 at 186.77,24.99,225.76,60.18 at time 471086550103
03-04 10:02:07.917   987  1278 I native  : Registering the position of 22187304 at 179.52,61.20,229.39,104.04
03-04 10:02:07.918   987  1278 I native  : Registering the position of 22187304 at 179.52,61.20,229.39,104.04 at time 471086550103
03-04 10:02:08.312   987  1277 I native  : Registering the position of 202930753 at 186.77,24.99,225.76,60.18
03-04 10:02:08.314   987  1277 I native  : Registering the position of 202930753 at 186.77,24.99,225.76,60.18 at time 471224940992
03-04 10:02:08.317   987  1277 I native  : Registering the position of 183634918 at 179.52,61.20,229.39,104.04
03-04 10:02:08.317   987  1277 I native  : Registering the position of 183634918 at 179.52,61.20,229.39,104.04 at time 471224940992
03-04 10:02:09.357   987  1278 I native  : Registering the position of 43210023 at 186.77,24.48,226.67,59.67
03-04 10:02:09.359   987  1278 I native  : Registering the position of 43210023 at 186.77,24.48,226.67,59.67 at time 472259615762
03-04 10:02:09.363   987  1278 I native  : Registering the position of 265769940 at 179.52,61.20,230.29,104.04
03-04 10:02:09.363   987  1278 I native  : Registering the position of 265769940 at 179.52,61.20,230.29,104.04 at time 472259615762
03-04 10:02:09.763   987  1277 I native  : Registering the position of 70351229 at 186.77,24.48,225.76,59.67
03-04 10:02:09.764   987  1277 I native  : Registering the position of 70351229 at 186.77,24.48,225.76,59.67 at time 472733150060
03-04 10:02:09.768   987  1277 I native  : Registering the position of 264437874 at 178.61,60.69,229.39,104.04
03-04 10:02:09.769   987  1277 I native  : Registering the position of 264437874 at 178.61,60.69,229.39,104.04 at time 472733150060
03-04 10:02:10.541   987  1278 I native  : Registering the position of 173415619 at 186.77,24.99,225.76,59.67
03-04 10:02:10.542   987  1278 I native  : Registering the position of 173415619 at 186.77,24.99,225.76,59.67 at time 473740528328
03-04 10:02:10.544   987  1278 I native  : Registering the position of 88070464 at 178.61,60.69,230.29,104.55
03-04 10:02:10.545   987  1278 I native  : Registering the position of 88070464 at 178.61,60.69,230.29,104.55 at time 473740528328
03-04 10:02:11.222   987  1277 I native  : Registering the position of 132198521 at 185.87,24.99,225.76,59.67
03-04 10:02:11.222   987  1277 I native  : Registering the position of 132198521 at 185.87,24.99,225.76,59.67 at time 474118153574
03-04 10:02:11.225   987  1277 I native  : Registering the position of 238858686 at 178.61,60.18,229.39,104.55
03-04 10:02:11.225   987  1277 I native  : Registering the position of 238858686 at 178.61,60.18,229.39,104.55 at time 474118153574
03-04 10:02:11.774   987  1278 I native  : Registering the position of 83083807 at 186.77,24.99,225.76,59.67
03-04 10:02:11.774   987  1278 I native  : Registering the position of 83083807 at 186.77,24.99,225.76,59.67 at time 474938186448
03-04 10:02:11.776   987  1278 I native  : Registering the position of 65620332 at 180.43,60.18,229.39,104.55
03-04 10:02:11.776   987  1278 I native  : Registering the position of 65620332 at 180.43,60.18,229.39,104.55 at time 474938186448
03-04 10:02:12.706   987  1277 I native  : Registering the position of 70998837 at 186.77,24.48,225.76,59.16
03-04 10:02:12.707   987  1277 I native  : Registering the position of 70998837 at 186.77,24.48,225.76,59.16 at time 475644181436
03-04 10:02:12.716   987  1277 I native  : Registering the position of 51260362 at 179.52,60.69,230.29,104.55
03-04 10:02:12.716   987  1277 I native  : Registering the position of 51260362 at 179.52,60.69,230.29,104.55 at time 475644181436
03-04 10:02:12.955   987  1278 I native  : Registering the position of 110911803 at 186.77,24.99,225.76,59.16
03-04 10:02:12.956   987  1278 I native  : Registering the position of 110911803 at 186.77,24.99,225.76,59.16 at time 476191227991
03-04 10:02:12.958   987  1278 I native  : Registering the position of 81236056 at 179.52,60.69,229.39,104.55
03-04 10:02:12.959   987  1278 I native  : Registering the position of 81236056 at 179.52,60.69,229.39,104.55 at time 476191227991
03-04 10:02:14.032   987  1277 I native  : Registering the position of 164853169 at 186.77,24.48,226.67,59.67
03-04 10:02:14.033   987  1277 I native  : Registering the position of 164853169 at 186.77,24.48,226.67,59.67 at time 477137966711
03-04 10:02:14.036   987  1277 I native  : Registering the position of 80427670 at 179.52,60.69,230.29,105.06
03-04 10:02:14.036   987  1277 I native  : Registering the position of 80427670 at 179.52,60.69,230.29,105.06 at time 477137966711
03-04 10:02:14.288   987  1278 I native  : Registering the position of 208000535 at 186.77,24.99,225.76,59.67
03-04 10:02:14.288   987  1278 I native  : Registering the position of 208000535 at 186.77,24.99,225.76,59.67 at time 477379777360
03-04 10:02:14.291   987  1278 I native  : Registering the position of 190929412 at 180.43,60.18,230.29,104.04
03-04 10:02:14.291   987  1278 I native  : Registering the position of 190929412 at 180.43,60.18,230.29,104.04 at time 477379777360
03-04 10:02:14.871   987  1167 V Robocol : received command: CMD_RUN_OP_MODE(14753) AutoV11BlueRight
03-04 10:02:14.915   987  1195 V Robocol : sending CMD_NOTIFY_RUN_OP_MODE(5011), attempt: 0
03-04 10:02:15.213   987  1277 I native  : Registering the position of 83409901 at 186.77,24.99,225.76,59.67
03-04 10:02:15.214   987  1277 I native  : Registering the position of 83409901 at 186.77,24.99,225.76,59.67 at time 478421195465
03-04 10:02:15.216   987  1277 I native  : Registering the position of 225995298 at 179.52,60.69,230.29,104.55
03-04 10:02:15.216   987  1277 I native  : Registering the position of 225995298 at 179.52,60.69,230.29,104.55 at time 478421195465
03-04 10:02:15.813   987  1278 I native  : Registering the position of 82295987 at 186.77,24.99,225.76,59.67
03-04 10:02:15.813   987  1278 I native  : Registering the position of 82295987 at 186.77,24.99,225.76,59.67 at time 478653722072
03-04 10:02:15.816   987  1278 I native  : Registering the position of 127668848 at 179.52,60.69,230.29,104.55
03-04 10:02:15.816   987  1278 I native  : Registering the position of 127668848 at 179.52,60.69,230.29,104.55 at time 478653722072
03-04 10:02:16.641   987  1277 I native  : Registering the position of 229779945 at 186.77,24.99,225.76,59.67
03-04 10:02:16.641   987  1277 I native  : Registering the position of 229779945 at 186.77,24.99,225.76,59.67 at time 479573688706
03-04 10:02:16.644   987  1277 I native  : Registering the position of 14091886 at 180.43,60.69,231.20,104.55
03-04 10:02:16.644   987  1277 I native  : Registering the position of 14091886 at 180.43,60.69,231.20,104.55 at time 479573688706
03-04 10:02:17.353   987  1278 I native  : Registering the position of 110588175 at 185.87,24.99,224.85,59.16
03-04 10:02:17.354   987  1278 I native  : Registering the position of 110588175 at 185.87,24.99,224.85,59.16 at time 480153369847
03-04 10:02:17.360   987  1278 I native  : Registering the position of 59237788 at 180.43,60.18,230.29,104.55
03-04 10:02:17.361   987  1278 I native  : Registering the position of 59237788 at 180.43,60.18,230.29,104.55 at time 480153369847
03-04 10:02:18.032   987  1277 I native  : Registering the position of 192576421 at 186.77,24.48,225.76,59.16
03-04 10:02:18.032   987  1277 I native  : Registering the position of 192576421 at 186.77,24.48,225.76,59.16 at time 480995849974
03-04 10:02:18.035   987  1277 I native  : Registering the position of 191961978 at 179.52,60.69,229.39,104.55
03-04 10:02:18.036   987  1277 I native  : Registering the position of 191961978 at 179.52,60.69,229.39,104.55 at time 480995849974
03-04 10:02:18.834   987  1278 I native  : Registering the position of 266604331 at 184.05,23.97,224.85,59.16
03-04 10:02:18.834   987  1278 I native  : Registering the position of 266604331 at 184.05,23.97,224.85,59.16 at time 481792317345
03-04 10:02:18.836   987  1278 I native  : Registering the position of 117161864 at 179.52,60.18,229.39,104.55
03-04 10:02:18.836   987  1278 I native  : Registering the position of 117161864 at 179.52,60.18,229.39,104.55 at time 481792317345
03-04 10:02:19.655   987  1277 I native  : Registering the position of 146550049 at 141.44,64.26,203.09,124.44
03-04 10:02:19.656   987  1277 I native  : Registering the position of 146550049 at 141.44,64.26,203.09,124.44 at time 482427000409
03-04 10:02:19.657   987  1277 I native  : Registering the position of 107312454 at 145.07,14.79,195.84,61.20
03-04 10:02:19.666   987  1277 I native  : Registering the position of 107312454 at 145.07,14.79,195.84,61.20 at time 482427000409
03-04 10:02:20.887   987  1216 I DbgLog  : IMU DEG=-0.5729577823242186
03-04 10:02:20.899   987  1216 I DbgLog  : IMU DEG ERROR=0.5729577823242186
03-04 10:02:24.952   987  1216 I DbgLog  : Turn: RAD=-0.04111111 DEG=-2.3554931881164474 POWER=0.12933333396911623
03-04 10:02:24.994   987  1216 I DbgLog  : Turn: RAD=-0.037777778 DEG=-2.1645072251011395 POWER=0.1279999989271164
03-04 10:02:25.051   987  1216 I DbgLog  : Turn: RAD=-0.026666667 DEG=-1.5278874906790534 POWER=0.12266666769981385
03-04 10:02:25.098   987  1216 I DbgLog  : Turn: RAD=-0.022222223 DEG=-1.2095775167463045 POWER=0.10933333292603492
03-04 10:02:25.158   987  1216 I DbgLog  : Turn: RAD=-0.017777778 DEG=-0.9549297083548347 POWER=0.1039999994635582
03-04 10:02:25.214   987  1216 I DbgLog  : Turn: RAD=-0.014444444 DEG=-0.7639437453395267 POWER=0.09733333319425583
03-04 10:02:25.237   987  1216 I DbgLog  : IMU DEG=-0.7002817398808063
03-04 10:02:25.242   987  1216 I DbgLog  : IMU DEG ERROR=0.7002817398808063
03-04 10:02:26.362   987  1216 I DbgLog  : Turn: RAD=-0.012222222 DEG=-0.7002817398808063 POWER=-0.5
03-04 10:02:26.398   987  1216 I DbgLog  : Turn: RAD=-0.012222222 DEG=-0.7002817398808063 POWER=-0.5
03-04 10:02:26.430   987  1216 I DbgLog  : Turn: RAD=-0.026666667 DEG=-2.3554931881164474 POWER=-0.5
03-04 10:02:26.460   987  1216 I DbgLog  : Turn: RAD=-0.09 DEG=-5.1566203610830845 POWER=-0.5
03-04 10:02:26.512   987  1216 I DbgLog  : Turn: RAD=-0.14555556 DEG=-10.504226471738065 POWER=-0.5
03-04 10:02:26.540   987  1216 I DbgLog  : Turn: RAD=-0.22555555 DEG=-14.196620760631435 POWER=-0.5
03-04 10:02:26.589   987  1216 I DbgLog  : Turn: RAD=-0.33666667 DEG=-20.626481444332338 POWER=-0.5
03-04 10:02:26.629   987  1216 I DbgLog  : Turn: RAD=-0.4511111 DEG=-25.846762583574524 POWER=-0.5
03-04 10:02:26.656   987  1216 I DbgLog  : Turn: RAD=-0.5 DEG=-29.984790003544436 POWER=-0.5
03-04 10:02:26.690   987  1216 I DbgLog  : Turn: RAD=-0.57 DEG=-33.99549415964885 POWER=-0.5
03-04 10:02:26.732   987  1216 I DbgLog  : Turn: RAD=-0.6911111 DEG=-41.06197372399819 POWER=-0.5
03-04 10:02:26.780   987  1216 I DbgLog  : Turn: RAD=-0.7888889 DEG=-46.600567291772364 POWER=-0.5
03-04 10:02:26.812   987  1216 I DbgLog  : Turn: RAD=-0.8844444 DEG=-50.67493222603588 POWER=-0.5
03-04 10:02:26.841   987  1216 I DbgLog  : Turn: RAD=-0.93222225 DEG=-54.74930057539398 POWER=-0.5
03-04 10:02:26.892   987  1216 I DbgLog  : Turn: RAD=-1.0744444 DEG=-62.9616946371747 POWER=-0.5
03-04 10:02:26.919   987  1216 I DbgLog  : Turn: RAD=-1.1233333 DEG=-65.76282351768863 POWER=-0.5
03-04 10:02:26.943   987  1216 I DbgLog  : Turn: RAD=-1.1955556 DEG=-69.90085264520583 POWER=-0.5
03-04 10:02:26.972   987  1216 I DbgLog  : Turn: RAD=-1.27 DEG=-72.76563888878428 POWER=-0.5
03-04 10:02:27.009   987  1216 I DbgLog  : Turn: RAD=-1.3433334 DEG=-78.36789664981214 POWER=-0.5
03-04 10:02:27.034   987  1216 I DbgLog  : Turn: RAD=-1.4177778 DEG=-82.63324733364756 POWER=-0.5
03-04 10:02:27.065   987  1216 I DbgLog  : Turn: RAD=-1.4911112 DEG=-86.89859801748297 POWER=-0.5
03-04 10:02:27.093   987  1216 I DbgLog  : Turn: RAD=-1.5655556 DEG=-91.10029133825387 POWER=-0.5
03-04 10:02:27.127   987  1216 I DbgLog  : Turn: RAD=-1.6377778 DEG=-93.8377560255141 POWER=-0.5
03-04 10:02:27.153   987  1216 I DbgLog  : Turn: RAD=-1.71 DEG=-97.97578515303131 POWER=-0.5
03-04 10:02:27.180   987  1216 I DbgLog  : Turn: RAD=-1.7577778 DEG=-102.05015008729482 POWER=-0.5
03-04 10:02:27.219   987  1216 I DbgLog  : Turn: RAD=-1.8288889 DEG=-106.18817921481202 POWER=-0.5
03-04 10:02:27.259   987  1216 I DbgLog  : Turn: RAD=-1.9477777 DEG=-112.9363446430821 POWER=-0.5
03-04 10:02:27.308   987  1216 I DbgLog  : Turn: RAD=-2.0433333 DEG=-119.74817426460585 POWER=-0.5
03-04 10:02:27.334   987  1216 I DbgLog  : Turn: RAD=-2.1355555 DEG=-123.69521764255116 POWER=-0.5
03-04 10:02:27.428   987  1216 I DbgLog  : Turn: RAD=-2.3211112 DEG=-132.98987566888792 POWER=-0.5
03-04 10:02:27.470   987  1216 I DbgLog  : Turn: RAD=-2.4377778 DEG=-141.01127715090757 POWER=-0.5
03-04 10:02:27.505   987  1216 I DbgLog  : Turn: RAD=-2.53 DEG=-146.29522077585617 POWER=-0.5
03-04 10:02:27.552   987  1216 I DbgLog  : Turn: RAD=-2.6233332 DEG=-151.7064927873121 POWER=-0.5
03-04 10:02:27.589   987  1216 I DbgLog  : Turn: RAD=-2.7422223 DEG=-157.11776479876806 POWER=-0.5
03-04 10:02:27.646   987  1216 I DbgLog  : Turn: RAD=-2.8344445 DEG=-165.07550891772323 POWER=-0.42324446677845484
03-04 10:02:27.700   987  1216 I DbgLog  : Turn: RAD=-2.97 DEG=-171.3143812905313 POWER=-0.25924462318104274
03-04 10:02:27.737   987  1216 I DbgLog  : Turn: RAD=-3.05 DEG=-175.7070535306849 POWER=-0.13257798194569118
03-04 10:02:27.816   987  1216 I DbgLog  : Turn: RAD=3.120963 DEG=178.05407045404135 POWER=-0.1485777568785525
03-04 10:02:27.894   987  1216 I DbgLog  : Turn: RAD=3.0387409 DEG=173.27941305436562 POWER=0.16608893394154078
03-04 10:02:27.937   987  1216 I DbgLog  : Turn: RAD=3.0076296 DEG=172.4518126930135 POWER=0.15542210578602322
03-04 10:02:27.986   987  1216 I DbgLog  : Turn: RAD=3.0242963 DEG=173.4703988039375 POWER=0.15008887290638454
03-04 10:02:28.060   987  1216 I DbgLog  : Turn: RAD=3.0420742 DEG=174.93462743744817 POWER=0.13275565147083768
03-04 10:02:28.101   987  1216 I DbgLog  : Turn: RAD=3.060963 DEG=175.57124204922837 POWER=0.1007556819884158
03-04 10:02:28.145   987  1216 I DbgLog  : Turn: RAD=3.0787408 DEG=176.3988560709588 POWER=0.163422174450574
03-04 10:02:28.196   987  1216 I DbgLog  : Turn: RAD=3.0931852 DEG=177.41744218188282 POWER=0.14742218970936305
03-04 10:02:28.245   987  1216 I DbgLog  : Turn: RAD=3.1042964 DEG=178.05407045404135 POWER=0.1300889682738162
03-04 10:02:28.298   987  1216 I DbgLog  : Turn: RAD=3.1165185 DEG=178.69068506582158 POWER=0.11675545692127713
03-04 10:02:28.382   987  1216 I DbgLog  : IMU DEG=179.19998495147274
03-04 10:02:28.397   987  1216 I DbgLog  : IMU DEG ERROR=0.800015048527259
03-04 10:02:30.785   987  1216 I DbgLog  : IMU DEG=179.64561381368105
03-04 10:02:30.796   987  1216 I DbgLog  : IMU DEG ERROR=0.3543861863189471
03-04 10:02:32.011   987  1216 I DbgLog  : IMU DEG=179.64561381368105
03-04 10:02:32.033   987  1216 I DbgLog  : IMU DEG ERROR=0.4817145728263248
03-04 10:02:32.169   987  1216 I DbgLog  : Turn: RAD=-3.1333334 DEG=-179.5904395455657 POWER=-0.09257781028431424
03-04 10:02:32.246   987  1216 I DbgLog  : Turn: RAD=-3.1377778 DEG=-179.78142529513758 POWER=-0.08591105460804471
03-04 10:02:32.322   987  1216 I DbgLog  : Turn: RAD=3.140963 DEG=179.90025692631747 POWER=-0.08191105842274198
03-04 10:02:32.350   987  1216 I DbgLog  : IMU DEG=179.90025692631747
03-04 10:02:32.369   987  1216 I DbgLog  : IMU DEG ERROR=0.09974307368253169
03-04 10:02:34.585   987  1216 I DbgLog  : Turn: RAD=-3.1377778 DEG=-179.78142529513758 POWER=-0.08324458121937284
03-04 10:02:34.626   987  1216 I DbgLog  : Turn: RAD=-3.1377778 DEG=-179.78142529513758 POWER=-0.08457781791370877
03-04 10:02:34.653   987  1216 I DbgLog  : Turn: RAD=-3.1388888 DEG=-179.8450826582021 POWER=-0.08324458121937284
03-04 10:02:34.685   987  1216 I DbgLog  : Turn: RAD=-3.1388888 DEG=-179.8450826582021 POWER=-0.08324458121937284
03-04 10:02:34.724   987  1216 I DbgLog  : Turn: RAD=-3.1388888 DEG=-179.8450826582021 POWER=-0.08324458121937284
03-04 10:02:34.769   987  1216 I DbgLog  : Turn: RAD=-3.1388888 DEG=-179.8450826582021 POWER=-0.08324458121937284
03-04 10:02:34.810   987  1216 I DbgLog  : Turn: RAD=-3.1388888 DEG=-179.8450826582021 POWER=-0.08324458121937284
03-04 10:02:34.847   987  1216 I DbgLog  : Turn: RAD=-3.1388888 DEG=-179.8450826582021 POWER=-0.08324458121937284
03-04 10:02:34.893   987  1216 I DbgLog  : Turn: RAD=-3.1388888 DEG=-179.8450826582021 POWER=-0.08324458121937284
03-04 10:02:34.927   987  1216 I DbgLog  : Turn: RAD=-3.1388888 DEG=-179.8450826582021 POWER=-0.08324458121937284
03-04 10:02:34.981   987  1216 I DbgLog  : Turn: RAD=-3.1388888 DEG=-179.8450826582021 POWER=-0.08324458121937284
03-04 10:02:35.010   987  1216 I DbgLog  : Turn: RAD=-3.1388888 DEG=-179.8450826582021 POWER=-0.08324458121937284
03-04 10:02:35.050   987  1216 I DbgLog  : Turn: RAD=-3.1388888 DEG=-179.8450826582021 POWER=-0.08324458121937284
03-04 10:02:35.086   987  1216 I DbgLog  : Turn: RAD=-3.1388888 DEG=-179.8450826582021 POWER=-0.08324458121937284
03-04 10:02:35.110   987  1216 I DbgLog  : Turn: RAD=-3.1388888 DEG=-179.8450826582021 POWER=-0.08324458121937284
03-04 10:02:35.151   987  1216 I DbgLog  : Turn: RAD=-3.1388888 DEG=-179.8450826582021 POWER=-0.08324458121937284
03-04 10:02:35.198   987  1216 I DbgLog  : Turn: RAD=-3.1388888 DEG=-179.8450826582021 POWER=-0.08324458121937284
