--------- beginning of main
03-04 14:23:33.267   975  1162 V Robocol : received command: CMD_SET_MATCH_NUMBER(13153) 0
03-04 14:23:33.268   975  1162 V Robocol : received command: CMD_INIT_OP_MODE(13154) TeleV9
03-04 14:23:33.285   975  1163 I RobotCore: ******************** START - OPMODE TeleV9 ********************
03-04 14:23:33.290   975  1310 V RobotCore: thread: ...terminating 'OpModeThread'
03-04 14:23:33.293   975  1175 I RobotCore: Attempting to switch to op mode TeleV9
03-04 14:23:33.474   975  1175 D HardwareMap: Clearing which device instances have been retrieved
03-04 14:23:33.475   975  1175 D HardwareMap: Clearing which device instances have been retrieved
03-04 14:23:33.478   975  1312 V RobotCore: thread: 'OpModeThread' starting...
03-04 14:23:33.479   975  1312 I I2C     : Automatically initializing I2C device Rev2mDistanceSensor (USB (embedded); module 173; bus 2; addr7=0x29)
03-04 14:23:33.479   975  1312 D STMicroVL53L0X: : Checking to see if it's really a VL53L0X sensor...
03-04 14:23:33.482   975  1312 D STMicroVL53L0X: : Reg 0xC0 = ee (should be 0xEE)
03-04 14:23:33.485   975  1190 V Robocol : sending CMD_NOTIFY_INIT_OP_MODE(3519), attempt: 0
03-04 14:23:33.486   975  1312 D STMicroVL53L0X: : Reg 0xC1 = aa (should be 0xAA)
03-04 14:23:33.490   975  1312 D STMicroVL53L0X: : Reg 0xC2 = 10 (should be 0x10)
03-04 14:23:33.493   975  1312 D STMicroVL53L0X: : Reg 0x51 = 0 (should be 0x0099)
03-04 14:23:33.496   975  1312 D STMicroVL53L0X: : Reg 0x61 = 0 (should be 0x0000)
03-04 14:23:33.517   975  1312 D STMicroVL53L0X: : initial sig rate lim (MCPS) 0.250000
03-04 14:23:33.521   975  1312 D STMicroVL53L0X: : adjusted sig rate lim (MCPS) 0.250000
03-04 14:23:33.749   975  1312 V BNO055  : Suppressing I2C warnings while we check for a BNO055 IMU
03-04 14:23:33.752   975  1312 V BNO055  : Found BNO055 IMU
03-04 14:23:34.186   975  1312 V BNO055IMU: Now polling until IMU comes out of reset. It is normal to see I2C failures below
03-04 14:23:34.189   975  1312 V RobotCore: addr=false data=true arb=false clock=false
03-04 14:23:34.190   975  1312 E LynxI2cDeviceSynch: readStatusQuery: cbExpected=1 cbRead=0
03-04 14:23:34.190   975  1312 E LynxI2cDeviceSynch: placeholder: readStatusQuery
03-04 14:23:34.253   975  1312 V RobotCore: addr=false data=true arb=false clock=false
03-04 14:23:34.254   975  1312 E LynxI2cDeviceSynch: readStatusQuery: cbExpected=1 cbRead=0
03-04 14:23:34.417   975  1312 V BNO055IMU: IMU has come out of reset. No more I2C failures should occur.
03-04 14:23:36.584   975  1162 V Robocol : received command: CMD_RUN_OP_MODE(13207) TeleV9
03-04 14:23:36.605   975  1190 V Robocol : sending CMD_NOTIFY_RUN_OP_MODE(3566), attempt: 0
03-04 14:23:46.735   975   988 W BaseTaskApi: Closing an already closed native lib
03-04 14:23:46.740   975   988 W BaseTaskApi: Closing an already closed native lib
03-04 14:27:46.510   975  1162 V Robocol : received command: CMD_INIT_OP_MODE(21835) $Stop$Robot$
03-04 14:27:46.518   975  1163 I RobotCore: ******************** STOP - OPMODE /storage/emulated/0/FIRST/matchlogs/Match-0-TeleV9.txt ********************
03-04 14:27:46.527   975  1315 I RobotCore: saving match logcat to /storage/emulated/0/FIRST/matchlogs/Match-0-TeleV9.txt
03-04 14:27:46.528   975  1315 I RobotCore: logging command line: exec logcat -d -T '3-4 14:23:33.000' -f '/storage/emulated/0/FIRST/matchlogs/Match-0-TeleV9.txt' -n4 -v threadtime UsbRequestJNI:S UsbRequest:S art:W ThreadPool:W System:W ExtendedExtractor:W OMXClient:W MediaPlayer:W dalvikvm:W  *:V
03-04 14:27:46.529   975  1312 E LynxI2cDeviceSynch: placeholder: readTimestamped
03-04 14:27:46.532   975  1312 E LynxI2cDeviceSynch: placeholder: readTimestamped
03-04 14:27:46.532   975  1312 D RobotCore: User runOpModeMethod exited
03-04 14:27:46.535   975  1312 V RobotCore: thread: ...terminating 'OpModeThread'
03-04 14:27:46.539   975  1175 I RobotCore: Attempting to switch to op mode $Stop$Robot$
03-04 14:27:46.539   975  1175 D HardwareMap: Clearing which device instances have been retrieved
03-04 14:27:46.539   975  1175 D HardwareMap: Clearing which device instances have been retrieved
03-04 14:27:46.542   975  1319 V RobotCore: thread: 'OpModeThread' starting...
03-04 14:27:46.557   975  1319 I I2C     : Automatically initializing I2C device RevColorSensorV3 (USB (embedded); module 173; bus 3; addr7=0x52)
03-04 14:27:46.558   975  1319 V BroadcomColorSensorImpl: internalInitialize()...
03-04 14:27:46.565   975  1190 V Robocol : sending CMD_NOTIFY_INIT_OP_MODE(12200), attempt: 0
03-04 14:27:46.569   975  1319 V BroadcomColorSensorImpl: state: 07 37 20 1d 42 01 c2 
03-04 14:27:46.569   975  1319 V BroadcomColorSensorImpl: setGain(0x01)
03-04 14:27:46.572   975  1319 V BroadcomColorSensorImpl: setLEDParameters(0x37)
03-04 14:27:46.576   975  1319 V BroadcomColorSensorImpl: setProximityPulseCount(0x20)
03-04 14:27:46.578   975  1319 V BroadcomColorSensorImpl: setPSMeasRate(0x1d)
03-04 14:27:46.582   975  1319 V BroadcomColorSensorImpl: setLSMeasRate(0x42)
03-04 14:27:46.588   975  1319 V BroadcomColorSensorImpl: enable() enabled=0x07...
03-04 14:27:46.591   975  1162 V Robocol : received command: CMD_RUN_OP_MODE(21841) $Stop$Robot$
03-04 14:27:46.594   975  1319 V BroadcomColorSensorImpl: ...enable() enabled=0x07
