--------- beginning of main
03-03 16:32:47.638   971  1161 V Robocol : received command: CMD_SET_MATCH_NUMBER(19943) 0
03-03 16:32:47.639   971  1161 V Robocol : received command: CMD_INIT_OP_MODE(19944) AutoV10BlueRight
03-03 16:32:47.653   971  1162 I RobotCore: ******************** START - OPMODE AutoV10BlueRight ********************
03-03 16:32:47.660   971  1683 V RobotCore: thread: ...terminating 'OpModeThread'
03-03 16:32:47.666   971  1175 I RobotCore: Attempting to switch to op mode AutoV10BlueRight
03-03 16:32:47.830   971  1175 D HardwareMap: Clearing which device instances have been retrieved
03-03 16:32:47.830   971  1175 D HardwareMap: Clearing which device instances have been retrieved
03-03 16:32:47.832   971  1693 V RobotCore: thread: 'OpModeThread' starting...
03-03 16:32:47.834   971  1693 I I2C     : Automatically initializing I2C device Rev2mDistanceSensor (USB (embedded); module 173; bus 1; addr7=0x29)
03-03 16:32:47.834   971  1693 D STMicroVL53L0X: : Checking to see if it's really a VL53L0X sensor...
03-03 16:32:47.837   971  1693 D STMicroVL53L0X: : Reg 0xC0 = ee (should be 0xEE)
03-03 16:32:47.840   971  1693 D STMicroVL53L0X: : Reg 0xC1 = aa (should be 0xAA)
03-03 16:32:47.842   971  1693 D STMicroVL53L0X: : Reg 0xC2 = 10 (should be 0x10)
03-03 16:32:47.845   971  1693 D STMicroVL53L0X: : Reg 0x51 = 0 (should be 0x0099)
03-03 16:32:47.848   971  1693 D STMicroVL53L0X: : Reg 0x61 = 0 (should be 0x0000)
03-03 16:32:47.850   971  1189 V Robocol : sending CMD_NOTIFY_INIT_OP_MODE(10147), attempt: 0
03-03 16:32:47.868   971  1693 D STMicroVL53L0X: : initial sig rate lim (MCPS) 0.250000
03-03 16:32:47.872   971  1693 D STMicroVL53L0X: : adjusted sig rate lim (MCPS) 0.250000
03-03 16:32:48.067   971  1693 I I2C     : Automatically initializing I2C device Rev2mDistanceSensor (USB (embedded); module 173; bus 2; addr7=0x29)
03-03 16:32:48.067   971  1693 D STMicroVL53L0X: : Checking to see if it's really a VL53L0X sensor...
03-03 16:32:48.070   971  1693 D STMicroVL53L0X: : Reg 0xC0 = ee (should be 0xEE)
03-03 16:32:48.072   971  1693 D STMicroVL53L0X: : Reg 0xC1 = aa (should be 0xAA)
03-03 16:32:48.075   971  1693 D STMicroVL53L0X: : Reg 0xC2 = 10 (should be 0x10)
03-03 16:32:48.078   971  1693 D STMicroVL53L0X: : Reg 0x51 = 0 (should be 0x0099)
03-03 16:32:48.080   971  1693 D STMicroVL53L0X: : Reg 0x61 = 0 (should be 0x0000)
03-03 16:32:48.099   971  1693 D STMicroVL53L0X: : initial sig rate lim (MCPS) 0.250000
03-03 16:32:48.103   971  1693 D STMicroVL53L0X: : adjusted sig rate lim (MCPS) 0.250000
03-03 16:32:48.300   971  1693 I I2C     : Automatically initializing I2C device RevColorSensorV3 (USB (embedded); module 173; bus 3; addr7=0x52)
03-03 16:32:48.300   971  1693 V BroadcomColorSensorImpl: internalInitialize()...
03-03 16:32:48.310   971  1693 V BroadcomColorSensorImpl: state: 07 37 20 1d 42 01 c2 
03-03 16:32:48.310   971  1693 V BroadcomColorSensorImpl: setGain(0x01)
03-03 16:32:48.313   971  1693 V BroadcomColorSensorImpl: setLEDParameters(0x37)
03-03 16:32:48.316   971  1693 V BroadcomColorSensorImpl: setProximityPulseCount(0x20)
03-03 16:32:48.318   971  1693 V BroadcomColorSensorImpl: setPSMeasRate(0x1d)
03-03 16:32:48.321   971  1693 V BroadcomColorSensorImpl: setLSMeasRate(0x42)
03-03 16:32:48.327   971  1693 V BroadcomColorSensorImpl: enable() enabled=0x07...
03-03 16:32:48.332   971  1693 V BroadcomColorSensorImpl: ...enable() enabled=0x07
03-03 16:32:48.337   971  1693 V BroadcomColorSensorImpl: state: 07 37 20 1d 42 01 c2 
03-03 16:32:48.337   971  1693 V BroadcomColorSensorImpl: ...internalInitialize()
03-03 16:32:48.338   971  1693 I I2C     : Automatically initializing I2C device RevColorSensorV3 (USB (embedded); module 2; bus 1; addr7=0x52)
03-03 16:32:48.338   971  1693 V BroadcomColorSensorImpl: internalInitialize()...
03-03 16:32:48.348   971  1693 V BroadcomColorSensorImpl: state: 07 37 20 1d 42 01 c2 
03-03 16:32:48.348   971  1693 V BroadcomColorSensorImpl: setGain(0x01)
03-03 16:32:48.354   971  1693 V BroadcomColorSensorImpl: setLEDParameters(0x37)
03-03 16:32:48.360   971  1693 V BroadcomColorSensorImpl: setProximityPulseCount(0x20)
03-03 16:32:48.365   971  1693 V BroadcomColorSensorImpl: setPSMeasRate(0x1d)
03-03 16:32:48.370   971  1693 V BroadcomColorSensorImpl: setLSMeasRate(0x42)
03-03 16:32:48.378   971  1693 V BroadcomColorSensorImpl: enable() enabled=0x07...
03-03 16:32:48.388   971  1693 V BroadcomColorSensorImpl: ...enable() enabled=0x07
03-03 16:32:48.393   971  1693 V BroadcomColorSensorImpl: state: 07 37 20 1d 42 01 c2 
03-03 16:32:48.393   971  1693 V BroadcomColorSensorImpl: ...internalInitialize()
03-03 16:32:48.425   971  1693 V BNO055  : Suppressing I2C warnings while we check for a BNO055 IMU
03-03 16:32:48.428   971  1693 V BNO055  : Found BNO055 IMU
03-03 16:32:48.861   971  1693 V BNO055IMU: Now polling until IMU comes out of reset. It is normal to see I2C failures below
03-03 16:32:48.864   971  1693 V RobotCore: addr=false data=true arb=false clock=false
03-03 16:32:48.865   971  1693 E LynxI2cDeviceSynch: readStatusQuery: cbExpected=1 cbRead=0
03-03 16:32:48.865   971  1693 E LynxI2cDeviceSynch: placeholder: readStatusQuery
03-03 16:32:48.928   971  1693 V RobotCore: addr=false data=true arb=false clock=false
03-03 16:32:48.928   971  1693 E LynxI2cDeviceSynch: readStatusQuery: cbExpected=1 cbRead=0
03-03 16:32:49.092   971  1693 V BNO055IMU: IMU has come out of reset. No more I2C failures should occur.
03-03 16:32:49.138   971  1693 D Vuforia : using camera by direction (classic): BACK
03-03 16:32:49.229   971  1693 D skia    : JPEG Decode 89
03-03 16:32:49.330   971  1693 D Vuforia : Vuforia.init()...
03-03 16:32:49.342   971  1693 I AR      : Vuforia selected rendering API OpenGL ES 2.x
03-03 16:32:49.342   971  1693 I AR      : Vuforia SDK version 7.4.3
03-03 16:32:49.664   971  1693 D Vuforia : ...Vuforia.init()
03-03 16:32:50.008   971  1693 I AR      : ObjectTracker: This device doesn't support model targets extended tracking, extended tracking will be turned off
03-03 16:32:50.290   971  1189 V Robocol : sending CMD_STREAM_CHANGE(10172), attempt: 0
03-03 16:32:50.291   971  1189 V Robocol : sending CMD_STREAM_CHANGE(10173), attempt: 0
03-03 16:32:50.700   971  1735 I native  : Initializing object tracker. 272x153 @0x7ab152a514
03-03 16:32:50.703   971  1735 I native  : Initialized!
03-03 16:32:52.009   971  1736 I native  : Registering the position of 173971213 at 174.99,30.09,213.97,66.30
03-03 16:32:52.019   971  1736 I native  : Registering the position of 173971213 at 174.99,30.09,213.97,66.30 at time 790795113851
03-03 16:32:52.033   971  1736 I native  : Registering the position of 224032450 at 167.73,63.75,217.60,110.16
03-03 16:32:52.034   971  1736 I native  : Registering the position of 224032450 at 167.73,63.75,217.60,110.16 at time 790795113851
03-03 16:32:52.081   971  1737 I native  : Registering the position of 197123283 at 173.17,29.58,213.97,66.30
03-03 16:32:52.082   971  1737 I native  : Registering the position of 197123283 at 173.17,29.58,213.97,66.30 at time 790874848817
03-03 16:32:52.090   971  1737 I native  : Registering the position of 69959696 at 167.73,63.24,217.60,110.16
03-03 16:32:52.091   971  1737 I native  : Registering the position of 69959696 at 167.73,63.24,217.60,110.16 at time 790874848817
03-03 16:32:53.261   971  1736 I native  : Registering the position of 65705737 at 176.80,29.58,211.25,62.73
03-03 16:32:53.263   971  1736 I native  : Registering the position of 65705737 at 176.80,29.58,211.25,62.73 at time 792225517911
03-03 16:32:53.273   971  1736 I native  : Registering the position of 249380110 at 172.27,64.77,213.07,107.61
03-03 16:32:53.273   971  1736 I native  : Registering the position of 249380110 at 172.27,64.77,213.07,107.61 at time 792225517911
03-03 16:32:53.459   971  1737 I native  : Registering the position of 60912431 at 175.89,30.09,210.35,63.24
03-03 16:32:53.459   971  1737 I native  : Registering the position of 60912431 at 175.89,30.09,210.35,63.24 at time 792373479551
03-03 16:32:53.461   971  1737 I native  : Registering the position of 36736316 at 173.17,65.28,214.88,108.12
03-03 16:32:53.462   971  1737 I native  : Registering the position of 36736316 at 173.17,65.28,214.88,108.12 at time 792373479551
03-03 16:32:54.575   971  1736 I native  : Registering the position of 35429061 at 177.71,29.58,211.25,63.75
03-03 16:32:54.576   971  1736 I native  : Registering the position of 35429061 at 177.71,29.58,211.25,63.75 at time 793436715200
03-03 16:32:54.579   971  1736 I native  : Registering the position of 112466970 at 173.17,65.79,213.97,108.12
03-03 16:32:54.579   971  1736 I native  : Registering the position of 112466970 at 173.17,65.79,213.97,108.12 at time 793436715200
03-03 16:32:55.027   971  1737 I native  : Registering the position of 22811467 at 176.80,29.58,211.25,63.75
03-03 16:32:55.028   971  1737 I native  : Registering the position of 22811467 at 176.80,29.58,211.25,63.75 at time 793592581299
03-03 16:32:55.033   971  1737 I native  : Registering the position of 152518952 at 173.17,65.79,214.88,108.12
03-03 16:32:55.033   971  1737 I native  : Registering the position of 152518952 at 173.17,65.79,214.88,108.12 at time 793592581299
03-03 16:32:55.971   971  1736 I native  : Registering the position of 28384833 at 176.80,30.09,210.35,64.26
03-03 16:32:55.972   971  1736 I native  : Registering the position of 28384833 at 176.80,30.09,210.35,64.26 at time 794768823792
03-03 16:32:55.975   971  1736 I native  : Registering the position of 115859430 at 173.17,65.28,213.97,108.63
03-03 16:32:55.975   971  1736 I native  : Registering the position of 115859430 at 173.17,65.28,213.97,108.63 at time 794768823792
03-03 16:32:56.484   971  1737 I native  : Registering the position of 148281639 at 176.80,30.09,210.35,64.26
03-03 16:32:56.485   971  1737 I native  : Registering the position of 148281639 at 176.80,30.09,210.35,64.26 at time 795185525084
03-03 16:32:56.489   971  1737 I native  : Registering the position of 20137940 at 172.27,65.79,213.97,108.63
03-03 16:32:56.490   971  1737 I native  : Registering the position of 20137940 at 172.27,65.79,213.97,108.63 at time 795185525084
03-03 16:32:57.392   971  1736 I native  : Registering the position of 78667133 at 176.80,29.58,210.35,63.75
03-03 16:32:57.393   971  1736 I native  : Registering the position of 78667133 at 176.80,29.58,210.35,63.75 at time 796115280344
03-03 16:32:57.396   971  1736 I native  : Registering the position of 121771122 at 172.27,65.28,213.97,108.12
03-03 16:32:57.397   971  1736 I native  : Registering the position of 121771122 at 172.27,65.28,213.97,108.12 at time 796115280344
03-03 16:32:57.702   971  1737 I native  : Registering the position of 193568963 at 176.80,30.09,211.25,63.75
03-03 16:32:57.703   971  1737 I native  : Registering the position of 193568963 at 176.80,30.09,211.25,63.75 at time 796599908476
03-03 16:32:57.706   971  1737 I native  : Registering the position of 40308032 at 173.17,65.28,214.88,108.63
03-03 16:32:57.706   971  1737 I native  : Registering the position of 40308032 at 173.17,65.28,214.88,108.63 at time 796599908476
03-03 16:32:58.531   971  1736 I native  : Registering the position of 191517817 at 176.80,29.58,210.35,63.75
03-03 16:32:58.532   971  1736 I native  : Registering the position of 191517817 at 176.80,29.58,210.35,63.75 at time 797504062984
03-03 16:32:58.535   971  1736 I native  : Registering the position of 10028478 at 172.27,65.79,213.97,108.63
03-03 16:32:58.535   971  1736 I native  : Registering the position of 10028478 at 172.27,65.79,213.97,108.63 at time 797504062984
03-03 16:32:59.112   971  1737 I native  : Registering the position of 266044959 at 177.71,29.58,211.25,63.75
03-03 16:32:59.116   971  1737 I native  : Registering the position of 266044959 at 177.71,29.58,211.25,63.75 at time 797849558227
03-03 16:32:59.122   971  1737 I native  : Registering the position of 240106860 at 172.27,65.28,213.97,108.63
03-03 16:32:59.122   971  1737 I native  : Registering the position of 240106860 at 172.27,65.28,213.97,108.63 at time 797849558227
03-03 16:32:59.921   971  1736 I native  : Registering the position of 20102965 at 175.89,29.58,210.35,63.75
03-03 16:32:59.922   971  1736 I native  : Registering the position of 20102965 at 175.89,29.58,210.35,63.75 at time 798715285939
03-03 16:32:59.927   971  1736 I native  : Registering the position of 14401482 at 173.17,65.79,213.97,108.63
03-03 16:32:59.927   971  1736 I native  : Registering the position of 14401482 at 173.17,65.79,213.97,108.63 at time 798715285939
03-03 16:33:00.406   971  1737 I native  : Registering the position of 37512507 at 176.80,29.58,211.25,64.26
03-03 16:33:00.407   971  1737 I native  : Registering the position of 37512507 at 176.80,29.58,211.25,64.26 at time 799288957580
03-03 16:33:00.411   971  1737 I native  : Registering the position of 20005976 at 172.27,65.28,213.97,108.12
03-03 16:33:00.411   971  1737 I native  : Registering the position of 20005976 at 172.27,65.28,213.97,108.12 at time 799288957580
03-03 16:33:01.279   971  1736 I native  : Registering the position of 148707761 at 175.89,30.09,210.35,63.75
03-03 16:33:01.280   971  1736 I native  : Registering the position of 148707761 at 175.89,30.09,210.35,63.75 at time 800090740577
03-03 16:33:01.283   971  1736 I native  : Registering the position of 64884374 at 172.27,65.79,213.97,108.63
03-03 16:33:01.283   971  1736 I native  : Registering the position of 64884374 at 172.27,65.79,213.97,108.63 at time 800090740577
03-03 16:33:01.913   971  1737 I native  : Registering the position of 201464343 at 176.80,29.58,210.35,63.75
03-03 16:33:01.914   971  1737 I native  : Registering the position of 201464343 at 176.80,29.58,210.35,63.75 at time 800504801993
03-03 16:33:01.925   971  1737 I native  : Registering the position of 94522884 at 172.27,65.28,213.97,108.12
03-03 16:33:01.925   971  1737 I native  : Registering the position of 94522884 at 172.27,65.28,213.97,108.12 at time 800504801993
03-03 16:33:02.435   971  1736 I native  : Registering the position of 83402733 at 175.89,29.58,209.44,63.24
03-03 16:33:02.435   971  1736 I native  : Registering the position of 83402733 at 175.89,29.58,209.44,63.24 at time 801390342332
03-03 16:33:02.438   971  1736 I native  : Registering the position of 216301090 at 172.27,65.28,213.07,108.12
03-03 16:33:02.438   971  1736 I native  : Registering the position of 216301090 at 172.27,65.28,213.07,108.12 at time 801390342332
03-03 16:33:03.517   971  1736 I native  : Registering the position of 201605299 at 176.80,29.58,210.35,63.75
03-03 16:33:03.518   971  1736 I native  : Registering the position of 201605299 at 176.80,29.58,210.35,63.75 at time 802560217450
03-03 16:33:03.520   971  1736 I native  : Registering the position of 116934256 at 172.27,65.28,213.07,108.12
03-03 16:33:03.520   971  1736 I native  : Registering the position of 116934256 at 172.27,65.28,213.07,108.12 at time 802560217450
03-03 16:33:04.893   971  1736 I native  : Registering the position of 130829801 at 176.80,30.09,211.25,64.26
03-03 16:33:04.893   971  1736 I native  : Registering the position of 130829801 at 176.80,30.09,211.25,64.26 at time 803616807181
03-03 16:33:04.914   971  1736 I native  : Registering the position of 217078382 at 172.27,65.28,213.97,108.63
03-03 16:33:04.914   971  1736 I native  : Registering the position of 217078382 at 172.27,65.28,213.97,108.63 at time 803616807181
03-03 16:33:05.040   971  1737 I native  : Registering the position of 217593103 at 176.80,29.58,210.35,63.75
03-03 16:33:05.041   971  1737 I native  : Registering the position of 217593103 at 176.80,29.58,210.35,63.75 at time 803743369819
03-03 16:33:05.045   971  1737 I native  : Registering the position of 242440604 at 174.08,64.77,214.88,107.61
03-03 16:33:05.046   971  1737 I native  : Registering the position of 242440604 at 174.08,64.77,214.88,107.61 at time 803743369819
03-03 16:33:06.316   971  1736 I native  : Registering the position of 118677413 at 175.89,29.58,210.35,63.75
03-03 16:33:06.316   971  1736 I native  : Registering the position of 118677413 at 175.89,29.58,210.35,63.75 at time 805059284784
03-03 16:33:06.321   971  1736 I native  : Registering the position of 30125946 at 172.27,65.28,213.97,108.63
03-03 16:33:06.322   971  1736 I native  : Registering the position of 30125946 at 172.27,65.28,213.97,108.63 at time 805059284784
03-03 16:33:06.420   971  1737 I native  : Registering the position of 93131563 at 176.80,30.09,210.35,63.75
03-03 16:33:06.420   971  1737 I native  : Registering the position of 93131563 at 176.80,30.09,210.35,63.75 at time 805185493922
03-03 16:33:06.423   971  1737 I native  : Registering the position of 120222600 at 172.27,65.28,213.97,108.63
03-03 16:33:06.423   971  1737 I native  : Registering the position of 120222600 at 172.27,65.28,213.97,108.63 at time 805185493922
03-03 16:33:07.572   971  1737 I native  : Registering the position of 259445025 at 176.80,29.07,211.25,63.24
03-03 16:33:07.572   971  1737 I native  : Registering the position of 259445025 at 176.80,29.07,211.25,63.24 at time 806599506022
03-03 16:33:07.574   971  1737 I native  : Registering the position of 164972870 at 172.27,65.28,213.97,108.12
03-03 16:33:07.574   971  1737 I native  : Registering the position of 164972870 at 172.27,65.28,213.97,108.12 at time 806599506022
03-03 16:33:08.936   971  1737 I native  : Registering the position of 239580935 at 175.89,29.07,209.44,63.75
03-03 16:33:08.937   971  1737 I native  : Registering the position of 239580935 at 175.89,29.07,209.44,63.75 at time 807681429048
03-03 16:33:08.940   971  1737 I native  : Registering the position of 79118388 at 173.17,65.28,214.88,108.63
03-03 16:33:08.941   971  1737 I native  : Registering the position of 79118388 at 173.17,65.28,214.88,108.63 at time 807681429048
03-03 16:33:09.044   971  1736 I native  : Registering the position of 63856221 at 176.80,29.58,211.25,63.75
03-03 16:33:09.044   971  1736 I native  : Registering the position of 63856221 at 176.80,29.58,211.25,63.75 at time 807813105478
03-03 16:33:09.047   971  1736 I native  : Registering the position of 143438802 at 173.17,65.28,213.97,108.12
03-03 16:33:09.047   971  1736 I native  : Registering the position of 143438802 at 173.17,65.28,213.97,108.12 at time 807813105478
03-03 16:33:10.228   971  1737 I native  : Registering the position of 153009315 at 176.80,29.58,211.25,64.77
03-03 16:33:10.228   971  1737 I native  : Registering the position of 153009315 at 176.80,29.58,211.25,64.77 at time 809145781070
03-03 16:33:10.231   971  1737 I native  : Registering the position of 144845728 at 172.27,65.28,213.97,108.12
03-03 16:33:10.231   971  1737 I native  : Registering the position of 144845728 at 172.27,65.28,213.97,108.12 at time 809145781070
03-03 16:33:10.552   971  1736 I native  : Registering the position of 68649817 at 176.80,29.58,210.35,63.75
03-03 16:33:10.552   971  1736 I native  : Registering the position of 68649817 at 176.80,29.58,210.35,63.75 at time 809289620876
03-03 16:33:10.559   971  1736 I native  : Registering the position of 132004638 at 173.17,65.28,214.88,108.63
03-03 16:33:10.560   971  1736 I native  : Registering the position of 132004638 at 173.17,65.28,214.88,108.63 at time 809289620876
03-03 16:33:11.366   971  1115 V FtcWebSocket: Opening websocket (ip=192.168.43.44/192.168.43.44 port=8081)
03-03 16:33:11.702   971  1737 I native  : Registering the position of 137624597 at 176.80,29.58,211.25,64.26
03-03 16:33:11.703   971  1737 I native  : Registering the position of 137624597 at 176.80,29.58,211.25,64.26 at time 810331483772
03-03 16:33:11.707   971  1737 I native  : Registering the position of 36629290 at 172.27,65.28,213.97,108.63
03-03 16:33:11.708   971  1737 I native  : Registering the position of 36629290 at 172.27,65.28,213.97,108.63 at time 810331483772
03-03 16:33:11.924   971  1736 I native  : Registering the position of 102571291 at 175.89,29.58,210.35,64.26
03-03 16:33:11.925   971  1736 I native  : Registering the position of 102571291 at 175.89,29.58,210.35,64.26 at time 810726892229
03-03 16:33:11.928   971  1736 I native  : Registering the position of 119918264 at 172.27,65.28,213.97,108.12
03-03 16:33:11.929   971  1736 I native  : Registering the position of 119918264 at 172.27,65.28,213.97,108.12 at time 810726892229
03-03 16:33:12.289   971  1115 V WebSocketManager: Subscribed websocket (ip=192.168.43.44/192.168.43.44 port=8081) to namespace (ONBOTJAVA)
03-03 16:33:12.499   971  1738 V ProgrammingModeManager: serve uri=/java/file/save
03-03 16:33:12.581   971  1742 V ProgrammingModeManager: serve uri=/java/file/get
03-03 16:33:13.011   971  1737 I native  : Registering the position of 174408849 at 176.80,29.58,210.35,63.75
03-03 16:33:13.012   971  1737 I native  : Registering the position of 174408849 at 176.80,29.58,210.35,63.75 at time 811828023548
03-03 16:33:13.015   971  1737 I native  : Registering the position of 19435510 at 172.27,65.28,213.97,108.63
03-03 16:33:13.015   971  1737 I native  : Registering the position of 19435510 at 172.27,65.28,213.97,108.63 at time 811828023548
03-03 16:33:13.386   971  1736 I native  : Registering the position of 140931063 at 175.89,29.07,210.35,64.26
03-03 16:33:13.386   971  1736 I native  : Registering the position of 140931063 at 175.89,29.07,210.35,64.26 at time 812131443245
03-03 16:33:13.389   971  1736 I native  : Registering the position of 163913316 at 172.27,65.28,213.97,109.14
03-03 16:33:13.389   971  1736 I native  : Registering the position of 163913316 at 172.27,65.28,213.97,109.14 at time 812131443245
03-03 16:33:14.408   971  1737 I native  : Registering the position of 222672258 at 175.89,29.58,210.35,63.75
03-03 16:33:14.412   971  1737 I native  : Registering the position of 222672258 at 175.89,29.58,210.35,63.75 at time 813147283055
03-03 16:33:14.415   971  1737 I native  : Registering the position of 143135891 at 172.27,65.28,214.88,109.14
03-03 16:33:14.418   971  1737 I native  : Registering the position of 143135891 at 172.27,65.28,214.88,109.14 at time 813147283055
03-03 16:33:14.920   971  1161 V Robocol : received command: CMD_RUN_OP_MODE(20217) AutoV10BlueRight
03-03 16:33:14.924   971  1736 I native  : Registering the position of 82296016 at 176.80,29.07,210.35,63.75
03-03 16:33:14.925   971  1736 I native  : Registering the position of 82296016 at 176.80,29.07,210.35,63.75 at time 813620318311
03-03 16:33:14.928   971  1736 I native  : Registering the position of 185791689 at 173.17,65.28,213.97,108.12
03-03 16:33:14.929   971  1736 I native  : Registering the position of 185791689 at 173.17,65.28,213.97,108.12 at time 813620318311
03-03 16:33:14.971   971  1189 V Robocol : sending CMD_NOTIFY_RUN_OP_MODE(10416), attempt: 0
03-03 16:33:15.969   971  1737 I native  : Registering the position of 169715662 at 176.80,29.58,211.25,63.75
03-03 16:33:15.971   971  1737 I native  : Registering the position of 169715662 at 176.80,29.58,211.25,63.75 at time 814636189622
03-03 16:33:15.981   971  1737 I native  : Registering the position of 253060847 at 172.27,65.28,213.97,108.12
03-03 16:33:15.983   971  1737 I native  : Registering the position of 253060847 at 172.27,65.28,213.97,108.12 at time 814636189622
03-03 16:33:16.146   971  1736 I native  : Registering the position of 223598076 at 177.71,30.09,210.35,63.75
03-03 16:33:16.146   971  1736 I native  : Registering the position of 223598076 at 177.71,30.09,210.35,63.75 at time 815017090868
03-03 16:33:16.150   971  1736 I native  : Registering the position of 80548997 at 173.17,65.28,214.88,108.12
03-03 16:33:16.151   971  1736 I native  : Registering the position of 80548997 at 173.17,65.28,214.88,108.12 at time 815017090868
03-03 16:33:17.507   971  1737 I native  : Registering the position of 191918810 at 175.89,29.58,210.35,63.75
03-03 16:33:17.507   971  1737 I native  : Registering the position of 191918810 at 175.89,29.58,210.35,63.75 at time 816135578981
03-03 16:33:17.511   971  1737 I native  : Registering the position of 8094475 at 172.27,65.28,213.97,108.12
03-03 16:33:17.511   971  1737 I native  : Registering the position of 8094475 at 172.27,65.28,213.97,108.12 at time 816135578981
03-03 16:33:17.781   971  1736 I native  : Registering the position of 201741800 at 176.80,29.58,211.25,63.75
03-03 16:33:17.782   971  1736 I native  : Registering the position of 201741800 at 176.80,29.58,211.25,63.75 at time 816305264248
03-03 16:33:17.786   971  1736 I native  : Registering the position of 105870337 at 172.27,65.28,213.97,108.63
03-03 16:33:17.786   971  1736 I native  : Registering the position of 105870337 at 172.27,65.28,213.97,108.63 at time 816305264248
03-03 16:33:19.799   971  1693 I DbgLog  : Turn: RAD=-0.062222224 DEG=-3.565070811584458 POWER=0.15466666847467422
03-03 16:33:19.851   971  1693 I DbgLog  : Turn: RAD=-0.062222224 DEG=-3.437746693945311 POWER=0.15466666847467422
03-03 16:33:19.882   971  1693 I DbgLog  : Turn: RAD=-0.052222222 DEG=-2.7374651141470636 POWER=0.14666666716337204
03-03 16:33:19.926   971  1693 I DbgLog  : Turn: RAD=-0.033333335 DEG=-1.782535405792229 POWER=0.13333333462476732
03-03 16:33:19.982   971  1693 I DbgLog  : Turn: RAD=-0.022222223 DEG=-1.018591660452702 POWER=0.10933333292603492
03-03 16:33:20.021   971  1693 I DbgLog  : Turn: RAD=-0.0044444446 DEG=-0.12732395755658776 POWER=0.09333333365619183
03-03 16:33:20.042   971  1693 I DbgLog  : IMU DEG=0.18249263612261046
03-03 16:33:20.047   971  1693 I DbgLog  : IMU DEG ERROR=-0.30983469634854144
03-03 16:33:23.672   971  1693 I DbgLog  : IMU DEG=0.9464356210699835
03-03 16:33:23.680   971  1693 I DbgLog  : IMU DEG ERROR=-1.13743503102022
03-03 16:33:23.740   971  1693 I DbgLog  : Turn: RAD=0.026518647 DEG=1.5194065301640132 POWER=0.5
03-03 16:33:23.770   971  1693 I DbgLog  : Turn: RAD=0.025407616 DEG=1.4557491670994942 POWER=0.5
03-03 16:33:23.803   971  1693 I DbgLog  : Turn: RAD=0.038740937 DEG=2.9836351636746667 POWER=0.5
03-03 16:33:23.824   971  1693 I DbgLog  : Turn: RAD=0.0831855 DEG=5.784750597253668 POWER=0.5
03-03 16:33:23.848   971  1693 I DbgLog  : Turn: RAD=0.119851895 DEG=7.949264439100565 POWER=0.5
03-03 16:33:23.876   971  1693 I DbgLog  : Turn: RAD=0.18096286 DEG=11.57800734134494 POWER=0.5
03-03 16:33:23.908   971  1693 I DbgLog  : Turn: RAD=0.22318536 DEG=13.997151062336735 POWER=0.5
03-03 16:33:23.936   971  1693 I DbgLog  : Turn: RAD=0.31874067 DEG=19.72672354949363 POWER=0.5
03-03 16:33:23.970   971  1693 I DbgLog  : Turn: RAD=0.3698519 DEG=22.65518081651494 POWER=0.5
03-03 16:33:24.003   971  1693 I DbgLog  : Turn: RAD=0.47540742 DEG=28.766724802815627 POWER=0.5
03-03 16:33:24.051   971  1693 I DbgLog  : Turn: RAD=0.61096317 DEG=36.53349683257721 POWER=0.5
03-03 16:33:24.085   971  1693 I DbgLog  : Turn: RAD=0.6909631 DEG=41.05349745923821 POWER=0.5
03-03 16:33:24.119   971  1693 I DbgLog  : Turn: RAD=0.769852 DEG=45.5734980858992 POWER=0.5
03-03 16:33:24.155   971  1693 I DbgLog  : Turn: RAD=0.9009631 DEG=53.08561334264603 POWER=0.5
03-03 16:33:24.179   971  1693 I DbgLog  : Turn: RAD=0.9531854 DEG=56.14138533579637 POWER=0.5
03-03 16:33:24.201   971  1693 I DbgLog  : Turn: RAD=1.0342964 DEG=59.26081810710582 POWER=0.5
03-03 16:33:24.238   971  1693 I DbgLog  : Turn: RAD=1.0854076 DEG=63.7171613707023 POWER=0.5
03-03 16:33:24.277   971  1693 I DbgLog  : Turn: RAD=1.2176298 DEG=71.35659135357817 POWER=0.5
03-03 16:33:24.307   971  1693 I DbgLog  : Turn: RAD=1.2976297 DEG=75.87659198023916 POWER=0.5
03-03 16:33:24.334   971  1693 I DbgLog  : Turn: RAD=1.3776296 DEG=78.9323639733895 POWER=0.5
03-03 16:33:24.360   971  1693 I DbgLog  : Turn: RAD=1.4565185 DEG=83.4523646000505 POWER=0.5
03-03 16:33:24.390   971  1693 I DbgLog  : Turn: RAD=1.5098518 DEG=86.50813659320085 POWER=0.5
03-03 16:33:24.415   971  1693 I DbgLog  : Turn: RAD=1.5887407 DEG=91.02813721986185 POWER=0.5
03-03 16:33:24.440   971  1693 I DbgLog  : Turn: RAD=1.6398519 DEG=95.4208231203938 POWER=0.5
03-03 16:33:24.462   971  1693 I DbgLog  : Turn: RAD=1.7187408 DEG=98.47659511354415 POWER=0.5
03-03 16:33:24.496   971  1693 I DbgLog  : Turn: RAD=1.768741 DEG=102.80562365101159 POWER=0.5
03-03 16:33:24.521   971  1693 I DbgLog  : Turn: RAD=1.8687409 DEG=107.07096750465783 POWER=0.5
03-03 16:33:24.544   971  1693 I DbgLog  : Turn: RAD=1.9209632 DEG=110.06308213474367 POWER=0.5
03-03 16:33:24.574   971  1693 I DbgLog  : Turn: RAD=1.9965185 DEG=114.39208335145442 POWER=0.5
03-03 16:33:24.594   971  1693 I DbgLog  : Turn: RAD=2.0487406 DEG=118.84841978486173 POWER=0.5
03-03 16:33:24.640   971  1693 I DbgLog  : Turn: RAD=2.1242964 DEG=124.76899168196887 POWER=0.5
03-03 16:33:24.682   971  1693 I DbgLog  : Turn: RAD=2.2798517 DEG=130.6258788952548 POWER=0.5
03-03 16:33:24.707   971  1693 I DbgLog  : Turn: RAD=2.3320742 DEG=135.08223581922962 POWER=0.5
03-03 16:33:24.743   971  1693 I DbgLog  : Turn: RAD=2.4376297 DEG=139.66589380895513 POWER=0.5
03-03 16:33:24.766   971  1693 I DbgLog  : Turn: RAD=2.490963 DEG=144.31322282212352 POWER=0.5
03-03 16:33:24.799   971  1693 I DbgLog  : Turn: RAD=2.5720742 DEG=148.89688081184903 POWER=0.5
03-03 16:33:24.820   971  1693 I DbgLog  : Turn: RAD=2.6531851 DEG=152.01631016806388 POWER=0.5
03-03 16:33:24.852   971  1693 I DbgLog  : Turn: RAD=2.7331853 DEG=156.59998181816775 POWER=0.5
03-03 16:33:24.900   971  1693 I DbgLog  : Turn: RAD=2.8131852 DEG=161.18363980789326 POWER=0.45675562858265406
03-03 16:33:24.943   971  1693 I DbgLog  : Turn: RAD=2.9676297 DEG=170.03265531164337 POWER=0.3007554912535525
03-03 16:33:24.975   971  1693 I DbgLog  : Turn: RAD=3.039852 DEG=174.17068443916057 POWER=0.17942208289783962
03-03 16:33:25.015   971  1693 I DbgLog  : Turn: RAD=3.1276298 DEG=-179.5904395455657 POWER=0.14742218970936305
03-03 16:33:25.049   971  1693 I DbgLog  : Turn: RAD=-3.0977778 DEG=-176.47099652897248 POWER=-0.11124455451649197
03-03 16:33:25.106   971  1693 I DbgLog  : Turn: RAD=-3.0166667 DEG=-172.84226728710647 POWER=-0.1339112186400271
03-03 16:33:25.145   971  1693 I DbgLog  : Turn: RAD=-3.0233333 DEG=-173.22423878625025 POWER=-0.14857796668690212
03-03 16:33:25.211   971  1693 I DbgLog  : Turn: RAD=-3.0433333 DEG=-174.6248100566964 POWER=-0.1299112224547244
03-03 16:33:25.264   971  1693 I DbgLog  : Turn: RAD=-3.068889 DEG=-175.83438191719227 POWER=-0.10724448203724392
03-03 16:33:25.337   971  1693 I DbgLog  : Turn: RAD=-3.0844445 DEG=-176.91663905155914 POWER=-0.15791127204578886
03-03 16:33:25.372   971  1693 I DbgLog  : Turn: RAD=-3.1033332 DEG=-178.12621091205503 POWER=-0.13124453544300566
03-03 16:33:25.413   971  1693 I DbgLog  : Turn: RAD=-3.13 DEG=-179.33579643292927 POWER=-0.11257779121082792
03-03 16:33:25.444   971  1693 I DbgLog  : Turn: RAD=3.1398518 DEG=179.90025692631747 POWER=-0.08857781409901151
03-03 16:33:25.465   971  1693 I DbgLog  : IMU DEG=179.51828542717368
03-03 16:33:25.470   971  1693 I DbgLog  : IMU DEG ERROR=0.6090292989553624
03-03 16:33:26.012   971  1693 I DbgLog  : Turn: RAD=3.0976298 DEG=177.48111320532567 POWER=0.13275544166248807
03-03 16:33:26.052   971  1693 I DbgLog  : Turn: RAD=3.100963 DEG=177.7994136810266 POWER=0.13142220496815213
03-03 16:33:26.076   971  1693 I DbgLog  : Turn: RAD=3.1065185 DEG=178.11772781710587 POWER=0.12475544929188259
03-03 16:33:26.116   971  1693 I DbgLog  : Turn: RAD=3.1154075 DEG=178.49969931624966 POWER=0.11675545692127713
03-03 16:33:26.158   971  1693 I DbgLog  : Turn: RAD=3.1231852 DEG=178.945328178458 POWER=0.10875546455067166
03-03 16:33:26.202   971  1693 I DbgLog  : Turn: RAD=3.1276298 DEG=179.39097070104464 POWER=0.09942223548573026
03-03 16:33:26.217   971  1693 I DbgLog  : IMU DEG=179.83659956325295
03-03 16:33:26.224   971  1693 I DbgLog  : IMU DEG ERROR=0.16340043674705051
03-03 16:33:27.400   971  1693 I DbgLog  : Turn: RAD=-3.1366668 DEG=-179.6540969086302 POWER=-0.08857781409901151
03-03 16:33:27.426   971  1693 I DbgLog  : Turn: RAD=-3.1288888 DEG=-179.27212540948642 POWER=-0.0912445735899783
03-03 16:33:27.463   971  1693 I DbgLog  : Turn: RAD=-3.1166666 DEG=-178.57183977426334 POWER=-0.10191132545155057
03-03 16:33:27.491   971  1693 I DbgLog  : Turn: RAD=-3.1211112 DEG=-178.95381127340715 POWER=-0.10857779502552517
03-03 16:33:27.536   971  1693 I DbgLog  : Turn: RAD=-3.1344445 DEG=-179.78142529513758 POWER=-0.09791104316395291
03-03 16:33:27.564   971  1693 I DbgLog  : Turn: RAD=3.140963 DEG=179.83659956325295 POWER=-0.08191105842274198
03-03 16:33:27.582   971  1693 I DbgLog  : IMU DEG=179.70927117674557
03-03 16:33:27.599   971  1693 I DbgLog  : IMU DEG ERROR=0.2907288232544282
03-03 16:33:28.118   971  1693 I DbgLog  : Turn: RAD=-3.1344445 DEG=-179.5904395455657 POWER=-0.08857781409901151
03-03 16:33:28.167   971  1693 I DbgLog  : Turn: RAD=-3.1333334 DEG=-179.52678218250117 POWER=-0.08857781409901151
03-03 16:33:28.198   971  1693 I DbgLog  : Turn: RAD=-3.1388888 DEG=-179.8450826582021 POWER=-0.08591105460804471
03-03 16:33:28.235   971  1693 I DbgLog  : Turn: RAD=3.140963 DEG=179.96392794976032 POWER=-0.08191105842274198
03-03 16:33:28.272   971  1693 I DbgLog  : IMU DEG=179.77294220018842
03-03 16:33:28.280   971  1693 I DbgLog  : IMU DEG ERROR=0.22705779981156937
03-03 16:33:29.922   971  1693 I DbgLog  : IMU DEG=179.70927117674557
03-03 16:33:29.927   971  1693 I DbgLog  : IMU DEG ERROR=0.3543861863189471
03-03 16:33:32.400   971  1693 I DbgLog  : Turn: RAD=-3.1388888 DEG=-179.8450826582021 POWER=-0.08324458121937284
03-03 16:33:32.448   971  1693 I DbgLog  : Turn: RAD=-3.1388888 DEG=-179.90875368164495 POWER=-0.08457781791370877
03-03 16:33:32.503   971  1693 I DbgLog  : Turn: RAD=3.140963 DEG=179.90025692631747 POWER=-5.778217284060361E-4
03-03 16:33:32.531   971  1693 I DbgLog  : IMU DEG=179.77294220018842
03-03 16:33:32.538   971  1693 I DbgLog  : IMU DEG ERROR=0.22705779981156937
03-03 16:33:34.166   971  1693 I DbgLog  : Turn: RAD=3.1365185 DEG=179.77294220018842 POWER=-0.5
03-03 16:33:34.186   971  1693 I DbgLog  : Turn: RAD=3.1365185 DEG=179.70927117674557 POWER=-0.5
03-03 16:33:34.206   971  1693 I DbgLog  : Turn: RAD=3.1187408 DEG=178.69068506582158 POWER=-0.5
03-03 16:33:34.228   971  1693 I DbgLog  : Turn: RAD=3.0898519 DEG=177.03547068273903 POWER=-0.5
03-03 16:33:34.257   971  1693 I DbgLog  : Turn: RAD=3.0631852 DEG=174.74364168787625 POWER=-0.5
03-03 16:33:34.283   971  1693 I DbgLog  : Turn: RAD=3.0176296 DEG=171.6242123316614 POWER=-0.5
03-03 16:33:34.301   971  1693 I DbgLog  : Turn: RAD=2.970963 DEG=168.7594124277046 POWER=-0.5
03-03 16:33:34.325   971  1693 I DbgLog  : Turn: RAD=2.920963 DEG=166.02195457063354 POWER=-0.5
03-03 16:33:34.346   971  1693 I DbgLog  : Turn: RAD=2.8531852 DEG=163.475468802756 POWER=-0.5
03-03 16:33:34.385   971  1693 I DbgLog  : Turn: RAD=2.7876296 DEG=158.19152517780745 POWER=-0.5
03-03 16:33:34.431   971  1693 I DbgLog  : Turn: RAD=2.652074 DEG=151.95265280499936 POWER=-0.5
03-03 16:33:34.452   971  1693 I DbgLog  : Turn: RAD=2.6020741 DEG=149.08786656142092 POWER=-0.5
03-03 16:33:34.476   971  1693 I DbgLog  : Turn: RAD=2.549852 DEG=144.50420857169541 POWER=-0.5
03-03 16:33:34.509   971  1693 I DbgLog  : Turn: RAD=2.4665186 DEG=139.66589380895513 POWER=-0.5
03-03 16:33:34.530   971  1693 I DbgLog  : Turn: RAD=2.3831851 DEG=136.54645079236192 POWER=-0.5
03-03 16:33:34.551   971  1693 I DbgLog  : Turn: RAD=2.3309631 DEG=132.02645016570094 POWER=-0.5
03-03 16:33:34.581   971  1693 I DbgLog  : Turn: RAD=2.250963 DEG=127.44279217597541 POWER=-0.5
03-03 16:33:34.622   971  1693 I DbgLog  : Turn: RAD=2.1431854 DEG=121.2675908266102 POWER=-0.5
03-03 16:33:34.646   971  1693 I DbgLog  : Turn: RAD=2.0920742 DEG=118.40279092265342 POWER=-0.5
03-03 16:33:34.704   971  1693 I DbgLog  : Turn: RAD=1.9587411 DEG=110.69971040690221 POWER=-0.5
03-03 16:33:34.751   971  1693 I DbgLog  : Turn: RAD=1.828741 DEG=103.31490987628442 POWER=-0.5
03-03 16:33:34.773   971  1693 I DbgLog  : Turn: RAD=1.7509631 DEG=98.85856661268795 POWER=-0.5
03-03 16:33:34.814   971  1693 I DbgLog  : Turn: RAD=1.6742963 DEG=94.40222334909147 POWER=-0.5
03-03 16:33:34.863   971  1693 I DbgLog  : Turn: RAD=1.5131854 DEG=86.69913600315108 POWER=-0.44841226842791265
03-03 16:33:34.911   971  1693 I DbgLog  : Turn: RAD=1.3809632 DEG=77.6591347498291 POWER=-0.2550792148390455
03-03 16:33:34.951   971  1693 I DbgLog  : Turn: RAD=1.2776297 DEG=73.20279148623261 POWER=-0.12841257360369393
03-03 16:33:34.984   971  1693 I DbgLog  : Turn: RAD=1.2098521 DEG=68.10984727123426 POWER=-0.09241239812761971
03-03 16:33:35.043   971  1693 I DbgLog  : Turn: RAD=1.0920743 DEG=61.6799891488543 POWER=0.17025426599591542
03-03 16:33:35.092   971  1693 I DbgLog  : Turn: RAD=1.040963 DEG=59.51547488012058 POWER=0.2075876781663256
03-03 16:33:35.135   971  1693 I DbgLog  : Turn: RAD=1.0565189 DEG=60.53407465142292 POWER=0.21025415155499746
03-03 16:33:35.172   971  1693 I DbgLog  : Turn: RAD=1.078741 DEG=62.06196064799809 POWER=0.18492093774884513
03-03 16:33:35.232   971  1693 I DbgLog  : Turn: RAD=1.1054076 DEG=63.78081873376682 POWER=0.15825391504376699
03-03 16:33:35.260   971  1693 I DbgLog  : Turn: RAD=1.1442965 DEG=65.56336150335675 POWER=0.10092073175519278
03-03 16:33:35.288   971  1693 I DbgLog  : Turn: RAD=1.1565188 DEG=66.6456186377236 POWER=0.16492074701398185
03-03 16:33:35.324   971  1693 I DbgLog  : Turn: RAD=1.1820744 DEG=68.04616258741306 POWER=0.1422540065965014
03-03 16:33:35.360   971  1693 I DbgLog  : Turn: RAD=1.20763 DEG=69.19210440560113 POWER=0.11292108270734122
03-03 16:33:35.398   971  1693 I DbgLog  : Turn: RAD=1.2254075 DEG=70.52899099222606 POWER=0.08892053339093497
03-03 16:33:35.430   971  1693 I DbgLog  : IMU DEG=71.22927662744912
03-03 16:33:35.437   971  1693 I DbgLog  : IMU DEG ERROR=-1.4202487166426843
03-03 16:33:44.607   971  1737 I native  : Registering the position of 14501095 at 190.40,26.01,226.67,59.67
03-03 16:33:44.608   971  1737 I native  : Registering the position of 14501095 at 190.40,26.01,226.67,59.67 at time 843252825997
03-03 16:33:44.613   971  1737 I native  : Registering the position of 182380692 at 182.24,58.65,223.04,104.04
03-03 16:33:44.614   971  1737 I native  : Registering the position of 182380692 at 182.24,58.65,223.04,104.04 at time 843252825997
03-03 16:33:45.001   971  1161 V Robocol : received command: CMD_INIT_OP_MODE(20551) $Stop$Robot$
03-03 16:33:45.016   971  1162 I RobotCore: ******************** STOP - OPMODE /storage/emulated/0/FIRST/matchlogs/Match-0-AutoV10BlueRight.txt ********************
03-03 16:33:45.059   971  1752 I RobotCore: saving match logcat to /storage/emulated/0/FIRST/matchlogs/Match-0-AutoV10BlueRight.txt
03-03 16:33:45.059   971  1752 I RobotCore: logging command line: exec logcat -d -T '3-3 16:32:47.000' -f '/storage/emulated/0/FIRST/matchlogs/Match-0-AutoV10BlueRight.txt' -n4 -v threadtime UsbRequestJNI:S UsbRequest:S art:W ThreadPool:W System:W ExtendedExtractor:W OMXClient:W MediaPlayer:W dalvikvm:W  *:V
03-03 16:33:45.071   971  1693 E LynxI2cDeviceSynch: placeholder: readTimestamped
03-03 16:33:45.126   971  1693 D RobotCore: User runOpModeMethod exited
03-03 16:33:45.127   971  1693 V RobotCore: thread: ...terminating 'OpModeThread'
03-03 16:33:45.131   971  1189 V Robocol : sending CMD_STREAM_CHANGE(10753), attempt: 0
