--------- beginning of main
03-04 14:19:20.537   975  1162 V Robocol : received command: CMD_SET_MATCH_NUMBER(10132) 0
03-04 14:19:20.538   975  1162 V Robocol : received command: CMD_INIT_OP_MODE(10133) AutoV11BlueLeft
03-04 14:19:20.562   975  1163 I RobotCore: ******************** START - OPMODE AutoV11BlueLeft ********************
03-04 14:19:20.568   975  1202 V RobotCore: thread: ...terminating 'OpModeThread'
03-04 14:19:20.571   975  1175 I RobotCore: Attempting to switch to op mode AutoV11BlueLeft
03-04 14:19:20.785   975  1175 D HardwareMap: Clearing which device instances have been retrieved
03-04 14:19:20.785   975  1175 D HardwareMap: Clearing which device instances have been retrieved
03-04 14:19:20.787   975  1204 V RobotCore: thread: 'OpModeThread' starting...
03-04 14:19:20.788   975  1204 I I2C     : Automatically initializing I2C device Rev2mDistanceSensor (USB (embedded); module 173; bus 1; addr7=0x29)
03-04 14:19:20.788   975  1204 D STMicroVL53L0X: : Checking to see if it's really a VL53L0X sensor...
03-04 14:19:20.792   975  1204 D STMicroVL53L0X: : Reg 0xC0 = ee (should be 0xEE)
03-04 14:19:20.796   975  1204 D STMicroVL53L0X: : Reg 0xC1 = aa (should be 0xAA)
03-04 14:19:20.799   975  1204 D STMicroVL53L0X: : Reg 0xC2 = 10 (should be 0x10)
03-04 14:19:20.806   975  1190 V Robocol : sending CMD_NOTIFY_INIT_OP_MODE(221), attempt: 0
03-04 14:19:20.807   975  1204 D STMicroVL53L0X: : Reg 0x51 = 0 (should be 0x0099)
03-04 14:19:20.812   975  1204 D STMicroVL53L0X: : Reg 0x61 = 0 (should be 0x0000)
03-04 14:19:20.841   975  1204 D STMicroVL53L0X: : initial sig rate lim (MCPS) 0.000000
03-04 14:19:20.847   975  1204 D STMicroVL53L0X: : adjusted sig rate lim (MCPS) 0.250000
03-04 14:19:21.098   975  1204 I I2C     : Automatically initializing I2C device Rev2mDistanceSensor (USB (embedded); module 173; bus 2; addr7=0x29)
03-04 14:19:21.099   975  1204 D STMicroVL53L0X: : Checking to see if it's really a VL53L0X sensor...
03-04 14:19:21.102   975  1204 D STMicroVL53L0X: : Reg 0xC0 = ee (should be 0xEE)
03-04 14:19:21.105   975  1204 D STMicroVL53L0X: : Reg 0xC1 = aa (should be 0xAA)
03-04 14:19:21.109   975  1204 D STMicroVL53L0X: : Reg 0xC2 = 10 (should be 0x10)
03-04 14:19:21.112   975  1204 D STMicroVL53L0X: : Reg 0x51 = 0 (should be 0x0099)
03-04 14:19:21.116   975  1204 D STMicroVL53L0X: : Reg 0x61 = 0 (should be 0x0000)
03-04 14:19:21.139   975  1204 D STMicroVL53L0X: : initial sig rate lim (MCPS) 0.000000
03-04 14:19:21.144   975  1204 D STMicroVL53L0X: : adjusted sig rate lim (MCPS) 0.250000
03-04 14:19:21.381   975  1204 I I2C     : Automatically initializing I2C device RevColorSensorV3 (USB (embedded); module 173; bus 3; addr7=0x52)
03-04 14:19:21.381   975  1204 V BroadcomColorSensorImpl: internalInitialize()...
03-04 14:19:21.389   975  1204 V BroadcomColorSensorImpl: state: 07 37 20 1d 42 01 c2 
03-04 14:19:21.390   975  1204 V BroadcomColorSensorImpl: setGain(0x01)
03-04 14:19:21.393   975  1204 V BroadcomColorSensorImpl: setLEDParameters(0x37)
03-04 14:19:21.396   975  1204 V BroadcomColorSensorImpl: setProximityPulseCount(0x20)
03-04 14:19:21.399   975  1204 V BroadcomColorSensorImpl: setPSMeasRate(0x1d)
03-04 14:19:21.402   975  1204 V BroadcomColorSensorImpl: setLSMeasRate(0x42)
03-04 14:19:21.408   975  1204 V BroadcomColorSensorImpl: enable() enabled=0x07...
03-04 14:19:21.414   975  1204 V BroadcomColorSensorImpl: ...enable() enabled=0x07
03-04 14:19:21.418   975  1204 V BroadcomColorSensorImpl: state: 07 37 20 1d 42 01 c2 
03-04 14:19:21.418   975  1204 V BroadcomColorSensorImpl: ...internalInitialize()
03-04 14:19:21.419   975  1204 I I2C     : Automatically initializing I2C device RevColorSensorV3 (USB (embedded); module 2; bus 1; addr7=0x52)
03-04 14:19:21.419   975  1204 V BroadcomColorSensorImpl: internalInitialize()...
03-04 14:19:21.429   975  1204 V BroadcomColorSensorImpl: state: 07 37 20 1d 42 01 c2 
03-04 14:19:21.430   975  1204 V BroadcomColorSensorImpl: setGain(0x01)
03-04 14:19:21.434   975  1204 V BroadcomColorSensorImpl: setLEDParameters(0x37)
03-04 14:19:21.439   975  1204 V BroadcomColorSensorImpl: setProximityPulseCount(0x20)
03-04 14:19:21.444   975  1204 V BroadcomColorSensorImpl: setPSMeasRate(0x1d)
03-04 14:19:21.448   975  1204 V BroadcomColorSensorImpl: setLSMeasRate(0x42)
03-04 14:19:21.458   975  1204 V BroadcomColorSensorImpl: enable() enabled=0x07...
03-04 14:19:21.468   975  1204 V BroadcomColorSensorImpl: ...enable() enabled=0x07
03-04 14:19:21.474   975  1204 V BroadcomColorSensorImpl: state: 07 37 20 1d 42 01 c2 
03-04 14:19:21.474   975  1204 V BroadcomColorSensorImpl: ...internalInitialize()
03-04 14:19:21.515   975  1204 I I2C     : Automatically initializing I2C device LynxEmbeddedIMU (USB (embedded); module 173; bus 0; addr7=0x28)
03-04 14:19:21.515   975  1204 V BNO055  : Suppressing I2C warnings while we check for a BNO055 IMU
03-04 14:19:21.519   975  1204 V BNO055  : Found BNO055 IMU
03-04 14:19:21.955   975  1204 V BNO055IMU: Now polling until IMU comes out of reset. It is normal to see I2C failures below
03-04 14:19:21.959   975  1204 V RobotCore: addr=false data=true arb=false clock=false
03-04 14:19:21.959   975  1204 E LynxI2cDeviceSynch: readStatusQuery: cbExpected=1 cbRead=0
03-04 14:19:21.959   975  1204 E LynxI2cDeviceSynch: placeholder: readStatusQuery
03-04 14:19:22.024   975  1204 V RobotCore: addr=false data=true arb=false clock=false
03-04 14:19:22.025   975  1204 E LynxI2cDeviceSynch: readStatusQuery: cbExpected=1 cbRead=0
03-04 14:19:22.190   975  1204 V BNO055IMU: IMU has come out of reset. No more I2C failures should occur.
03-04 14:19:22.244   975  1204 D Vuforia : using camera by direction (classic): BACK
03-04 14:19:22.385   975  1204 D skia    : JPEG Decode 89
03-04 14:19:22.510   975  1204 I System.out: Native library libVuforia.so loaded
03-04 14:19:22.511   975  1204 D Vuforia : Vuforia.init()...
03-04 14:19:22.522   975  1204 I AR      : Vuforia selected rendering API OpenGL ES 2.x
03-04 14:19:22.522   975  1204 I AR      : Vuforia SDK version 7.4.3
03-04 14:19:22.569   975  1204 I CameraManagerGlobal: Connecting to camera service
03-04 14:19:23.155   975  1204 D Vuforia : ...Vuforia.init()
03-04 14:19:23.161   975  1227 D NetworkSecurityConfig: No Network Security Config specified, using platform default
03-04 14:19:23.399   975  1204 I AR      : ObjectTracker: This device doesn't support model targets extended tracking, extended tracking will be turned off
03-04 14:19:23.645   975  1190 V Robocol : sending CMD_STREAM_CHANGE(249), attempt: 0
03-04 14:19:23.646   975  1190 V Robocol : sending CMD_STREAM_CHANGE(250), attempt: 0
03-04 14:19:24.199   975  1263 I tflite  : Initialized TensorFlow Lite runtime.
03-04 14:19:24.254   975  1263 I native  : Initializing object tracker. 272x153 @0x6fb5107264
03-04 14:19:24.258   975  1263 I native  : Initialized!
03-04 14:19:24.449   975  1264 E cpuinfo : failed to parse file /sys/devices/system/cpu/kernel_max: "-1
03-04 14:19:24.449   975  1264 E cpuinfo : " is not an unsigned number
03-04 14:19:24.450   975  1264 E cpuinfo : failed to parse file /sys/devices/system/cpu/kernel_max: "-1
03-04 14:19:24.450   975  1264 E cpuinfo : " is not an unsigned number
03-04 14:19:24.451   975  1264 E cpuinfo : failed to parse file /sys/devices/system/cpu/kernel_max: "-1
03-04 14:19:24.451   975  1264 E cpuinfo : " is not an unsigned number
03-04 14:19:24.451   975  1264 E cpuinfo : failed to parse file /sys/devices/system/cpu/kernel_max: "-1
03-04 14:19:24.451   975  1264 E cpuinfo : " is not an unsigned number
03-04 14:19:25.742   975  1162 V Robocol : received command: CMD_REQUEST_FRAME(10198) 
03-04 14:19:25.825   975  1265 I native  : Registering the position of 98584134 at 204.91,62.73,245.71,105.06
03-04 14:19:25.830   975  1265 I native  : Registering the position of 98584134 at 204.91,62.73,245.71,105.06 at time 40695192359
03-04 14:19:25.845   975  1265 I native  : Registering the position of 101412871 at 206.72,26.52,243.89,61.20
03-04 14:19:25.846   975  1265 I native  : Registering the position of 101412871 at 206.72,26.52,243.89,61.20 at time 40695192359
03-04 14:19:26.125   975  1190 V Robocol : sending CMD_RECEIVE_FRAME_BEGIN(282), attempt: 0
03-04 14:19:26.126   975  1190 V Robocol : sending CMD_RECEIVE_FRAME_CHUNK(283), attempt: 0
03-04 14:19:26.129   975  1190 V Robocol : sending CMD_RECEIVE_FRAME_CHUNK(284), attempt: 0
03-04 14:19:26.132   975  1190 V Robocol : sending CMD_RECEIVE_FRAME_CHUNK(285), attempt: 0
03-04 14:19:26.135   975  1190 V Robocol : sending CMD_RECEIVE_FRAME_CHUNK(286), attempt: 0
03-04 14:19:26.137   975  1190 V Robocol : sending CMD_RECEIVE_FRAME_CHUNK(287), attempt: 0
03-04 14:19:26.139   975  1162 V Robocol : received command: CMD_REQUEST_FRAME(10206) 
03-04 14:19:26.140   975  1190 V Robocol : sending CMD_RECEIVE_FRAME_CHUNK(288), attempt: 0
03-04 14:19:26.142   975  1190 V Robocol : sending CMD_RECEIVE_FRAME_CHUNK(289), attempt: 0
03-04 14:19:26.144   975  1190 V Robocol : sending CMD_RECEIVE_FRAME_CHUNK(290), attempt: 0
03-04 14:19:26.147   975  1190 V Robocol : sending CMD_RECEIVE_FRAME_CHUNK(291), attempt: 0
03-04 14:19:26.149   975  1190 V Robocol : sending CMD_RECEIVE_FRAME_CHUNK(292), attempt: 0
03-04 14:19:26.151   975  1190 V Robocol : sending CMD_RECEIVE_FRAME_CHUNK(293), attempt: 0
03-04 14:19:26.153   975  1190 V Robocol : sending CMD_RECEIVE_FRAME_CHUNK(294), attempt: 0
03-04 14:19:26.156   975  1190 V Robocol : sending CMD_RECEIVE_FRAME_CHUNK(295), attempt: 0
03-04 14:19:26.158   975  1190 V Robocol : sending CMD_RECEIVE_FRAME_CHUNK(296), attempt: 0
03-04 14:19:26.167   975  1190 V Robocol : sending CMD_RECEIVE_FRAME_CHUNK(297), attempt: 0
03-04 14:19:26.170   975  1190 V Robocol : sending CMD_RECEIVE_FRAME_CHUNK(298), attempt: 0
03-04 14:19:26.174   975  1190 V Robocol : sending CMD_RECEIVE_FRAME_CHUNK(299), attempt: 0
03-04 14:19:26.178   975  1190 V Robocol : sending CMD_RECEIVE_FRAME_CHUNK(301), attempt: 0
03-04 14:19:26.539   975  1162 V Robocol : received command: CMD_REQUEST_FRAME(10232) 
03-04 14:19:26.645   975  1190 V Robocol : sending CMD_RECEIVE_FRAME_BEGIN(330), attempt: 0
03-04 14:19:26.646   975  1190 V Robocol : sending CMD_RECEIVE_FRAME_CHUNK(331), attempt: 0
03-04 14:19:26.648   975  1190 V Robocol : sending CMD_RECEIVE_FRAME_CHUNK(332), attempt: 0
03-04 14:19:26.650   975  1190 V Robocol : sending CMD_RECEIVE_FRAME_CHUNK(333), attempt: 0
03-04 14:19:26.652   975  1190 V Robocol : sending CMD_RECEIVE_FRAME_CHUNK(334), attempt: 0
03-04 14:19:26.654   975  1190 V Robocol : sending CMD_RECEIVE_FRAME_CHUNK(335), attempt: 0
03-04 14:19:26.685   975  1190 V Robocol : sending CMD_RECEIVE_FRAME_CHUNK(336), attempt: 0
03-04 14:19:26.685   975  1175 W art     : Long monitor contention with owner ReceiveLoopService-#1 (1163) at org.firstinspires.ftc.robotcore.internal.network.CallbackResult com.qualcomm.robotcore.eventloop.EventLoopManager.commandEvent(com.qualcomm.robotcore.robocol.Command)(EventLoopManager.java:825) waiters=0 in void com.qualcomm.robotcore.eventloop.EventLoopManager$EventLoopRunnable$1.run() for 145ms
03-04 14:19:26.687   975  1190 V Robocol : sending CMD_RECEIVE_FRAME_CHUNK(337), attempt: 0
03-04 14:19:26.689   975  1190 V Robocol : sending CMD_RECEIVE_FRAME_CHUNK(338), attempt: 0
03-04 14:19:26.691   975  1190 V Robocol : sending CMD_RECEIVE_FRAME_CHUNK(339), attempt: 0
03-04 14:19:26.693   975  1190 V Robocol : sending CMD_RECEIVE_FRAME_CHUNK(342), attempt: 0
03-04 14:19:26.696   975  1190 V Robocol : sending CMD_RECEIVE_FRAME_CHUNK(344), attempt: 0
03-04 14:19:26.698   975  1190 V Robocol : sending CMD_RECEIVE_FRAME_CHUNK(346), attempt: 0
03-04 14:19:26.700   975  1190 V Robocol : sending CMD_RECEIVE_FRAME_CHUNK(347), attempt: 0
03-04 14:19:26.703   975  1190 V Robocol : sending CMD_RECEIVE_FRAME_CHUNK(348), attempt: 0
03-04 14:19:26.706   975  1190 V Robocol : sending CMD_RECEIVE_FRAME_CHUNK(349), attempt: 0
03-04 14:19:26.708   975  1190 V Robocol : sending CMD_RECEIVE_FRAME_CHUNK(350), attempt: 0
03-04 14:19:26.710   975  1190 V Robocol : sending CMD_RECEIVE_FRAME_CHUNK(351), attempt: 0
03-04 14:19:26.712   975  1190 V Robocol : sending CMD_RECEIVE_FRAME_CHUNK(352), attempt: 0
03-04 14:19:26.714   975  1190 V Robocol : sending CMD_RECEIVE_FRAME_CHUNK(354), attempt: 0
03-04 14:19:26.717   975  1190 V Robocol : sending CMD_RECEIVE_FRAME_CHUNK(355), attempt: 0
03-04 14:19:26.726   975  1190 V Robocol : sending CMD_RECEIVE_FRAME_CHUNK(356), attempt: 0
03-04 14:19:26.782   975  1162 V Robocol : received command: CMD_REQUEST_FRAME(10261) 
03-04 14:19:26.863   975  1162 V Robocol : received command: CMD_REQUEST_FRAME(10266) 
03-04 14:19:27.057   975  1162 V Robocol : received command: CMD_REQUEST_FRAME(10272) 
03-04 14:19:27.086   975  1190 V Robocol : sending CMD_RECEIVE_FRAME_BEGIN(386), attempt: 0
03-04 14:19:27.087   975  1190 V Robocol : sending CMD_RECEIVE_FRAME_CHUNK(387), attempt: 0
03-04 14:19:27.089   975  1190 V Robocol : sending CMD_RECEIVE_FRAME_CHUNK(388), attempt: 0
03-04 14:19:27.098   975  1190 V Robocol : sending CMD_RECEIVE_FRAME_CHUNK(389), attempt: 0
03-04 14:19:27.099   975  1190 V Robocol : sending CMD_RECEIVE_FRAME_CHUNK(390), attempt: 0
03-04 14:19:27.102   975  1190 V Robocol : sending CMD_RECEIVE_FRAME_CHUNK(391), attempt: 0
03-04 14:19:27.106   975  1190 V Robocol : sending CMD_RECEIVE_FRAME_CHUNK(392), attempt: 0
03-04 14:19:27.106   975  1163 W art     : Long monitor contention with owner VuforiaFrameGenerator (1263) at void org.firstinspires.ftc.robotcore.internal.tfod.TFObjectDetectorImpl.accept(android.graphics.Bitmap)(TFObjectDetectorImpl.java:254) waiters=0 in void org.firstinspires.ftc.robotcore.internal.tfod.TFObjectDetectorImpl.getFrameBitmap(org.firstinspires.ftc.robotcore.external.function.Continuation) for 224ms
03-04 14:19:27.107   975  1175 W art     : Long monitor contention with owner ReceiveLoopService-#1 (1163) at org.firstinspires.ftc.robotcore.internal.network.CallbackResult com.qualcomm.robotcore.eventloop.EventLoopManager.commandEvent(com.qualcomm.robotcore.robocol.Command)(EventLoopManager.java:825) waiters=0 in void com.qualcomm.robotcore.eventloop.EventLoopManager$EventLoopRunnable$1.run() for 244ms
03-04 14:19:27.109   975  1190 V Robocol : sending CMD_RECEIVE_FRAME_CHUNK(393), attempt: 0
03-04 14:19:27.111   975  1190 V Robocol : sending CMD_RECEIVE_FRAME_CHUNK(394), attempt: 0
03-04 14:19:27.113   975  1190 V Robocol : sending CMD_RECEIVE_FRAME_CHUNK(395), attempt: 0
03-04 14:19:27.115   975  1190 V Robocol : sending CMD_RECEIVE_FRAME_CHUNK(396), attempt: 0
03-04 14:19:27.118   975  1190 V Robocol : sending CMD_RECEIVE_FRAME_CHUNK(397), attempt: 0
03-04 14:19:27.120   975  1190 V Robocol : sending CMD_RECEIVE_FRAME_CHUNK(398), attempt: 0
03-04 14:19:27.123   975  1190 V Robocol : sending CMD_RECEIVE_FRAME_CHUNK(399), attempt: 0
03-04 14:19:27.125   975  1190 V Robocol : sending CMD_RECEIVE_FRAME_CHUNK(400), attempt: 0
03-04 14:19:27.127   975  1190 V Robocol : sending CMD_RECEIVE_FRAME_CHUNK(401), attempt: 0
03-04 14:19:27.130   975  1190 V Robocol : sending CMD_RECEIVE_FRAME_CHUNK(402), attempt: 0
03-04 14:19:27.132   975  1190 V Robocol : sending CMD_RECEIVE_FRAME_CHUNK(403), attempt: 0
03-04 14:19:27.134   975  1190 V Robocol : sending CMD_RECEIVE_FRAME_CHUNK(404), attempt: 0
03-04 14:19:27.136   975  1190 V Robocol : sending CMD_RECEIVE_FRAME_CHUNK(405), attempt: 0
03-04 14:19:27.141   975  1190 V Robocol : sending CMD_RECEIVE_FRAME_CHUNK(409), attempt: 0
03-04 14:19:27.147   975  1190 V Robocol : sending CMD_RECEIVE_FRAME_CHUNK(410), attempt: 0
03-04 14:19:27.217   975  1162 V Robocol : received command: CMD_REQUEST_FRAME(10299) 
03-04 14:19:27.336   975  1162 V Robocol : received command: CMD_REQUEST_FRAME(10304) 
03-04 14:19:27.456   975  1162 V Robocol : received command: CMD_REQUEST_FRAME(10309) 
03-04 14:19:27.498   975  1265 I native  : Registering the position of 113934546 at 202.19,61.20,249.33,107.10
03-04 14:19:27.498   975  1265 I native  : Registering the position of 113934546 at 202.19,61.20,249.33,107.10 at time 42424743782
03-04 14:19:27.503   975  1265 I native  : Registering the position of 199558563 at 207.63,27.03,246.61,63.24
03-04 14:19:27.504   975  1265 I native  : Registering the position of 199558563 at 207.63,27.03,246.61,63.24 at time 42424743782
03-04 14:19:27.618   975  1162 V Robocol : received command: CMD_REQUEST_FRAME(10312) 
03-04 14:19:27.725   975  1190 V Robocol : sending CMD_RECEIVE_FRAME_BEGIN(446), attempt: 0
03-04 14:19:27.726   975  1190 V Robocol : sending CMD_RECEIVE_FRAME_CHUNK(447), attempt: 0
03-04 14:19:27.729   975  1190 V Robocol : sending CMD_RECEIVE_FRAME_CHUNK(448), attempt: 0
03-04 14:19:27.731   975  1190 V Robocol : sending CMD_RECEIVE_FRAME_CHUNK(449), attempt: 0
03-04 14:19:27.733   975  1190 V Robocol : sending CMD_RECEIVE_FRAME_CHUNK(450), attempt: 0
03-04 14:19:27.740   975  1162 V Robocol : received command: CMD_REQUEST_FRAME(10316) 
03-04 14:19:27.744   975  1190 V Robocol : sending CMD_RECEIVE_FRAME_CHUNK(451), attempt: 0
03-04 14:19:27.746   975  1190 V Robocol : sending CMD_RECEIVE_FRAME_CHUNK(452), attempt: 0
03-04 14:19:27.748   975  1190 V Robocol : sending CMD_RECEIVE_FRAME_CHUNK(453), attempt: 0
03-04 14:19:27.750   975  1190 V Robocol : sending CMD_RECEIVE_FRAME_CHUNK(454), attempt: 0
03-04 14:19:27.759   975  1190 V Robocol : sending CMD_RECEIVE_FRAME_CHUNK(455), attempt: 0
03-04 14:19:27.769   975  1190 V Robocol : sending CMD_RECEIVE_FRAME_CHUNK(456), attempt: 0
03-04 14:19:27.789   975  1190 V Robocol : sending CMD_RECEIVE_FRAME_CHUNK(457), attempt: 0
03-04 14:19:27.796   975  1190 V Robocol : sending CMD_RECEIVE_FRAME_CHUNK(462), attempt: 0
03-04 14:19:27.800   975  1163 W art     : Long monitor contention with owner VuforiaFrameGenerator (1263) at void org.firstinspires.ftc.robotcore.internal.tfod.TFObjectDetectorImpl.accept(android.graphics.Bitmap)(TFObjectDetectorImpl.java:254) waiters=0 in void org.firstinspires.ftc.robotcore.internal.tfod.TFObjectDetectorImpl.getFrameBitmap(org.firstinspires.ftc.robotcore.external.function.Continuation) for 454ms
03-04 14:19:27.801   975  1175 W art     : Long monitor contention with owner ReceiveLoopService-#1 (1163) at org.firstinspires.ftc.robotcore.internal.network.CallbackResult com.qualcomm.robotcore.eventloop.EventLoopManager.commandEvent(com.qualcomm.robotcore.robocol.Command)(EventLoopManager.java:825) waiters=0 in void com.qualcomm.robotcore.eventloop.EventLoopManager$EventLoopRunnable$1.run() for 461ms
03-04 14:19:27.801   975  1190 V Robocol : sending CMD_RECEIVE_FRAME_CHUNK(463), attempt: 0
03-04 14:19:27.807   975  1190 V Robocol : sending CMD_RECEIVE_FRAME_CHUNK(464), attempt: 0
03-04 14:19:27.810   975  1190 V Robocol : sending CMD_RECEIVE_FRAME_CHUNK(465), attempt: 0
03-04 14:19:27.812   975  1190 V Robocol : sending CMD_RECEIVE_FRAME_CHUNK(466), attempt: 0
03-04 14:19:27.816   975  1190 V Robocol : sending CMD_RECEIVE_FRAME_CHUNK(467), attempt: 0
03-04 14:19:27.818   975  1162 V Robocol : received command: CMD_REQUEST_FRAME(10328) 
03-04 14:19:27.819   975  1190 V Robocol : sending CMD_RECEIVE_FRAME_CHUNK(468), attempt: 0
03-04 14:19:27.823   975  1190 V Robocol : sending CMD_RECEIVE_FRAME_CHUNK(473), attempt: 0
03-04 14:19:27.827   975  1190 V Robocol : sending CMD_RECEIVE_FRAME_CHUNK(478), attempt: 0
03-04 14:19:27.830   975  1190 V Robocol : sending CMD_RECEIVE_FRAME_CHUNK(479), attempt: 0
03-04 14:19:27.980   975  1162 V Robocol : received command: CMD_REQUEST_FRAME(10352) 
03-04 14:19:28.057   975  1162 V Robocol : received command: CMD_REQUEST_FRAME(10357) 
03-04 14:19:28.109   975  1264 I native  : Registering the position of 122503328 at 201.28,61.20,248.43,107.10
03-04 14:19:28.110   975  1264 I native  : Registering the position of 122503328 at 201.28,61.20,248.43,107.10 at time 42999583549
03-04 14:19:28.111   975  1264 I native  : Registering the position of 22377561 at 207.63,26.52,246.61,63.24
03-04 14:19:28.112   975  1264 I native  : Registering the position of 22377561 at 207.63,26.52,246.61,63.24 at time 42999583549
03-04 14:19:28.137   975  1162 V Robocol : received command: CMD_REQUEST_FRAME(10362) 
03-04 14:19:28.218   975  1162 V Robocol : received command: CMD_REQUEST_FRAME(10364) 
03-04 14:19:28.285   975  1190 V Robocol : sending CMD_RECEIVE_FRAME_BEGIN(513), attempt: 0
03-04 14:19:28.286   975  1190 V Robocol : sending CMD_RECEIVE_FRAME_CHUNK(514), attempt: 0
03-04 14:19:28.307   975  1162 V Robocol : received command: CMD_REQUEST_FRAME(10368) 
03-04 14:19:28.325   975  1190 V Robocol : sending CMD_RECEIVE_FRAME_CHUNK(515), attempt: 0
03-04 14:19:28.327   975  1190 V Robocol : sending CMD_RECEIVE_FRAME_CHUNK(516), attempt: 0
03-04 14:19:28.329   975  1190 V Robocol : sending CMD_RECEIVE_FRAME_CHUNK(517), attempt: 0
03-04 14:19:28.331   975  1190 V Robocol : sending CMD_RECEIVE_FRAME_CHUNK(518), attempt: 0
03-04 14:19:28.333   975  1190 V Robocol : sending CMD_RECEIVE_FRAME_CHUNK(520), attempt: 0
03-04 14:19:28.335   975  1190 V Robocol : sending CMD_RECEIVE_FRAME_CHUNK(521), attempt: 0
03-04 14:19:28.336   975  1190 V Robocol : sending CMD_RECEIVE_FRAME_CHUNK(522), attempt: 0
03-04 14:19:28.339   975  1190 V Robocol : sending CMD_RECEIVE_FRAME_CHUNK(524), attempt: 0
03-04 14:19:28.341   975  1190 V Robocol : sending CMD_RECEIVE_FRAME_CHUNK(526), attempt: 0
03-04 14:19:28.343   975  1190 V Robocol : sending CMD_RECEIVE_FRAME_CHUNK(527), attempt: 0
03-04 14:19:28.345   975  1190 V Robocol : sending CMD_RECEIVE_FRAME_CHUNK(528), attempt: 0
03-04 14:19:28.347   975  1190 V Robocol : sending CMD_RECEIVE_FRAME_CHUNK(529), attempt: 0
03-04 14:19:28.348   975  1190 V Robocol : sending CMD_RECEIVE_FRAME_CHUNK(530), attempt: 0
03-04 14:19:28.350   975  1163 W art     : Long monitor contention with owner VuforiaFrameGenerator (1263) at void org.firstinspires.ftc.robotcore.internal.tfod.TFObjectDetectorImpl.accept(android.graphics.Bitmap)(TFObjectDetectorImpl.java:254) waiters=0 in void org.firstinspires.ftc.robotcore.internal.tfod.TFObjectDetectorImpl.getFrameBitmap(org.firstinspires.ftc.robotcore.external.function.Continuation) for 282ms
03-04 14:19:28.352   975  1190 V Robocol : sending CMD_RECEIVE_FRAME_CHUNK(531), attempt: 0
03-04 14:19:28.355   975  1190 V Robocol : sending CMD_RECEIVE_FRAME_CHUNK(532), attempt: 0
03-04 14:19:28.366   975  1190 V Robocol : sending CMD_RECEIVE_FRAME_CHUNK(533), attempt: 0
03-04 14:19:28.368   975  1190 V Robocol : sending CMD_RECEIVE_FRAME_CHUNK(534), attempt: 0
03-04 14:19:28.370   975  1190 V Robocol : sending CMD_RECEIVE_FRAME_CHUNK(535), attempt: 0
03-04 14:19:28.373   975  1190 V Robocol : sending CMD_RECEIVE_FRAME_CHUNK(540), attempt: 0
03-04 14:19:28.375   975  1190 V Robocol : sending CMD_RECEIVE_FRAME_CHUNK(541), attempt: 0
03-04 14:19:28.400   975  1162 V Robocol : received command: CMD_REQUEST_FRAME(10381) 
03-04 14:19:28.537   975  1162 V Robocol : received command: CMD_REQUEST_FRAME(10403) 
03-04 14:19:28.578   975  1162 V Robocol : received command: CMD_REQUEST_FRAME(10405) 
03-04 14:19:28.656   975  1162 V Robocol : received command: CMD_REQUEST_FRAME(10410) 
03-04 14:19:28.818   975  1162 V Robocol : received command: CMD_REQUEST_FRAME(10414) 
03-04 14:19:28.897   975  1162 V Robocol : received command: CMD_REQUEST_FRAME(10417) 
03-04 14:19:28.977   975  1162 V Robocol : received command: CMD_REQUEST_FRAME(10420) 
03-04 14:19:29.045   975  1190 V Robocol : sending CMD_RECEIVE_FRAME_BEGIN(582), attempt: 0
03-04 14:19:29.046   975  1190 V Robocol : sending CMD_RECEIVE_FRAME_CHUNK(583), attempt: 0
03-04 14:19:29.048   975  1190 V Robocol : sending CMD_RECEIVE_FRAME_CHUNK(584), attempt: 0
03-04 14:19:29.051   975  1190 V Robocol : sending CMD_RECEIVE_FRAME_CHUNK(585), attempt: 0
03-04 14:19:29.054   975  1190 V Robocol : sending CMD_RECEIVE_FRAME_CHUNK(586), attempt: 0
03-04 14:19:29.069   975  1190 V Robocol : sending CMD_RECEIVE_FRAME_CHUNK(587), attempt: 0
03-04 14:19:29.085   975  1190 V Robocol : sending CMD_RECEIVE_FRAME_CHUNK(588), attempt: 0
03-04 14:19:29.088   975  1190 V Robocol : sending CMD_RECEIVE_FRAME_CHUNK(593), attempt: 0
03-04 14:19:29.090   975  1190 V Robocol : sending CMD_RECEIVE_FRAME_CHUNK(594), attempt: 0
03-04 14:19:29.101   975  1190 V Robocol : sending CMD_RECEIVE_FRAME_CHUNK(595), attempt: 0
03-04 14:19:29.103   975  1190 V Robocol : sending CMD_RECEIVE_FRAME_CHUNK(596), attempt: 0
03-04 14:19:29.114   975  1190 V Robocol : sending CMD_RECEIVE_FRAME_CHUNK(597), attempt: 0
03-04 14:19:29.117   975  1190 V Robocol : sending CMD_RECEIVE_FRAME_CHUNK(598), attempt: 0
03-04 14:19:29.129   975  1190 V Robocol : sending CMD_RECEIVE_FRAME_CHUNK(599), attempt: 0
03-04 14:19:29.130   975  1163 W art     : Long monitor contention with owner VuforiaFrameGenerator (1263) at void org.firstinspires.ftc.robotcore.internal.tfod.TFObjectDetectorImpl.accept(android.graphics.Bitmap)(TFObjectDetectorImpl.java:254) waiters=0 in void org.firstinspires.ftc.robotcore.internal.tfod.TFObjectDetectorImpl.getFrameBitmap(org.firstinspires.ftc.robotcore.external.function.Continuation) for 577ms
03-04 14:19:29.131   975  1175 W art     : Long monitor contention with owner ReceiveLoopService-#1 (1163) at org.firstinspires.ftc.robotcore.internal.network.CallbackResult com.qualcomm.robotcore.eventloop.EventLoopManager.commandEvent(com.qualcomm.robotcore.robocol.Command)(EventLoopManager.java:825) waiters=0 in void com.qualcomm.robotcore.eventloop.EventLoopManager$EventLoopRunnable$1.run() for 594ms
03-04 14:19:29.132   975  1163 E Robocol : command processing took 594 ms: command=CMD_REQUEST_FRAME
03-04 14:19:29.133   975  1190 V Robocol : sending CMD_RECEIVE_FRAME_CHUNK(600), attempt: 0
03-04 14:19:29.140   975  1190 V Robocol : sending CMD_RECEIVE_FRAME_CHUNK(601), attempt: 0
03-04 14:19:29.147   975  1190 V Robocol : sending CMD_RECEIVE_FRAME_CHUNK(607), attempt: 0
03-04 14:19:29.157   975  1190 V Robocol : sending CMD_RECEIVE_FRAME_CHUNK(608), attempt: 0
03-04 14:19:29.161   975  1190 V Robocol : sending CMD_RECEIVE_FRAME_CHUNK(609), attempt: 0
03-04 14:19:29.166   975  1190 V Robocol : sending CMD_RECEIVE_FRAME_CHUNK(610), attempt: 0
03-04 14:19:29.171   975  1190 V Robocol : sending CMD_RECEIVE_FRAME_CHUNK(611), attempt: 0
03-04 14:19:29.176   975  1190 V Robocol : sending CMD_RECEIVE_FRAME_CHUNK(612), attempt: 0
03-04 14:19:29.183   975  1162 V Robocol : received command: CMD_REQUEST_FRAME(10440) 
03-04 14:19:29.279   975  1265 I native  : Registering the position of 171464959 at 202.19,61.20,249.33,107.10
03-04 14:19:29.283   975  1265 I native  : Registering the position of 171464959 at 202.19,61.20,249.33,107.10 at time 44128093329
03-04 14:19:29.284   975  1265 I native  : Registering the position of 156616396 at 207.63,27.03,246.61,63.75
03-04 14:19:29.288   975  1265 I native  : Registering the position of 156616396 at 207.63,27.03,246.61,63.75 at time 44128093329
03-04 14:19:29.299   975  1162 V Robocol : received command: CMD_REQUEST_FRAME(10460) 
03-04 14:19:29.538   975  1162 V Robocol : received command: CMD_REQUEST_FRAME(10466) 
03-04 14:19:29.605   975  1190 V Robocol : sending CMD_RECEIVE_FRAME_BEGIN(650), attempt: 0
03-04 14:19:29.606   975  1190 V Robocol : sending CMD_RECEIVE_FRAME_CHUNK(651), attempt: 0
03-04 14:19:29.609   975  1190 V Robocol : sending CMD_RECEIVE_FRAME_CHUNK(652), attempt: 0
03-04 14:19:29.611   975  1190 V Robocol : sending CMD_RECEIVE_FRAME_CHUNK(653), attempt: 0
03-04 14:19:29.611   975  1264 I native  : Registering the position of 165674261 at 201.28,60.69,248.43,106.59
03-04 14:19:29.612   975  1264 I native  : Registering the position of 165674261 at 201.28,60.69,248.43,106.59 at time 44627799754
03-04 14:19:29.612   975  1264 I native  : Registering the position of 112810026 at 207.63,26.52,246.61,63.24
03-04 14:19:29.614   975  1264 I native  : Registering the position of 112810026 at 207.63,26.52,246.61,63.24 at time 44627799754
03-04 14:19:29.615   975  1190 V Robocol : sending CMD_RECEIVE_FRAME_CHUNK(654), attempt: 0
03-04 14:19:29.620   975  1190 V Robocol : sending CMD_RECEIVE_FRAME_CHUNK(655), attempt: 0
03-04 14:19:29.624   975  1190 V Robocol : sending CMD_RECEIVE_FRAME_CHUNK(656), attempt: 0
03-04 14:19:29.628   975  1190 V Robocol : sending CMD_RECEIVE_FRAME_CHUNK(657), attempt: 0
03-04 14:19:29.645   975  1190 V Robocol : sending CMD_RECEIVE_FRAME_CHUNK(658), attempt: 0
03-04 14:19:29.648   975  1190 V Robocol : sending CMD_RECEIVE_FRAME_CHUNK(659), attempt: 0
03-04 14:19:29.650   975  1190 V Robocol : sending CMD_RECEIVE_FRAME_CHUNK(662), attempt: 0
03-04 14:19:29.654   975  1190 V Robocol : sending CMD_RECEIVE_FRAME_CHUNK(663), attempt: 0
03-04 14:19:29.658   975  1190 V Robocol : sending CMD_RECEIVE_FRAME_CHUNK(664), attempt: 0
03-04 14:19:29.661   975  1190 V Robocol : sending CMD_RECEIVE_FRAME_CHUNK(665), attempt: 0
03-04 14:19:29.663   975  1190 V Robocol : sending CMD_RECEIVE_FRAME_CHUNK(666), attempt: 0
03-04 14:19:29.669   975  1190 V Robocol : sending CMD_RECEIVE_FRAME_CHUNK(667), attempt: 0
03-04 14:19:29.671   975  1190 V Robocol : sending CMD_RECEIVE_FRAME_CHUNK(668), attempt: 0
03-04 14:19:29.673   975  1190 V Robocol : sending CMD_RECEIVE_FRAME_CHUNK(669), attempt: 0
03-04 14:19:29.675   975  1190 V Robocol : sending CMD_RECEIVE_FRAME_CHUNK(670), attempt: 0
03-04 14:19:29.686   975  1190 V Robocol : sending CMD_RECEIVE_FRAME_CHUNK(671), attempt: 0
03-04 14:19:29.688   975  1190 V Robocol : sending CMD_RECEIVE_FRAME_CHUNK(673), attempt: 0
03-04 14:19:29.689   975  1190 V Robocol : sending CMD_RECEIVE_FRAME_CHUNK(674), attempt: 0
03-04 14:19:29.700   975  1162 V Robocol : received command: CMD_REQUEST_FRAME(10486) 
03-04 14:19:29.784   975  1162 V Robocol : received command: CMD_REQUEST_FRAME(10499) 
03-04 14:19:29.937   975  1162 V Robocol : received command: CMD_REQUEST_FRAME(10505) 
03-04 14:19:30.018   975  1162 V Robocol : received command: CMD_REQUEST_FRAME(10507) 
03-04 14:19:30.046   975  1190 V Robocol : sending CMD_RECEIVE_FRAME_BEGIN(707), attempt: 0
03-04 14:19:30.047   975  1190 V Robocol : sending CMD_RECEIVE_FRAME_CHUNK(708), attempt: 0
03-04 14:19:30.049   975  1190 V Robocol : sending CMD_RECEIVE_FRAME_CHUNK(709), attempt: 0
03-04 14:19:30.055   975  1190 V Robocol : sending CMD_RECEIVE_FRAME_CHUNK(710), attempt: 0
03-04 14:19:30.057   975  1190 V Robocol : sending CMD_RECEIVE_FRAME_CHUNK(711), attempt: 0
03-04 14:19:30.059   975  1190 V Robocol : sending CMD_RECEIVE_FRAME_CHUNK(712), attempt: 0
03-04 14:19:30.063   975  1190 V Robocol : sending CMD_RECEIVE_FRAME_CHUNK(713), attempt: 0
03-04 14:19:30.065   975  1190 V Robocol : sending CMD_RECEIVE_FRAME_CHUNK(714), attempt: 0
03-04 14:19:30.067   975  1190 V Robocol : sending CMD_RECEIVE_FRAME_CHUNK(715), attempt: 0
03-04 14:19:30.069   975  1190 V Robocol : sending CMD_RECEIVE_FRAME_CHUNK(716), attempt: 0
03-04 14:19:30.070   975  1190 V Robocol : sending CMD_RECEIVE_FRAME_CHUNK(717), attempt: 0
03-04 14:19:30.071   975  1163 W art     : Long monitor contention with owner VuforiaFrameGenerator (1263) at void org.firstinspires.ftc.robotcore.internal.tfod.TFObjectDetectorImpl.accept(android.graphics.Bitmap)(TFObjectDetectorImpl.java:254) waiters=0 in void org.firstinspires.ftc.robotcore.internal.tfod.TFObjectDetectorImpl.getFrameBitmap(org.firstinspires.ftc.robotcore.external.function.Continuation) for 275ms
03-04 14:19:30.072   975  1190 V Robocol : sending CMD_RECEIVE_FRAME_CHUNK(718), attempt: 0
03-04 14:19:30.073   975  1175 W art     : Long monitor contention with owner ReceiveLoopService-#1 (1163) at org.firstinspires.ftc.robotcore.internal.network.CallbackResult com.qualcomm.robotcore.eventloop.EventLoopManager.commandEvent(com.qualcomm.robotcore.robocol.Command)(EventLoopManager.java:825) waiters=0 in void com.qualcomm.robotcore.eventloop.EventLoopManager$EventLoopRunnable$1.run() for 285ms
03-04 14:19:30.074   975  1190 V Robocol : sending CMD_RECEIVE_FRAME_CHUNK(719), attempt: 0
03-04 14:19:30.076   975  1190 V Robocol : sending CMD_RECEIVE_FRAME_CHUNK(720), attempt: 0
03-04 14:19:30.078   975  1190 V Robocol : sending CMD_RECEIVE_FRAME_CHUNK(721), attempt: 0
03-04 14:19:30.081   975  1190 V Robocol : sending CMD_RECEIVE_FRAME_CHUNK(722), attempt: 0
03-04 14:19:30.086   975  1190 V Robocol : sending CMD_RECEIVE_FRAME_CHUNK(723), attempt: 0
03-04 14:19:30.091   975  1190 V Robocol : sending CMD_RECEIVE_FRAME_CHUNK(726), attempt: 0
03-04 14:19:30.102   975  1190 V Robocol : sending CMD_RECEIVE_FRAME_CHUNK(727), attempt: 0
03-04 14:19:30.105   975  1190 V Robocol : sending CMD_RECEIVE_FRAME_CHUNK(728), attempt: 0
03-04 14:19:30.110   975  1190 V Robocol : sending CMD_RECEIVE_FRAME_CHUNK(729), attempt: 0
03-04 14:19:30.113   975  1190 V Robocol : sending CMD_RECEIVE_FRAME_CHUNK(730), attempt: 0
03-04 14:19:30.139   975  1162 V Robocol : received command: CMD_REQUEST_FRAME(10530) 
03-04 14:19:30.297   975  1162 V Robocol : received command: CMD_REQUEST_FRAME(10542) 
03-04 14:19:30.538   975  1162 V Robocol : received command: CMD_REQUEST_FRAME(10548) 
03-04 14:19:30.565   975  1190 V Robocol : sending CMD_RECEIVE_FRAME_BEGIN(765), attempt: 0
03-04 14:19:30.567   975  1190 V Robocol : sending CMD_RECEIVE_FRAME_CHUNK(766), attempt: 0
03-04 14:19:30.569   975  1190 V Robocol : sending CMD_RECEIVE_FRAME_CHUNK(767), attempt: 0
03-04 14:19:30.583   975  1190 V Robocol : sending CMD_RECEIVE_FRAME_CHUNK(769), attempt: 0
03-04 14:19:30.585   975  1190 V Robocol : sending CMD_RECEIVE_FRAME_CHUNK(770), attempt: 0
03-04 14:19:30.587   975  1190 V Robocol : sending CMD_RECEIVE_FRAME_CHUNK(771), attempt: 0
03-04 14:19:30.590   975  1190 V Robocol : sending CMD_RECEIVE_FRAME_CHUNK(772), attempt: 0
03-04 14:19:30.593   975  1190 V Robocol : sending CMD_RECEIVE_FRAME_CHUNK(773), attempt: 0
03-04 14:19:30.598   975  1190 V Robocol : sending CMD_RECEIVE_FRAME_CHUNK(774), attempt: 0
03-04 14:19:30.601   975  1190 V Robocol : sending CMD_RECEIVE_FRAME_CHUNK(775), attempt: 0
03-04 14:19:30.604   975  1190 V Robocol : sending CMD_RECEIVE_FRAME_CHUNK(776), attempt: 0
03-04 14:19:30.606   975  1190 V Robocol : sending CMD_RECEIVE_FRAME_CHUNK(777), attempt: 0
03-04 14:19:30.608   975  1190 V Robocol : sending CMD_RECEIVE_FRAME_CHUNK(778), attempt: 0
03-04 14:19:30.610   975  1190 V Robocol : sending CMD_RECEIVE_FRAME_CHUNK(779), attempt: 0
03-04 14:19:30.614   975  1190 V Robocol : sending CMD_RECEIVE_FRAME_CHUNK(780), attempt: 0
03-04 14:19:30.616   975  1190 V Robocol : sending CMD_RECEIVE_FRAME_CHUNK(781), attempt: 0
03-04 14:19:30.623   975  1190 V Robocol : sending CMD_RECEIVE_FRAME_CHUNK(782), attempt: 0
03-04 14:19:30.627   975  1162 V Robocol : received command: CMD_REQUEST_FRAME(10558) 
03-04 14:19:30.628   975  1190 V Robocol : sending CMD_RECEIVE_FRAME_CHUNK(784), attempt: 0
03-04 14:19:30.630   975  1190 V Robocol : sending CMD_RECEIVE_FRAME_CHUNK(786), attempt: 0
03-04 14:19:30.633   975  1190 V Robocol : sending CMD_RECEIVE_FRAME_CHUNK(787), attempt: 0
03-04 14:19:30.645   975  1190 V Robocol : sending CMD_RECEIVE_FRAME_CHUNK(788), attempt: 0
03-04 14:19:30.647   975  1190 V Robocol : sending CMD_RECEIVE_FRAME_CHUNK(789), attempt: 0
03-04 14:19:30.859   975  1162 V Robocol : received command: CMD_REQUEST_FRAME(10581) 
03-04 14:19:30.877   975  1265 I native  : Registering the position of 4425243 at 202.19,61.20,249.33,106.59
03-04 14:19:30.878   975  1265 I native  : Registering the position of 4425243 at 202.19,61.20,249.33,106.59 at time 45933983260
03-04 14:19:30.879   975  1265 I native  : Registering the position of 58622904 at 207.63,26.52,246.61,63.24
03-04 14:19:30.879   975  1265 I native  : Registering the position of 58622904 at 207.63,26.52,246.61,63.24 at time 45933983260
03-04 14:19:30.979   975  1162 V Robocol : received command: CMD_REQUEST_FRAME(10587) 
03-04 14:19:31.017   975  1162 V Robocol : received command: CMD_REQUEST_FRAME(10589) 
03-04 14:19:31.125   975  1190 V Robocol : sending CMD_RECEIVE_FRAME_BEGIN(827), attempt: 0
03-04 14:19:31.126   975  1190 V Robocol : sending CMD_RECEIVE_FRAME_CHUNK(828), attempt: 0
03-04 14:19:31.129   975  1190 V Robocol : sending CMD_RECEIVE_FRAME_CHUNK(829), attempt: 0
03-04 14:19:31.134   975  1190 V Robocol : sending CMD_RECEIVE_FRAME_CHUNK(830), attempt: 0
03-04 14:19:31.136   975  1163 W art     : Long monitor contention with owner VuforiaFrameGenerator (1263) at void org.firstinspires.ftc.robotcore.internal.tfod.TFObjectDetectorImpl.accept(android.graphics.Bitmap)(TFObjectDetectorImpl.java:254) waiters=0 in void org.firstinspires.ftc.robotcore.internal.tfod.TFObjectDetectorImpl.getFrameBitmap(org.firstinspires.ftc.robotcore.external.function.Continuation) for 263ms
03-04 14:19:31.138   975  1162 V Robocol : received command: CMD_REQUEST_FRAME(10593) 
03-04 14:19:31.140   975  1175 W art     : Long monitor contention with owner ReceiveLoopService-#1 (1163) at org.firstinspires.ftc.robotcore.internal.network.CallbackResult com.qualcomm.robotcore.eventloop.EventLoopManager.commandEvent(com.qualcomm.robotcore.robocol.Command)(EventLoopManager.java:825) waiters=0 in void com.qualcomm.robotcore.eventloop.EventLoopManager$EventLoopRunnable$1.run() for 270ms
03-04 14:19:31.141   975  1190 V Robocol : sending CMD_RECEIVE_FRAME_CHUNK(831), attempt: 0
03-04 14:19:31.146   975  1190 V Robocol : sending CMD_RECEIVE_FRAME_CHUNK(832), attempt: 0
03-04 14:19:31.148   975  1190 V Robocol : sending CMD_RECEIVE_FRAME_CHUNK(833), attempt: 0
03-04 14:19:31.151   975  1190 V Robocol : sending CMD_RECEIVE_FRAME_CHUNK(834), attempt: 0
03-04 14:19:31.153   975  1190 V Robocol : sending CMD_RECEIVE_FRAME_CHUNK(835), attempt: 0
03-04 14:19:31.155   975  1190 V Robocol : sending CMD_RECEIVE_FRAME_CHUNK(836), attempt: 0
03-04 14:19:31.157   975  1190 V Robocol : sending CMD_RECEIVE_FRAME_CHUNK(837), attempt: 0
03-04 14:19:31.159   975  1190 V Robocol : sending CMD_RECEIVE_FRAME_CHUNK(838), attempt: 0
03-04 14:19:31.162   975  1190 V Robocol : sending CMD_RECEIVE_FRAME_CHUNK(839), attempt: 0
03-04 14:19:31.164   975  1190 V Robocol : sending CMD_RECEIVE_FRAME_CHUNK(840), attempt: 0
03-04 14:19:31.166   975  1190 V Robocol : sending CMD_RECEIVE_FRAME_CHUNK(841), attempt: 0
03-04 14:19:31.168   975  1190 V Robocol : sending CMD_RECEIVE_FRAME_CHUNK(842), attempt: 0
03-04 14:19:31.171   975  1190 V Robocol : sending CMD_RECEIVE_FRAME_CHUNK(843), attempt: 0
03-04 14:19:31.173   975  1190 V Robocol : sending CMD_RECEIVE_FRAME_CHUNK(844), attempt: 0
03-04 14:19:31.175   975  1190 V Robocol : sending CMD_RECEIVE_FRAME_CHUNK(845), attempt: 0
03-04 14:19:31.177   975  1190 V Robocol : sending CMD_RECEIVE_FRAME_CHUNK(846), attempt: 0
03-04 14:19:31.179   975  1190 V Robocol : sending CMD_RECEIVE_FRAME_CHUNK(847), attempt: 0
03-04 14:19:31.181   975  1190 V Robocol : sending CMD_RECEIVE_FRAME_CHUNK(848), attempt: 0
03-04 14:19:31.298   975  1162 V Robocol : received command: CMD_REQUEST_FRAME(10624) 
03-04 14:19:31.460   975  1264 I native  : Registering the position of 22042001 at 204.00,61.20,248.43,106.08
03-04 14:19:31.460   975  1264 I native  : Registering the position of 22042001 at 204.00,61.20,248.43,106.08 at time 46368799095
03-04 14:19:31.464   975  1264 I native  : Registering the position of 141348086 at 207.63,26.52,246.61,63.24
03-04 14:19:31.464   975  1264 I native  : Registering the position of 141348086 at 207.63,26.52,246.61,63.24 at time 46368799095
03-04 14:19:31.498   975  1162 V Robocol : received command: CMD_REQUEST_FRAME(10630) 
03-04 14:19:31.605   975  1190 V Robocol : sending CMD_RECEIVE_FRAME_BEGIN(886), attempt: 0
03-04 14:19:31.606   975  1190 V Robocol : sending CMD_RECEIVE_FRAME_CHUNK(887), attempt: 0
03-04 14:19:31.607   975  1190 V Robocol : sending CMD_RECEIVE_FRAME_CHUNK(888), attempt: 0
03-04 14:19:31.645   975  1190 V Robocol : sending CMD_RECEIVE_FRAME_CHUNK(889), attempt: 0
03-04 14:19:31.647   975  1190 V Robocol : sending CMD_RECEIVE_FRAME_CHUNK(890), attempt: 0
03-04 14:19:31.648   975  1190 V Robocol : sending CMD_RECEIVE_FRAME_CHUNK(891), attempt: 0
03-04 14:19:31.650   975  1190 V Robocol : sending CMD_RECEIVE_FRAME_CHUNK(892), attempt: 0
03-04 14:19:31.651   975  1190 V Robocol : sending CMD_RECEIVE_FRAME_CHUNK(896), attempt: 0
03-04 14:19:31.653   975  1190 V Robocol : sending CMD_RECEIVE_FRAME_CHUNK(897), attempt: 0
03-04 14:19:31.655   975  1190 V Robocol : sending CMD_RECEIVE_FRAME_CHUNK(898), attempt: 0
03-04 14:19:31.663   975  1162 V Robocol : received command: CMD_REQUEST_FRAME(10636) 
03-04 14:19:31.667   975  1190 V Robocol : sending CMD_RECEIVE_FRAME_CHUNK(899), attempt: 0
03-04 14:19:31.669   975  1190 V Robocol : sending CMD_RECEIVE_FRAME_CHUNK(900), attempt: 0
03-04 14:19:31.669   975  1163 W art     : Long monitor contention with owner VuforiaFrameGenerator (1263) at void org.firstinspires.ftc.robotcore.internal.tfod.TFObjectDetectorImpl.accept(android.graphics.Bitmap)(TFObjectDetectorImpl.java:254) waiters=0 in void org.firstinspires.ftc.robotcore.internal.tfod.TFObjectDetectorImpl.getFrameBitmap(org.firstinspires.ftc.robotcore.external.function.Continuation) for 360ms
03-04 14:19:31.670   975  1190 V Robocol : sending CMD_RECEIVE_FRAME_CHUNK(901), attempt: 0
03-04 14:19:31.670   975  1175 W art     : Long monitor contention with owner ReceiveLoopService-#1 (1163) at org.firstinspires.ftc.robotcore.internal.network.CallbackResult com.qualcomm.robotcore.eventloop.EventLoopManager.commandEvent(com.qualcomm.robotcore.robocol.Command)(EventLoopManager.java:825) waiters=0 in void com.qualcomm.robotcore.eventloop.EventLoopManager$EventLoopRunnable$1.run() for 365ms
03-04 14:19:31.672   975  1190 V Robocol : sending CMD_RECEIVE_FRAME_CHUNK(902), attempt: 0
03-04 14:19:31.674   975  1190 V Robocol : sending CMD_RECEIVE_FRAME_CHUNK(903), attempt: 0
03-04 14:19:31.676   975  1190 V Robocol : sending CMD_RECEIVE_FRAME_CHUNK(904), attempt: 0
03-04 14:19:31.687   975  1190 V Robocol : sending CMD_RECEIVE_FRAME_CHUNK(905), attempt: 0
03-04 14:19:31.689   975  1190 V Robocol : sending CMD_RECEIVE_FRAME_CHUNK(906), attempt: 0
03-04 14:19:31.691   975  1190 V Robocol : sending CMD_RECEIVE_FRAME_CHUNK(907), attempt: 0
03-04 14:19:31.704   975  1190 V Robocol : sending CMD_RECEIVE_FRAME_CHUNK(908), attempt: 0
03-04 14:19:31.707   975  1190 V Robocol : sending CMD_RECEIVE_FRAME_CHUNK(913), attempt: 0
03-04 14:19:31.710   975  1190 V Robocol : sending CMD_RECEIVE_FRAME_CHUNK(914), attempt: 0
03-04 14:19:31.897   975  1162 V Robocol : received command: CMD_REQUEST_FRAME(10664) 
03-04 14:19:32.018   975  1162 V Robocol : received command: CMD_REQUEST_FRAME(10669) 
03-04 14:19:32.126   975  1190 V Robocol : sending CMD_RECEIVE_FRAME_BEGIN(944), attempt: 0
03-04 14:19:32.127   975  1190 V Robocol : sending CMD_RECEIVE_FRAME_CHUNK(945), attempt: 0
03-04 14:19:32.129   975  1190 V Robocol : sending CMD_RECEIVE_FRAME_CHUNK(946), attempt: 0
03-04 14:19:32.131   975  1190 V Robocol : sending CMD_RECEIVE_FRAME_CHUNK(947), attempt: 0
03-04 14:19:32.132   975  1190 V Robocol : sending CMD_RECEIVE_FRAME_CHUNK(948), attempt: 0
03-04 14:19:32.134   975  1190 V Robocol : sending CMD_RECEIVE_FRAME_CHUNK(949), attempt: 0
03-04 14:19:32.142   975  1190 V Robocol : sending CMD_RECEIVE_FRAME_CHUNK(950), attempt: 0
03-04 14:19:32.143   975  1190 V Robocol : sending CMD_RECEIVE_FRAME_CHUNK(951), attempt: 0
03-04 14:19:32.145   975  1190 V Robocol : sending CMD_RECEIVE_FRAME_CHUNK(952), attempt: 0
03-04 14:19:32.147   975  1190 V Robocol : sending CMD_RECEIVE_FRAME_CHUNK(953), attempt: 0
03-04 14:19:32.149   975  1190 V Robocol : sending CMD_RECEIVE_FRAME_CHUNK(954), attempt: 0
03-04 14:19:32.150   975  1190 V Robocol : sending CMD_RECEIVE_FRAME_CHUNK(955), attempt: 0
03-04 14:19:32.182   975  1190 V Robocol : sending CMD_RECEIVE_FRAME_CHUNK(956), attempt: 0
03-04 14:19:32.184   975  1190 V Robocol : sending CMD_RECEIVE_FRAME_CHUNK(957), attempt: 0
03-04 14:19:32.186   975  1190 V Robocol : sending CMD_RECEIVE_FRAME_CHUNK(958), attempt: 0
03-04 14:19:32.195   975  1190 V Robocol : sending CMD_RECEIVE_FRAME_CHUNK(959), attempt: 0
03-04 14:19:32.205   975  1190 V Robocol : sending CMD_RECEIVE_FRAME_CHUNK(961), attempt: 0
03-04 14:19:32.207   975  1190 V Robocol : sending CMD_RECEIVE_FRAME_CHUNK(962), attempt: 0
03-04 14:19:32.208   975  1190 V Robocol : sending CMD_RECEIVE_FRAME_CHUNK(965), attempt: 0
03-04 14:19:32.210   975  1190 V Robocol : sending CMD_RECEIVE_FRAME_CHUNK(966), attempt: 0
03-04 14:19:32.218   975  1190 V Robocol : sending CMD_RECEIVE_FRAME_CHUNK(967), attempt: 0
03-04 14:19:32.226   975  1190 V Robocol : sending CMD_RECEIVE_FRAME_CHUNK(968), attempt: 0
03-04 14:19:32.233   975  1162 V Robocol : received command: CMD_REQUEST_FRAME(10689) 
03-04 14:19:32.460   975  1162 V Robocol : received command: CMD_REQUEST_FRAME(10703) 
03-04 14:19:32.568   975  1190 V Robocol : sending CMD_RECEIVE_FRAME_BEGIN(1000), attempt: 0
03-04 14:19:32.568   975  1190 V Robocol : sending CMD_RECEIVE_FRAME_CHUNK(1001), attempt: 0
03-04 14:19:32.570   975  1190 V Robocol : sending CMD_RECEIVE_FRAME_CHUNK(1002), attempt: 0
03-04 14:19:32.571   975  1190 V Robocol : sending CMD_RECEIVE_FRAME_CHUNK(1003), attempt: 0
03-04 14:19:32.573   975  1190 V Robocol : sending CMD_RECEIVE_FRAME_CHUNK(1004), attempt: 0
03-04 14:19:32.579   975  1190 V Robocol : sending CMD_RECEIVE_FRAME_CHUNK(1005), attempt: 0
03-04 14:19:32.594   975  1190 V Robocol : sending CMD_RECEIVE_FRAME_CHUNK(1006), attempt: 0
03-04 14:19:32.605   975  1190 V Robocol : sending CMD_RECEIVE_FRAME_CHUNK(1007), attempt: 0
03-04 14:19:32.607   975  1190 V Robocol : sending CMD_RECEIVE_FRAME_CHUNK(1008), attempt: 0
03-04 14:19:32.608   975  1190 V Robocol : sending CMD_RECEIVE_FRAME_CHUNK(1011), attempt: 0
03-04 14:19:32.610   975  1190 V Robocol : sending CMD_RECEIVE_FRAME_CHUNK(1012), attempt: 0
03-04 14:19:32.620   975  1163 W art     : Long monitor contention with owner VuforiaFrameGenerator (1263) at void org.firstinspires.ftc.robotcore.internal.tfod.TFObjectDetectorImpl.accept(android.graphics.Bitmap)(TFObjectDetectorImpl.java:254) waiters=0 in void org.firstinspires.ftc.robotcore.internal.tfod.TFObjectDetectorImpl.getFrameBitmap(org.firstinspires.ftc.robotcore.external.function.Continuation) for 139ms
03-04 14:19:32.635   975  1190 V Robocol : sending CMD_RECEIVE_FRAME_CHUNK(1013), attempt: 0
03-04 14:19:32.636   975  1190 V Robocol : sending CMD_RECEIVE_FRAME_CHUNK(1014), attempt: 0
03-04 14:19:32.641   975  1190 V Robocol : sending CMD_RECEIVE_FRAME_CHUNK(1015), attempt: 0
03-04 14:19:32.642   975  1190 V Robocol : sending CMD_RECEIVE_FRAME_CHUNK(1016), attempt: 0
03-04 14:19:32.644   975  1190 V Robocol : sending CMD_RECEIVE_FRAME_CHUNK(1017), attempt: 0
03-04 14:19:32.645   975  1190 V Robocol : sending CMD_RECEIVE_FRAME_CHUNK(1018), attempt: 0
03-04 14:19:32.647   975  1190 V Robocol : sending CMD_RECEIVE_FRAME_CHUNK(1019), attempt: 0
03-04 14:19:32.649   975  1190 V Robocol : sending CMD_RECEIVE_FRAME_CHUNK(1020), attempt: 0
03-04 14:19:32.650   975  1190 V Robocol : sending CMD_RECEIVE_FRAME_CHUNK(1021), attempt: 0
03-04 14:19:32.652   975  1190 V Robocol : sending CMD_RECEIVE_FRAME_CHUNK(1025), attempt: 0
03-04 14:19:32.654   975  1190 V Robocol : sending CMD_RECEIVE_FRAME_CHUNK(1026), attempt: 0
03-04 14:19:32.682   975  1265 I native  : Registering the position of 151677175 at 204.91,62.22,246.61,107.10
03-04 14:19:32.683   975  1265 I native  : Registering the position of 151677175 at 204.91,62.22,246.61,107.10 at time 47450784829
03-04 14:19:32.684   975  1265 I native  : Registering the position of 192160612 at 204.91,26.01,250.24,63.24
03-04 14:19:32.685   975  1265 I native  : Registering the position of 192160612 at 204.91,26.01,250.24,63.24 at time 47450784829
03-04 14:19:33.016   975  1264 I native  : Registering the position of 110344653 at 205.81,27.03,249.33,62.22
03-04 14:19:33.016   975  1264 I native  : Registering the position of 110344653 at 205.81,27.03,249.33,62.22 at time 47956129172
03-04 14:19:33.018   975  1264 I native  : Registering the position of 17875586 at 205.81,61.71,246.61,106.59
03-04 14:19:33.018   975  1264 I native  : Registering the position of 17875586 at 205.81,61.71,246.61,106.59 at time 47956129172
03-04 14:19:33.245   975  1190 V Robocol : sending CMD_RECEIVE_FRAME_BEGIN(1050), attempt: 0
03-04 14:19:33.246   975  1190 V Robocol : sending CMD_RECEIVE_FRAME_CHUNK(1051), attempt: 0
03-04 14:19:33.247   975  1190 V Robocol : sending CMD_RECEIVE_FRAME_CHUNK(1052), attempt: 0
03-04 14:19:33.249   975  1190 V Robocol : sending CMD_RECEIVE_FRAME_CHUNK(1053), attempt: 0
03-04 14:19:33.250   975  1190 V Robocol : sending CMD_RECEIVE_FRAME_CHUNK(1054), attempt: 0
03-04 14:19:33.252   975  1190 V Robocol : sending CMD_RECEIVE_FRAME_CHUNK(1055), attempt: 0
03-04 14:19:33.286   975  1190 V Robocol : sending CMD_RECEIVE_FRAME_CHUNK(1056), attempt: 0
03-04 14:19:33.287   975  1190 V Robocol : sending CMD_RECEIVE_FRAME_CHUNK(1057), attempt: 0
03-04 14:19:33.290   975  1190 V Robocol : sending CMD_RECEIVE_FRAME_CHUNK(1058), attempt: 0
03-04 14:19:33.303   975  1190 V Robocol : sending CMD_RECEIVE_FRAME_CHUNK(1059), attempt: 0
03-04 14:19:33.305   975  1190 V Robocol : sending CMD_RECEIVE_FRAME_CHUNK(1060), attempt: 0
03-04 14:19:33.315   975  1190 V Robocol : sending CMD_RECEIVE_FRAME_CHUNK(1065), attempt: 0
03-04 14:19:33.321   975  1190 V Robocol : sending CMD_RECEIVE_FRAME_CHUNK(1066), attempt: 0
03-04 14:19:33.323   975  1190 V Robocol : sending CMD_RECEIVE_FRAME_CHUNK(1067), attempt: 0
03-04 14:19:33.325   975  1190 V Robocol : sending CMD_RECEIVE_FRAME_CHUNK(1068), attempt: 0
03-04 14:19:33.327   975  1190 V Robocol : sending CMD_RECEIVE_FRAME_CHUNK(1073), attempt: 0
03-04 14:19:33.330   975  1190 V Robocol : sending CMD_RECEIVE_FRAME_CHUNK(1074), attempt: 0
03-04 14:19:33.333   975  1190 V Robocol : sending CMD_RECEIVE_FRAME_CHUNK(1075), attempt: 0
