03-04 12:04:01.082   972  1484 V RobotCore: thread: 'OpModeThread' starting...
03-04 12:04:01.083   972  1484 I I2C     : Automatically initializing I2C device Rev2mDistanceSensor (USB (embedded); module 173; bus 1; addr7=0x29)
03-04 12:04:01.083   972  1484 D STMicroVL53L0X: : Checking to see if it's really a VL53L0X sensor...
03-04 12:04:01.087   972  1484 D STMicroVL53L0X: : Reg 0xC0 = ee (should be 0xEE)
03-04 12:04:01.090   972  1484 D STMicroVL53L0X: : Reg 0xC1 = aa (should be 0xAA)
03-04 12:04:01.093   972  1484 D STMicroVL53L0X: : Reg 0xC2 = 10 (should be 0x10)
03-04 12:04:01.096   972  1484 D STMicroVL53L0X: : Reg 0x51 = 0 (should be 0x0099)
03-04 12:04:01.099   972  1484 D STMicroVL53L0X: : Reg 0x61 = 0 (should be 0x0000)
03-04 12:04:01.112   972  1195 V Robocol : sending CMD_NOTIFY_INIT_OP_MODE(1687), attempt: 0
03-04 12:04:01.121   972  1484 D STMicroVL53L0X: : initial sig rate lim (MCPS) 0.000000
03-04 12:04:01.128   972  1484 D STMicroVL53L0X: : adjusted sig rate lim (MCPS) 0.250000
03-04 12:04:01.343   972  1484 I I2C     : Automatically initializing I2C device Rev2mDistanceSensor (USB (embedded); module 173; bus 2; addr7=0x29)
03-04 12:04:01.343   972  1484 D STMicroVL53L0X: : Checking to see if it's really a VL53L0X sensor...
03-04 12:04:01.347   972  1484 D STMicroVL53L0X: : Reg 0xC0 = ee (should be 0xEE)
03-04 12:04:01.350   972  1484 D STMicroVL53L0X: : Reg 0xC1 = aa (should be 0xAA)
03-04 12:04:01.354   972  1484 D STMicroVL53L0X: : Reg 0xC2 = 10 (should be 0x10)
03-04 12:04:01.357   972  1484 D STMicroVL53L0X: : Reg 0x51 = 0 (should be 0x0099)
03-04 12:04:01.360   972  1484 D STMicroVL53L0X: : Reg 0x61 = 0 (should be 0x0000)
03-04 12:04:01.379   972  1484 D STMicroVL53L0X: : initial sig rate lim (MCPS) 0.000000
03-04 12:04:01.383   972  1484 D STMicroVL53L0X: : adjusted sig rate lim (MCPS) 0.250000
03-04 12:04:01.610   972  1484 I I2C     : Automatically initializing I2C device RevColorSensorV3 (USB (embedded); module 173; bus 3; addr7=0x52)
03-04 12:04:01.611   972  1484 V BroadcomColorSensorImpl: internalInitialize()...
03-04 12:04:01.618   972  1484 V BroadcomColorSensorImpl: state: 07 37 20 1d 42 01 c2 
03-04 12:04:01.618   972  1484 V BroadcomColorSensorImpl: setGain(0x01)
03-04 12:04:01.621   972  1484 V BroadcomColorSensorImpl: setLEDParameters(0x37)
03-04 12:04:01.624   972  1484 V BroadcomColorSensorImpl: setProximityPulseCount(0x20)
03-04 12:04:01.628   972  1484 V BroadcomColorSensorImpl: setPSMeasRate(0x1d)
03-04 12:04:01.631   972  1484 V BroadcomColorSensorImpl: setLSMeasRate(0x42)
03-04 12:04:01.637   972  1484 V BroadcomColorSensorImpl: enable() enabled=0x07...
03-04 12:04:01.643   972  1484 V BroadcomColorSensorImpl: ...enable() enabled=0x07
03-04 12:04:01.647   972  1484 V BroadcomColorSensorImpl: state: 07 37 20 1d 42 01 c2 
03-04 12:04:01.647   972  1484 V BroadcomColorSensorImpl: ...internalInitialize()
03-04 12:04:01.648   972  1484 I I2C     : Automatically initializing I2C device RevColorSensorV3 (USB (embedded); module 2; bus 1; addr7=0x52)
03-04 12:04:01.648   972  1484 V BroadcomColorSensorImpl: internalInitialize()...
03-04 12:04:01.658   972  1484 V BroadcomColorSensorImpl: state: 07 37 20 1d 42 01 c2 
03-04 12:04:01.659   972  1484 V BroadcomColorSensorImpl: setGain(0x01)
03-04 12:04:01.663   972  1484 V BroadcomColorSensorImpl: setLEDParameters(0x37)
03-04 12:04:01.668   972  1484 V BroadcomColorSensorImpl: setProximityPulseCount(0x20)
03-04 12:04:01.673   972  1484 V BroadcomColorSensorImpl: setPSMeasRate(0x1d)
03-04 12:04:01.678   972  1484 V BroadcomColorSensorImpl: setLSMeasRate(0x42)
03-04 12:04:01.688   972  1484 V BroadcomColorSensorImpl: enable() enabled=0x07...
03-04 12:04:01.697   972  1484 V BroadcomColorSensorImpl: ...enable() enabled=0x07
03-04 12:04:01.703   972  1484 V BroadcomColorSensorImpl: state: 07 37 20 1d 42 01 c2 
03-04 12:04:01.703   972  1484 V BroadcomColorSensorImpl: ...internalInitialize()
03-04 12:04:01.743   972  1484 I I2C     : Automatically initializing I2C device LynxEmbeddedIMU (USB (embedded); module 173; bus 0; addr7=0x28)
03-04 12:04:01.744   972  1484 V BNO055  : Suppressing I2C warnings while we check for a BNO055 IMU
03-04 12:04:01.747   972  1484 V BNO055  : Found BNO055 IMU
03-04 12:04:02.181   972  1484 V BNO055IMU: Now polling until IMU comes out of reset. It is normal to see I2C failures below
03-04 12:04:02.185   972  1484 V RobotCore: addr=false data=true arb=false clock=false
03-04 12:04:02.186   972  1484 E LynxI2cDeviceSynch: readStatusQuery: cbExpected=1 cbRead=0
03-04 12:04:02.186   972  1484 E LynxI2cDeviceSynch: placeholder: readStatusQuery
03-04 12:04:02.250   972  1484 V RobotCore: addr=false data=true arb=false clock=false
03-04 12:04:02.251   972  1484 E LynxI2cDeviceSynch: readStatusQuery: cbExpected=1 cbRead=0
03-04 12:04:02.415   972  1484 V BNO055IMU: IMU has come out of reset. No more I2C failures should occur.
03-04 12:04:02.471   972  1484 D Vuforia : using camera by direction (classic): BACK
03-04 12:04:02.598   972  1484 D skia    : JPEG Decode 83
03-04 12:04:02.723   972  1484 I System.out: Native library libVuforia.so loaded
03-04 12:04:02.724   972  1484 D Vuforia : Vuforia.init()...
03-04 12:04:02.736   972  1484 I AR      : Vuforia selected rendering API OpenGL ES 2.x
03-04 12:04:02.736   972  1484 I AR      : Vuforia SDK version 7.4.3
03-04 12:04:02.780   972  1484 I CameraManagerGlobal: Connecting to camera service
03-04 12:04:03.382   972  1484 D Vuforia : ...Vuforia.init()
03-04 12:04:03.391   972  1516 D NetworkSecurityConfig: No Network Security Config specified, using platform default
03-04 12:04:03.610   972  1484 I AR      : ObjectTracker: This device doesn't support model targets extended tracking, extended tracking will be turned off
03-04 12:04:03.832   972  1195 V Robocol : sending CMD_STREAM_CHANGE(1716), attempt: 0
03-04 12:04:03.834   972  1195 V Robocol : sending CMD_STREAM_CHANGE(1717), attempt: 0
03-04 12:04:04.381   972  1550 I tflite  : Initialized TensorFlow Lite runtime.
03-04 12:04:04.421   972  1168 V Robocol : received command: CMD_RUN_OP_MODE(11639) AutoV11RedLeft
03-04 12:04:04.432   972  1550 I native  : Initializing object tracker. 272x153 @0x761e8fd264
03-04 12:04:04.433   972  1195 V Robocol : sending CMD_NOTIFY_RUN_OP_MODE(1729), attempt: 0
03-04 12:04:04.434   972  1550 I native  : Initialized!
03-04 12:04:04.536   972  1551 E cpuinfo : failed to parse file /sys/devices/system/cpu/kernel_max: "-1
03-04 12:04:04.536   972  1551 E cpuinfo : " is not an unsigned number
03-04 12:04:04.537   972  1551 E cpuinfo : failed to parse file /sys/devices/system/cpu/kernel_max: "-1
03-04 12:04:04.537   972  1551 E cpuinfo : " is not an unsigned number
03-04 12:04:04.537   972  1551 E cpuinfo : failed to parse file /sys/devices/system/cpu/kernel_max: "-1
03-04 12:04:04.537   972  1551 E cpuinfo : " is not an unsigned number
03-04 12:04:04.537   972  1551 E cpuinfo : failed to parse file /sys/devices/system/cpu/kernel_max: "-1
03-04 12:04:04.537   972  1551 E cpuinfo : " is not an unsigned number
03-04 12:04:06.077   972  1552 I native  : Registering the position of 200342033 at 177.71,56.61,223.04,99.45
03-04 12:04:06.079   972  1552 I native  : Registering the position of 200342033 at 177.71,56.61,223.04,99.45 at time 129778396267
03-04 12:04:06.085   972  1552 I native  : Registering the position of 200398710 at 183.15,22.44,220.32,56.61
03-04 12:04:06.085   972  1552 I native  : Registering the position of 200398710 at 183.15,22.44,220.32,56.61 at time 129778396267
03-04 12:04:06.360   972  1551 I native  : Registering the position of 14868855 at 177.71,56.61,223.04,99.45
03-04 12:04:06.361   972  1551 I native  : Registering the position of 14868855 at 177.71,56.61,223.04,99.45 at time 129849074983
03-04 12:04:06.366   972  1551 I native  : Registering the position of 173437412 at 183.15,22.44,220.32,56.61
03-04 12:04:06.367   972  1551 I native  : Registering the position of 173437412 at 183.15,22.44,220.32,56.61 at time 129849074983
03-04 12:04:06.818   972  1552 I native  : Registering the position of 131737165 at 177.71,56.10,223.04,99.45
03-04 12:04:06.819   972  1552 I native  : Registering the position of 131737165 at 177.71,56.10,223.04,99.45 at time 130446969251
03-04 12:04:06.821   972  1552 I native  : Registering the position of 203158786 at 183.15,22.44,221.23,56.61
03-04 12:04:06.821   972  1552 I native  : Registering the position of 203158786 at 183.15,22.44,221.23,56.61 at time 130446969251
03-04 12:04:07.115   972  1551 I native  : Registering the position of 236592659 at 177.71,56.10,223.04,99.45
03-04 12:04:07.117   972  1551 I native  : Registering the position of 236592659 at 177.71,56.10,223.04,99.45 at time 130728675821
03-04 12:04:07.122   972  1551 I native  : Registering the position of 200984656 at 183.15,22.44,220.32,56.61
03-04 12:04:07.123   972  1551 I native  : Registering the position of 200984656 at 183.15,22.44,220.32,56.61 at time 130728675821
03-04 12:04:07.797   972  1552 I native  : Registering the position of 11524681 at 177.71,56.61,223.04,99.96
03-04 12:04:07.797   972  1552 I native  : Registering the position of 11524681 at 177.71,56.61,223.04,99.96 at time 131188455409
03-04 12:04:07.799   972  1552 I native  : Registering the position of 215506766 at 183.15,22.44,220.32,56.61
03-04 12:04:07.799   972  1552 I native  : Registering the position of 215506766 at 183.15,22.44,220.32,56.61 at time 131188455409
03-04 12:04:08.047   972  1551 I native  : Registering the position of 159287407 at 184.05,21.42,224.85,56.61
03-04 12:04:08.048   972  1551 I native  : Registering the position of 159287407 at 184.05,21.42,224.85,56.61 at time 131499137899
03-04 12:04:08.050   972  1551 I native  : Registering the position of 223091068 at 176.80,56.61,227.57,102.00
03-04 12:04:08.050   972  1551 I native  : Registering the position of 223091068 at 176.80,56.61,227.57,102.00 at time 131499137899
03-04 12:04:08.759   972  1552 I native  : Registering the position of 185782789 at 146.88,53.04,231.20,132.09
03-04 12:04:08.760   972  1552 I native  : Registering the position of 185782789 at 146.88,53.04,231.20,132.09 at time 132152150756
03-04 12:04:08.764   972  1552 I native  : Registering the position of 132063834 at 161.39,0.00,228.48,55.08
03-04 12:04:08.765   972  1552 I native  : Registering the position of 132063834 at 161.39,0.00,228.48,55.08 at time 132152150756
03-04 12:04:08.866   972  1551 I native  : Registering the position of 34946187 at 138.72,-0.51,241.17,54.06
03-04 12:04:08.866   972  1551 I native  : Registering the position of 34946187 at 138.72,-0.51,241.17,54.06 at time 132427390200
03-04 12:04:10.330   972  1484 I DbgLog  : Turn: RAD=-0.04777778 DEG=-2.7374651141470636 POWER=0.13866666585206985
03-04 12:04:10.385   972  1484 I DbgLog  : Turn: RAD=-0.03888889 DEG=-2.2281692839207126 POWER=0.13466666519641876
03-04 12:04:10.434   972  1484 I DbgLog  : Turn: RAD=-0.026666667 DEG=-1.0822536125505697 POWER=0.1173333342373371
03-04 12:04:10.482   972  1484 I DbgLog  : Turn: RAD=-0.0044444446 DEG=-0.0 POWER=0.09333333365619183
03-04 12:04:10.523   972  1484 I DbgLog  : IMU DEG=0.5008067588616715
03-04 12:04:10.532   972  1484 I DbgLog  : IMU DEG ERROR=-0.691806168811908
03-04 12:04:14.562   972   986 W art     : Suspending all threads took: 5.004ms
03-04 12:04:14.686   972  1484 I DbgLog  : IMU DEG=0.37349205941306024
03-04 12:04:14.703   972  1484 I DbgLog  : IMU DEG ERROR=-0.5008067588616715
03-04 12:04:16.406   972  1484 I DbgLog  : Turn: RAD=0.024296585 DEG=1.3920918040349755 POWER=-0.10648885697126388
03-04 12:04:16.453   972  1484 I DbgLog  : Turn: RAD=0.019851986 DEG=1.0101203048911822 POWER=-0.1091559025645256
03-04 12:04:16.510   972  1484 I DbgLog  : Turn: RAD=0.008740727 DEG=0.37349205941306024 POWER=-0.09848886460065842
03-04 12:04:16.530   972  1484 I DbgLog  : IMU DEG=0.0551779099935728
03-04 12:04:16.538   972  1484 I DbgLog  : IMU DEG ERROR=0.06366197877829388
03-04 12:04:17.757   972  1484 I DbgLog  : IMU DEG=0.8191208949409458
03-04 12:04:17.764   972  1484 I DbgLog  : IMU DEG ERROR=-0.8191208949409458
03-04 12:04:18.311   972  1484 I DbgLog  : IMU DEG=-0.7002817398808063
03-04 12:04:18.319   972  1484 I DbgLog  : IMU DEG ERROR=0.7002817398808063
03-04 12:04:21.016   972  1484 I DbgLog  : IMU DEG=0.37349205941306024
03-04 12:04:21.023   972  1484 I DbgLog  : IMU DEG ERROR=-0.30983469634854144
03-04 12:04:23.736   972  1484 W EventLoopManager: Failed to send telemetry data
03-04 12:04:23.748   972  1484 E EventLoopManager: com.qualcomm.robotcore.exception.RobotCoreException: Cannot have more than 255 string data points
03-04 12:04:23.776   972  1484 E EventLoopManager: 	at com.qualcomm.robotcore.robocol.TelemetryMessage.toByteArray(TelemetryMessage.java:211)
03-04 12:04:23.778   972  1484 E EventLoopManager: 	at com.qualcomm.robotcore.robocol.RobocolParsableBase.toByteArrayForTransmission(RobocolParsableBase.java:101)
03-04 12:04:23.789   972  1484 E EventLoopManager: 	at com.qualcomm.robotcore.robocol.RobocolDatagram.<init>(RobocolDatagram.java:50)
03-04 12:04:23.805   972  1484 E EventLoopManager: 	at org.firstinspires.ftc.robotcore.internal.network.NetworkConnectionHandler.sendDataToPeer(NetworkConnectionHandler.java:572)
03-04 12:04:23.808   972  1484 E EventLoopManager: 	at com.qualcomm.robotcore.eventloop.EventLoopManager.sendTelemetryData(EventLoopManager.java:570)
03-04 12:04:23.820   972  1484 E EventLoopManager: 	at com.qualcomm.ftccommon.FtcEventLoopHandler.refreshUserTelemetry(FtcEventLoopHandler.java:434)
03-04 12:04:23.830   972  1484 E EventLoopManager: 	at com.qualcomm.ftccommon.FtcEventLoop.refreshUserTelemetry(FtcEventLoop.java:266)
03-04 12:04:23.832   972  1484 E EventLoopManager: 	at com.qualcomm.robotcore.eventloop.opmode.OpModeManagerImpl.refreshUserTelemetry(OpModeManagerImpl.java:769)
03-04 12:04:23.834   972  1484 E EventLoopManager: 	at com.qualcomm.robotcore.eventloop.opmode.OpMode.internalUpdateTelemetryNow(OpMode.java:236)
03-04 12:04:23.844   972  1484 E EventLoopManager: 	at com.qualcomm.robotcore.eventloop.opmode.OpModeManagerImpl.updateTelemetryNow(OpModeManagerImpl.java:765)
03-04 12:04:23.846   972  1484 E EventLoopManager: 	at org.firstinspires.ftc.robotcore.internal.opmode.TelemetryImpl.tryUpdate(TelemetryImpl.java:716)
03-04 12:04:23.851   972  1484 E EventLoopManager: 	at org.firstinspires.ftc.robotcore.internal.opmode.TelemetryImpl.update(TelemetryImpl.java:676)
03-04 12:04:23.859   972  1484 E EventLoopManager: 	at org.firstinspires.ftc.teamcode.AutoV11RedLeft.pointDirection(AutoV11RedLeft.java:336)
03-04 12:04:23.865   972  1484 E EventLoopManager: 	at org.firstinspires.ftc.teamcode.AutoV11RedLeft.autoCycle(AutoV11RedLeft.java:615)
03-04 12:04:23.875   972  1484 E EventLoopManager: 	at org.firstinspires.ftc.teamcode.AutoV11RedLeft.runOpMode(AutoV11RedLeft.java:771)
03-04 12:04:23.879   972  1484 E EventLoopManager: 	at com.qualcomm.robotcore.eventloop.opmode.LinearOpMode.internalRunOpMode(LinearOpMode.java:169)
03-04 12:04:23.884   972  1484 E EventLoopManager: 	at com.qualcomm.robotcore.eventloop.opmode.OpModeInternal.lambda$internalInit$1$com-qualcomm-robotcore-eventloop-opmode-OpModeInternal(OpModeInternal.java:180)
03-04 12:04:23.886   972  1484 E EventLoopManager: 	at com.qualcomm.robotcore.eventloop.opmode.OpModeInternal$$ExternalSyntheticLambda1.run(D8$$SyntheticClass)
03-04 12:04:23.888   972  1484 E EventLoopManager: 	at com.qualcomm.robotcore.util.ThreadPool.logThreadLifeCycle(ThreadPool.java:737)
03-04 12:04:23.894   972  1484 E EventLoopManager: 	at com.qualcomm.robotcore.eventloop.opmode.OpModeInternal.lambda$internalInit$2$com-qualcomm-robotcore-eventloop-opmode-OpModeInternal(OpModeInternal.java:178)
03-04 12:04:23.903   972  1484 E EventLoopManager: 	at com.qualcomm.robotcore.eventloop.opmode.OpModeInternal$$ExternalSyntheticLambda2.run(D8$$SyntheticClass)
03-04 12:04:23.912   972  1484 E EventLoopManager: 	at java.util.concurrent.ThreadPoolExecutor.runWorker(ThreadPoolExecutor.java:1133)
03-04 12:04:23.914   972  1484 E EventLoopManager: 	at java.util.concurrent.ThreadPoolExecutor$Worker.run(ThreadPoolExecutor.java:607)
03-04 12:04:23.920   972  1484 E EventLoopManager: 	at com.qualcomm.robotcore.util.ThreadPool$ThreadFactoryImpl$1.run(ThreadPool.java:793)
03-04 12:04:23.921   972  1484 E EventLoopManager: 	at java.lang.Thread.run(Thread.java:761)
03-04 12:04:23.950   972  1484 I DbgLog  : IMU DEG=0.37349205941306024
03-04 12:04:23.958   972  1484 I DbgLog  : IMU DEG ERROR=-0.37349205941306024
03-04 12:04:24.595   972  1484 I DbgLog  : Turn: RAD=0.026518647 DEG=1.4557491670994942 POWER=0.5
03-04 12:04:24.618   972  1484 I DbgLog  : Turn: RAD=0.019851986 DEG=1.201092394084739 POWER=0.5
03-04 12:04:24.663   972  1484 I DbgLog  : Turn: RAD=0.038740937 DEG=3.874893101534702 POWER=0.5
03-04 12:04:24.703   972  1484 I DbgLog  : Turn: RAD=0.119851895 DEG=7.949264439100565 POWER=0.5
03-04 12:04:24.757   972  1484 I DbgLog  : Turn: RAD=0.22207433 DEG=15.46137969584739 POWER=0.5
03-04 12:04:24.789   972  1484 I DbgLog  : Turn: RAD=0.31985217 DEG=19.72672354949363 POWER=0.5
03-04 12:04:24.817   972  1484 I DbgLog  : Turn: RAD=0.39651853 DEG=24.24672417615463 POWER=0.5
03-04 12:04:24.864   972  1484 I DbgLog  : Turn: RAD=0.478741 DEG=29.021381575830382 POWER=0.5
03-04 12:04:24.897   972  1484 I DbgLog  : Turn: RAD=0.6120742 DEG=36.59715419564173 POWER=0.5
03-04 12:04:24.922   972  1484 I DbgLog  : Turn: RAD=0.68985206 DEG=39.525611462663036 POWER=0.5
03-04 12:04:24.953   972  1484 I DbgLog  : Turn: RAD=0.7420743 DEG=43.918270042438316 POWER=0.5
03-04 12:04:24.989   972  1484 I DbgLog  : Turn: RAD=0.8165186 DEG=48.24729857990575 POWER=0.5
03-04 12:04:25.048   972  1484 I DbgLog  : Turn: RAD=0.96874076 DEG=56.90532833408396 POWER=0.5
03-04 12:04:25.128   972  1484 I DbgLog  : Turn: RAD=1.1520742 DEG=69.12841972177992 POWER=0.5
03-04 12:04:25.175   972  1484 I DbgLog  : Turn: RAD=1.3142966 DEG=76.83153438847698 POWER=0.5
03-04 12:04:25.209   972  1484 I DbgLog  : Turn: RAD=1.4209632 DEG=81.4151923782025 POWER=0.5
03-04 12:04:25.247   972  1484 I DbgLog  : Turn: RAD=1.49763 DEG=87.33576427530963 POWER=0.5
03-04 12:04:25.295   972  1484 I DbgLog  : Turn: RAD=1.600963 DEG=94.65688012210622 POWER=0.5
03-04 12:04:25.356   972  1484 I DbgLog  : Turn: RAD=1.7787408 DEG=103.31490987628442 POWER=0.4498408816104758
03-04 12:04:25.397   972  1484 I DbgLog  : Turn: RAD=1.9031852 DEG=110.44505363388745 POWER=0.29784102656897193
03-04 12:04:25.440   972  1484 I DbgLog  : Turn: RAD=1.9765185 DEG=114.58308276140465 POWER=0.14984088161047585
03-04 12:04:25.478   972  1484 I DbgLog  : Turn: RAD=2.0854075 DEG=119.48504805702028 POWER=0.11784113147314673
03-04 12:04:25.539   972  1484 I DbgLog  : Turn: RAD=2.1565187 DEG=125.34193527030621 POWER=-0.135492303585447
03-04 12:04:25.611   972  1484 I DbgLog  : Turn: RAD=2.213185 DEG=126.80616390381687 POWER=-0.1648257233852517
03-04 12:04:25.672   972  1484 I DbgLog  : Turn: RAD=2.189852 DEG=125.21462054417718 POWER=-0.15149221203271263
03-04 12:04:25.718   972  1484 I DbgLog  : Turn: RAD=2.1665184 DEG=124.13236340981032 POWER=-0.1248251893276345
03-04 12:04:25.758   972  1484 I DbgLog  : Turn: RAD=2.149852 DEG=123.17744832232917 POWER=-0.17682550213281029
03-04 12:04:25.806   972  1484 I DbgLog  : Turn: RAD=2.128741 DEG=121.96787646183327 POWER=-0.1594922806972634
03-04 12:04:25.858   972  1484 I DbgLog  : Turn: RAD=2.1054075 DEG=120.63096255445166 POWER=-0.13682554027978294
03-04 12:04:25.905   972  1484 I DbgLog  : Turn: RAD=2.0854075 DEG=119.48504805702028 POWER=-0.10349233410302514
03-04 12:04:25.943   972  1484 I DbgLog  : Turn: RAD=2.0776298 DEG=118.91207714792625 POWER=-0.08615854046288841
03-04 12:04:25.966   972  1484 I DbgLog  : IMU DEG=118.65744769566818
03-04 12:04:25.971   972  1484 I DbgLog  : IMU DEG ERROR=0.406209667396345
03-04 12:04:27.043   972  1484 W EventLoopManager: Failed to send telemetry data
03-04 12:04:27.046   972  1484 E EventLoopManager: com.qualcomm.robotcore.exception.RobotCoreException: Cannot have more than 255 string data points
03-04 12:04:27.047   972  1484 E EventLoopManager: 	at com.qualcomm.robotcore.robocol.TelemetryMessage.toByteArray(TelemetryMessage.java:211)
03-04 12:04:27.053   972  1484 E EventLoopManager: 	at com.qualcomm.robotcore.robocol.RobocolParsableBase.toByteArrayForTransmission(RobocolParsableBase.java:101)
03-04 12:04:27.058   972  1484 E EventLoopManager: 	at com.qualcomm.robotcore.robocol.RobocolDatagram.<init>(RobocolDatagram.java:50)
03-04 12:04:27.059   972  1484 E EventLoopManager: 	at org.firstinspires.ftc.robotcore.internal.network.NetworkConnectionHandler.sendDataToPeer(NetworkConnectionHandler.java:572)
03-04 12:04:27.060   972  1484 E EventLoopManager: 	at com.qualcomm.robotcore.eventloop.EventLoopManager.sendTelemetryData(EventLoopManager.java:570)
03-04 12:04:27.061   972  1484 E EventLoopManager: 	at com.qualcomm.ftccommon.FtcEventLoopHandler.refreshUserTelemetry(FtcEventLoopHandler.java:434)
03-04 12:04:27.061   972  1484 E EventLoopManager: 	at com.qualcomm.ftccommon.FtcEventLoop.refreshUserTelemetry(FtcEventLoop.java:266)
03-04 12:04:27.062   972  1484 E EventLoopManager: 	at com.qualcomm.robotcore.eventloop.opmode.OpModeManagerImpl.refreshUserTelemetry(OpModeManagerImpl.java:769)
03-04 12:04:27.063   972  1484 E EventLoopManager: 	at com.qualcomm.robotcore.eventloop.opmode.OpMode.internalUpdateTelemetryNow(OpMode.java:236)
03-04 12:04:27.064   972  1484 E EventLoopManager: 	at com.qualcomm.robotcore.eventloop.opmode.OpModeManagerImpl.updateTelemetryNow(OpModeManagerImpl.java:765)
03-04 12:04:27.065   972  1484 E EventLoopManager: 	at org.firstinspires.ftc.robotcore.internal.opmode.TelemetryImpl.tryUpdate(TelemetryImpl.java:716)
03-04 12:04:27.066   972  1484 E EventLoopManager: 	at org.firstinspires.ftc.robotcore.internal.opmode.TelemetryImpl.update(TelemetryImpl.java:676)
03-04 12:04:27.066   972  1484 E EventLoopManager: 	at org.firstinspires.ftc.teamcode.AutoV11RedLeft.driveVertical(AutoV11RedLeft.java:405)
03-04 12:04:27.067   972  1484 E EventLoopManager: 	at org.firstinspires.ftc.teamcode.AutoV11RedLeft.autoCycle(AutoV11RedLeft.java:623)
03-04 12:04:27.067   972  1484 E EventLoopManager: 	at org.firstinspires.ftc.teamcode.AutoV11RedLeft.runOpMode(AutoV11RedLeft.java:771)
03-04 12:04:27.068   972  1484 E EventLoopManager: 	at com.qualcomm.robotcore.eventloop.opmode.LinearOpMode.internalRunOpMode(LinearOpMode.java:169)
03-04 12:04:27.070   972  1484 E EventLoopManager: 	at com.qualcomm.robotcore.eventloop.opmode.OpModeInternal.lambda$internalInit$1$com-qualcomm-robotcore-eventloop-opmode-OpModeInternal(OpModeInternal.java:180)
03-04 12:04:27.071   972  1484 E EventLoopManager: 	at com.qualcomm.robotcore.eventloop.opmode.OpModeInternal$$ExternalSyntheticLambda1.run(D8$$SyntheticClass)
03-04 12:04:27.071   972  1484 E EventLoopManager: 	at com.qualcomm.robotcore.util.ThreadPool.logThreadLifeCycle(ThreadPool.java:737)
03-04 12:04:27.072   972  1484 E EventLoopManager: 	at com.qualcomm.robotcore.eventloop.opmode.OpModeInternal.lambda$internalInit$2$com-qualcomm-robotcore-eventloop-opmode-OpModeInternal(OpModeInternal.java:178)
03-04 12:04:27.072   972  1484 E EventLoopManager: 	at com.qualcomm.robotcore.eventloop.opmode.OpModeInternal$$ExternalSyntheticLambda2.run(D8$$SyntheticClass)
03-04 12:04:27.073   972  1484 E EventLoopManager: 	at java.util.concurrent.ThreadPoolExecutor.runWorker(ThreadPoolExecutor.java:1133)
03-04 12:04:27.073   972  1484 E EventLoopManager: 	at java.util.concurrent.ThreadPoolExecutor$Worker.run(ThreadPoolExecutor.java:607)
03-04 12:04:27.074   972  1484 E EventLoopManager: 	at com.qualcomm.robotcore.util.ThreadPool$ThreadFactoryImpl$1.run(ThreadPool.java:793)
03-04 12:04:27.074   972  1484 E EventLoopManager: 	at java.lang.Thread.run(Thread.java:761)
03-04 12:04:28.854   972  1484 I DbgLog  : Turn: RAD=2.0554073 DEG=117.76616265049488 POWER=-0.5
03-04 12:04:28.878   972  1484 I DbgLog  : Turn: RAD=2.0565188 DEG=117.82984733431607 POWER=-0.5
03-04 12:04:28.909   972  1484 I DbgLog  : Turn: RAD=2.0431855 DEG=117.06590433602848 POWER=-0.5
03-04 12:04:28.951   972  1484 I DbgLog  : Turn: RAD=1.9865187 DEG=112.86419735487925 POWER=-0.5
03-04 12:04:28.987   972  1484 I DbgLog  : Turn: RAD=1.9087409 DEG=109.3627964995206 POWER=-0.45620046138921494
03-04 12:04:29.040   972  1484 I DbgLog  : Turn: RAD=1.8176297 DEG=101.59602446975902 POWER=-0.352199988366754
03-04 12:04:29.095   972  1484 I DbgLog  : Turn: RAD=1.6887411 DEG=95.61182253034404 POWER=-0.2148668813721251
03-04 12:04:29.150   972  1484 I DbgLog  : Turn: RAD=1.5709633 DEG=88.99096499801384 POWER=-0.14953378200689071
03-04 12:04:29.215   972  1484 I DbgLog  : Turn: RAD=1.4942964 DEG=85.61687886878423 POWER=0.11979963779291396
03-04 12:04:29.263   972  1484 I DbgLog  : Turn: RAD=1.4409631 DEG=82.56110687563388 POWER=0.13979982852777723
03-04 12:04:29.311   972  1484 I DbgLog  : Turn: RAD=1.4587411 DEG=83.8343360991943 POWER=0.14646658420404676
03-04 12:04:29.369   972  1484 I DbgLog  : Turn: RAD=1.4765185 DEG=85.04393528044687 POWER=0.12513308048090224
03-04 12:04:29.416   972  1484 I DbgLog  : Turn: RAD=1.4965185 DEG=85.93519300486349 POWER=0.1797998666747499
03-04 12:04:29.456   972  1484 I DbgLog  : Turn: RAD=1.5098518 DEG=86.82645072928013 POWER=0.15713312625726944
03-04 12:04:29.499   972  1484 I DbgLog  : Turn: RAD=1.5365189 DEG=88.35433672585529 POWER=0.1411331415160585
03-04 12:04:29.533   972  1484 I DbgLog  : Turn: RAD=1.5542964 DEG=89.05462236107836 POWER=0.10779993533930067
03-04 12:04:29.587   972  1484 I DbgLog  : Turn: RAD=1.5776299 DEG=90.58250835765354 POWER=0.08779966831049209
03-04 12:04:29.635   972  1484 I DbgLog  : IMU DEG=91.09182190368304
03-04 12:04:29.641   972  1484 I DbgLog  : IMU DEG ERROR=-1.2827939928766021
03-04 12:04:30.188   972  1484 I DbgLog  : Turn: RAD=1.6054076 DEG=91.98307962809967 POWER=-0.12020028591314073
03-04 12:04:30.227   972  1484 I DbgLog  : Turn: RAD=1.6065186 DEG=91.98307962809967 POWER=-0.12286675930181261
03-04 12:04:30.269   972  1484 I DbgLog  : Turn: RAD=1.5987409 DEG=91.60110812895587 POWER=-0.1188670492188048
03-04 12:04:30.329   972  1484 I DbgLog  : Turn: RAD=1.5876297 DEG=90.8371651306683 POWER=-0.10686677456060167
03-04 12:04:30.394   972  1484 I DbgLog  : Turn: RAD=1.5754074 DEG=90.20053685850974 POWER=-0.09086678981939074
03-04 12:04:30.428   972  1484 I DbgLog  : IMU DEG=90.00956476931619
03-04 12:04:30.436   972  1484 I DbgLog  : IMU DEG ERROR=0.05409259374833372
03-04 12:04:30.488   972  1484 I DbgLog  : IMU DEG=89.94590740625166
03-04 12:04:30.495   972  1484 I DbgLog  : IMU DEG ERROR=0.05409259374833372
03-04 12:04:32.489   972  1484 I DbgLog  : Turn: RAD=1.5476297 DEG=88.67265086193457 POWER=0.10646669864496473
03-04 12:04:32.557   972  1484 I DbgLog  : Turn: RAD=1.5554074 DEG=89.43659386022216 POWER=0.10779993533930067
03-04 12:04:32.599   972  1484 I DbgLog  : Turn: RAD=1.5687407 DEG=89.88222272243047 POWER=0.08779966831049209
03-04 12:04:32.625   972  1484 I DbgLog  : IMU DEG=90.0732221323807
03-04 12:04:32.630   972  1484 I DbgLog  : IMU DEG ERROR=-0.20053685850974162
03-04 12:04:34.463   972  1168 V Robocol : received command: CMD_INIT_OP_MODE(11969) $Stop$Robot$
03-04 12:04:34.473   972  1169 I RobotCore: ******************** STOP - OPMODE /storage/emulated/0/FIRST/matchlogs/Match-0-AutoV11RedLeft.txt ********************
03-04 12:04:34.489   972  1753 I RobotCore: saving match logcat to /storage/emulated/0/FIRST/matchlogs/Match-0-AutoV11RedLeft.txt
03-04 12:04:34.489   972  1753 I RobotCore: logging command line: exec logcat -d -T '3-4 12:4:0.000' -f '/storage/emulated/0/FIRST/matchlogs/Match-0-AutoV11RedLeft.txt' -n4 -v threadtime UsbRequestJNI:S UsbRequest:S art:W ThreadPool:W System:W ExtendedExtractor:W OMXClient:W MediaPlayer:W dalvikvm:W  *:V
03-04 12:04:34.492   972  1484 D RobotCore: User runOpModeMethod exited
03-04 12:04:34.492   972  1484 V RobotCore: thread: ...terminating 'OpModeThread'
03-04 12:04:34.512   972  1195 V Robocol : sending CMD_STREAM_CHANGE(2064), attempt: 0
03-04 12:04:34.523  1754  1754 I sh      : type=1400 audit(0.0:137): avc: denied { read } for name="/" dev="rootfs" ino=1 scontext=u:r:untrusted_app:s0:c512,c768 tcontext=u:object_r:rootfs:s0 tclass=dir permissive=1
03-04 12:04:34.523  1754  1754 I sh      : type=1400 audit(0.0:138): avc: denied { open } for path="/" dev="rootfs" ino=1 scontext=u:r:untrusted_app:s0:c512,c768 tcontext=u:object_r:rootfs:s0 tclass=dir permissive=1
03-04 12:04:34.643   972  1753 I RobotCore: Done running exec logcat -d -T '3-4 12:4:0.000' -f '/storage/emulated/0/FIRST/matchlogs/Match-0-AutoV11RedLeft.txt' -n4 -v threadtime UsbRequestJNI:S UsbRequest:S art:W ThreadPool:W System:W ExtendedExtractor:W OMXClient:W MediaPlayer:W dalvikvm:W  *:V
03-04 12:04:34.643   972  1753 I RobotCore: exiting match logcat for /storage/emulated/0/FIRST/matchlogs/Match-0-AutoV11RedLeft.txt
03-04 12:04:35.218   972  1181 D Vuforia : Vuforia.deinit()...
03-04 12:04:35.671   972  1181 D Vuforia : ...Vuforia.deinit()
03-04 12:04:35.674   972  1181 I RobotCore: Attempting to switch to op mode $Stop$Robot$
03-04 12:04:35.674   972  1181 D HardwareMap: Clearing which device instances have been retrieved
03-04 12:04:35.675   972  1181 D HardwareMap: Clearing which device instances have been retrieved
03-04 12:04:35.679   972  1764 V RobotCore: thread: 'OpModeThread' starting...
03-04 12:04:35.712   972  1195 V Robocol : sending CMD_NOTIFY_INIT_OP_MODE(2082), attempt: 0
03-04 12:04:35.743   972  1168 V Robocol : received command: CMD_RUN_OP_MODE(11988) $Stop$Robot$
03-04 12:04:35.753   972  1195 V Robocol : sending CMD_NOTIFY_RUN_OP_MODE(2087), attempt: 0
03-04 12:04:38.021   972  1168 V Robocol : received command: CMD_INIT_OP_MODE(12051) $Stop$Robot$
03-04 12:04:38.043   972  1764 V RobotCore: thread: ...terminating 'OpModeThread'
03-04 12:04:38.046   972  1181 I RobotCore: Attempting to switch to op mode $Stop$Robot$
03-04 12:04:38.047   972  1181 D HardwareMap: Clearing which device instances have been retrieved
03-04 12:04:38.047   972  1181 D HardwareMap: Clearing which device instances have been retrieved
03-04 12:04:38.050   972  1801 V RobotCore: thread: 'OpModeThread' starting...
03-04 12:04:38.073   972  1195 V Robocol : sending CMD_NOTIFY_INIT_OP_MODE(2157), attempt: 0
03-04 12:04:38.141   972  1168 V Robocol : received command: CMD_RUN_OP_MODE(12058) $Stop$Robot$
03-04 12:04:38.153   972  1195 V Robocol : sending CMD_NOTIFY_RUN_OP_MODE(2163), attempt: 0
03-04 12:04:40.463   972  1168 V Robocol : received command: CMD_SET_MATCH_NUMBER(12107) 0
03-04 12:04:40.465   972  1168 V Robocol : received command: CMD_INIT_OP_MODE(12108) TeleV9
03-04 12:04:40.503   972  1169 I RobotCore: ******************** START - OPMODE TeleV9 ********************
03-04 12:04:40.506   972  1801 V RobotCore: thread: ...terminating 'OpModeThread'
03-04 12:04:40.510   972  1181 I RobotCore: Attempting to switch to op mode TeleV9
03-04 12:04:40.693   972  1181 D HardwareMap: Clearing which device instances have been retrieved
03-04 12:04:40.693   972  1181 D HardwareMap: Clearing which device instances have been retrieved
03-04 12:04:40.695   972  1857 V RobotCore: thread: 'OpModeThread' starting...
03-04 12:04:40.696   972  1857 I I2C     : Automatically initializing I2C device Rev2mDistanceSensor (USB (embedded); module 173; bus 2; addr7=0x29)
03-04 12:04:40.696   972  1857 D STMicroVL53L0X: : Checking to see if it's really a VL53L0X sensor...
03-04 12:04:40.702   972  1857 D STMicroVL53L0X: : Reg 0xC0 = ee (should be 0xEE)
03-04 12:04:40.705   972  1857 D STMicroVL53L0X: : Reg 0xC1 = aa (should be 0xAA)
03-04 12:04:40.710   972  1857 D STMicroVL53L0X: : Reg 0xC2 = 10 (should be 0x10)
03-04 12:04:40.712   972  1195 V Robocol : sending CMD_NOTIFY_INIT_OP_MODE(2232), attempt: 0
03-04 12:04:40.713   972  1857 D STMicroVL53L0X: : Reg 0x51 = 0 (should be 0x0099)
03-04 12:04:40.716   972  1857 D STMicroVL53L0X: : Reg 0x61 = 0 (should be 0x0000)
03-04 12:04:40.736   972  1857 D STMicroVL53L0X: : initial sig rate lim (MCPS) 0.250000
03-04 12:04:40.742   972  1857 D STMicroVL53L0X: : adjusted sig rate lim (MCPS) 0.250000
03-04 12:04:40.972   972  1857 V BNO055  : Suppressing I2C warnings while we check for a BNO055 IMU
03-04 12:04:40.974   972  1857 V BNO055  : Found BNO055 IMU
03-04 12:04:41.409   972  1857 V BNO055IMU: Now polling until IMU comes out of reset. It is normal to see I2C failures below
03-04 12:04:41.412   972  1857 V RobotCore: addr=false data=true arb=false clock=false
03-04 12:04:41.413   972  1857 E LynxI2cDeviceSynch: readStatusQuery: cbExpected=1 cbRead=0
03-04 12:04:41.413   972  1857 E LynxI2cDeviceSynch: placeholder: readStatusQuery
03-04 12:04:41.477   972  1857 V RobotCore: addr=false data=true arb=false clock=false
03-04 12:04:41.477   972  1857 E LynxI2cDeviceSynch: readStatusQuery: cbExpected=1 cbRead=0
03-04 12:04:41.643   972  1857 V BNO055IMU: IMU has come out of reset. No more I2C failures should occur.
03-04 12:04:42.581   972  1168 V Robocol : received command: CMD_INIT_OP_MODE(12185) $Stop$Robot$
03-04 12:04:42.598   972  1169 I RobotCore: ******************** STOP - OPMODE /storage/emulated/0/FIRST/matchlogs/Match-0-TeleV9.txt ********************
03-04 12:04:42.604   972  1942 I RobotCore: saving match logcat to /storage/emulated/0/FIRST/matchlogs/Match-0-TeleV9.txt
03-04 12:04:42.604   972  1942 I RobotCore: logging command line: exec logcat -d -T '3-4 12:4:40.000' -f '/storage/emulated/0/FIRST/matchlogs/Match-0-TeleV9.txt' -n4 -v threadtime UsbRequestJNI:S UsbRequest:S art:W ThreadPool:W System:W ExtendedExtractor:W OMXClient:W MediaPlayer:W dalvikvm:W  *:V
03-04 12:04:42.605   972  1857 D RobotCore: User runOpModeMethod exited
03-04 12:04:42.606   972  1857 V RobotCore: thread: ...terminating 'OpModeThread'
03-04 12:04:42.611   972  1181 I RobotCore: Attempting to switch to op mode $Stop$Robot$
03-04 12:04:42.612   972  1181 D HardwareMap: Clearing which device instances have been retrieved
03-04 12:04:42.612   972  1181 D HardwareMap: Clearing which device instances have been retrieved
03-04 12:04:42.614   972  1944 V RobotCore: thread: 'OpModeThread' starting...
03-04 12:04:42.632   972  1195 V Robocol : sending CMD_NOTIFY_INIT_OP_MODE(2302), attempt: 0
03-04 12:04:42.645   972  1944 I I2C     : Automatically initializing I2C device RevColorSensorV3 (USB (embedded); module 2; bus 1; addr7=0x52)
03-04 12:04:42.645   972  1944 V BroadcomColorSensorImpl: internalInitialize()...
03-04 12:04:42.656   972  1944 V BroadcomColorSensorImpl: state: 07 37 20 1d 42 01 c2 
03-04 12:04:42.656   972  1944 V BroadcomColorSensorImpl: setGain(0x01)
03-04 12:04:42.661   972  1944 V BroadcomColorSensorImpl: setLEDParameters(0x37)
03-04 12:04:42.662   972  1168 V Robocol : received command: CMD_RUN_OP_MODE(12192) $Stop$Robot$
03-04 12:04:42.666   972  1944 V BroadcomColorSensorImpl: setProximityPulseCount(0x20)
03-04 12:04:42.670   972  1944 V BroadcomColorSensorImpl: setPSMeasRate(0x1d)
03-04 12:04:42.675   972  1944 V BroadcomColorSensorImpl: setLSMeasRate(0x42)
03-04 12:04:42.676   972  1942 I RobotCore: Done running exec logcat -d -T '3-4 12:4:40.000' -f '/storage/emulated/0/FIRST/matchlogs/Match-0-TeleV9.txt' -n4 -v threadtime UsbRequestJNI:S UsbRequest:S art:W ThreadPool:W System:W ExtendedExtractor:W OMXClient:W MediaPlayer:W dalvikvm:W  *:V
03-04 12:04:42.676   972  1942 I RobotCore: exiting match logcat for /storage/emulated/0/FIRST/matchlogs/Match-0-TeleV9.txt
03-04 12:04:42.687   972  1944 V BroadcomColorSensorImpl: enable() enabled=0x07...
03-04 12:04:42.697   972  1944 V BroadcomColorSensorImpl: ...enable() enabled=0x07
03-04 12:04:42.702   972  1944 V BroadcomColorSensorImpl: state: 07 37 20 1d 42 01 c2 
03-04 12:04:42.702   972  1944 V BroadcomColorSensorImpl: ...internalInitialize()
03-04 12:04:42.702   972  1944 I I2C     : Automatically initializing I2C device RevColorSensorV3 (USB (embedded); module 173; bus 3; addr7=0x52)
03-04 12:04:42.702   972  1944 V BroadcomColorSensorImpl: internalInitialize()...
03-04 12:04:42.710   972  1944 V BroadcomColorSensorImpl: state: 07 37 20 1d 42 01 c2 
03-04 12:04:42.710   972  1944 V BroadcomColorSensorImpl: setGain(0x01)
03-04 12:04:42.713   972  1944 V BroadcomColorSensorImpl: setLEDParameters(0x37)
03-04 12:04:42.715   972  1944 V BroadcomColorSensorImpl: setProximityPulseCount(0x20)
03-04 12:04:42.721   972  1944 V BroadcomColorSensorImpl: setPSMeasRate(0x1d)
03-04 12:04:42.724   972  1944 V BroadcomColorSensorImpl: setLSMeasRate(0x42)
03-04 12:04:42.728   972  1944 V BroadcomColorSensorImpl: enable() enabled=0x07...
03-04 12:04:42.734   972  1944 V BroadcomColorSensorImpl: ...enable() enabled=0x07
03-04 12:04:42.738   972  1944 V BroadcomColorSensorImpl: state: 07 37 20 1d 42 01 c2 
03-04 12:04:42.739   972  1944 V BroadcomColorSensorImpl: ...internalInitialize()
03-04 12:04:42.752   972  1195 V Robocol : sending CMD_NOTIFY_RUN_OP_MODE(2309), attempt: 0
03-04 12:04:45.952   972   984 W BaseTaskApi: Closing an already closed native lib
03-04 12:04:45.954   972   984 W BaseTaskApi: Closing an already closed native lib
03-04 12:04:46.187   972  1168 V EventLoopManager: synthetic gamepad received: id=-2 user=ONE atRest=true 
03-04 12:05:16.423   972  1168 V Robocol : received command: CMD_SET_MATCH_NUMBER(12959) 0
03-04 12:05:16.424   972  1168 V Robocol : received command: CMD_INIT_OP_MODE(12960) TeleV9
03-04 12:05:16.442   972  1169 I RobotCore: ******************** START - OPMODE TeleV9 ********************
03-04 12:05:16.445   972  1944 V RobotCore: thread: ...terminating 'OpModeThread'
03-04 12:05:16.449   972  1181 I RobotCore: Attempting to switch to op mode TeleV9
03-04 12:05:16.611   972  1181 D HardwareMap: Clearing which device instances have been retrieved
03-04 12:05:16.611   972  1181 D HardwareMap: Clearing which device instances have been retrieved
03-04 12:05:16.614   972  2079 V RobotCore: thread: 'OpModeThread' starting...
03-04 12:05:16.616   972  2079 I I2C     : Automatically initializing I2C device Rev2mDistanceSensor (USB (embedded); module 173; bus 2; addr7=0x29)
03-04 12:05:16.616   972  2079 D STMicroVL53L0X: : Checking to see if it's really a VL53L0X sensor...
03-04 12:05:16.620   972  2079 D STMicroVL53L0X: : Reg 0xC0 = ee (should be 0xEE)
03-04 12:05:16.623   972  2079 D STMicroVL53L0X: : Reg 0xC1 = aa (should be 0xAA)
03-04 12:05:16.628   972  2079 D STMicroVL53L0X: : Reg 0xC2 = 10 (should be 0x10)
03-04 12:05:16.632   972  2079 D STMicroVL53L0X: : Reg 0x51 = 0 (should be 0x0099)
03-04 12:05:16.633   972  1195 V Robocol : sending CMD_NOTIFY_INIT_OP_MODE(3088), attempt: 0
03-04 12:05:16.636   972  2079 D STMicroVL53L0X: : Reg 0x61 = 0 (should be 0x0000)
03-04 12:05:16.657   972  2079 D STMicroVL53L0X: : initial sig rate lim (MCPS) 0.250000
03-04 12:05:16.663   972  2079 D STMicroVL53L0X: : adjusted sig rate lim (MCPS) 0.250000
03-04 12:05:16.861   972  2079 V BNO055  : Suppressing I2C warnings while we check for a BNO055 IMU
03-04 12:05:16.864   972  2079 V BNO055  : Found BNO055 IMU
03-04 12:05:17.297   972  2079 V BNO055IMU: Now polling until IMU comes out of reset. It is normal to see I2C failures below
03-04 12:05:17.300   972  2079 V RobotCore: addr=false data=true arb=false clock=false
03-04 12:05:17.301   972  2079 E LynxI2cDeviceSynch: readStatusQuery: cbExpected=1 cbRead=0
03-04 12:05:17.301   972  2079 E LynxI2cDeviceSynch: placeholder: readStatusQuery
03-04 12:05:17.365   972  2079 V RobotCore: addr=false data=true arb=false clock=false
03-04 12:05:17.365   972  2079 E LynxI2cDeviceSynch: readStatusQuery: cbExpected=1 cbRead=0
03-04 12:05:17.530   972  2079 V BNO055IMU: IMU has come out of reset. No more I2C failures should occur.
03-04 12:05:18.504   972  1168 V Robocol : received command: CMD_RUN_OP_MODE(12989) TeleV9
03-04 12:05:18.553   972  1195 V Robocol : sending CMD_NOTIFY_RUN_OP_MODE(3110), attempt: 0
03-04 12:06:32.825   972  1168 V Robocol : received command: CMD_INIT_OP_MODE(16386) $Stop$Robot$
03-04 12:06:32.834   972  1169 I RobotCore: ******************** STOP - OPMODE /storage/emulated/0/FIRST/matchlogs/Match-0-TeleV9.txt ********************
03-04 12:06:32.839   972  1169 I RobotCore: Pruning old match logs: deleting Match-0-AutoV10BlueLeft.txt
03-04 12:06:32.843   972  2448 I RobotCore: saving match logcat to /storage/emulated/0/FIRST/matchlogs/Match-0-TeleV9.txt
03-04 12:06:32.844   972  2448 I RobotCore: logging command line: exec logcat -d -T '3-4 12:5:16.000' -f '/storage/emulated/0/FIRST/matchlogs/Match-0-TeleV9.txt' -n4 -v threadtime UsbRequestJNI:S UsbRequest:S art:W ThreadPool:W System:W ExtendedExtractor:W OMXClient:W MediaPlayer:W dalvikvm:W  *:V
03-04 12:06:32.845   972  2079 E LynxI2cDeviceSynch: placeholder: readTimestamped
03-04 12:06:32.847   972  2079 E LynxI2cDeviceSynch: placeholder: readTimestamped
03-04 12:06:32.847   972  2079 D RobotCore: User runOpModeMethod exited
03-04 12:06:32.850   972  2079 V RobotCore: thread: ...terminating 'OpModeThread'
03-04 12:06:32.853   972  1181 I RobotCore: Attempting to switch to op mode $Stop$Robot$
03-04 12:06:32.854   972  1181 D HardwareMap: Clearing which device instances have been retrieved
03-04 12:06:32.854   972  1181 D HardwareMap: Clearing which device instances have been retrieved
03-04 12:06:32.857   972  2451 V RobotCore: thread: 'OpModeThread' starting...
03-04 12:06:32.871   972  2451 I I2C     : Automatically initializing I2C device RevColorSensorV3 (USB (embedded); module 2; bus 1; addr7=0x52)
03-04 12:06:32.871   972  2451 V BroadcomColorSensorImpl: internalInitialize()...
03-04 12:06:32.872   972  1195 V Robocol : sending CMD_NOTIFY_INIT_OP_MODE(6514), attempt: 0
03-04 12:06:32.881   972  2451 V BroadcomColorSensorImpl: state: 07 37 20 1d 42 01 c2 
03-04 12:06:32.881   972  2451 V BroadcomColorSensorImpl: setGain(0x01)
03-04 12:06:32.886   972  2451 V BroadcomColorSensorImpl: setLEDParameters(0x37)
03-04 12:06:32.890   972  2451 V BroadcomColorSensorImpl: setProximityPulseCount(0x20)
03-04 12:06:32.894   972  2451 V BroadcomColorSensorImpl: setPSMeasRate(0x1d)
03-04 12:06:32.897   972  2448 I RobotCore: Done running exec logcat -d -T '3-4 12:5:16.000' -f '/storage/emulated/0/FIRST/matchlogs/Match-0-TeleV9.txt' -n4 -v threadtime UsbRequestJNI:S UsbRequest:S art:W ThreadPool:W System:W ExtendedExtractor:W OMXClient:W MediaPlayer:W dalvikvm:W  *:V
03-04 12:06:32.897   972  2448 I RobotCore: exiting match logcat for /storage/emulated/0/FIRST/matchlogs/Match-0-TeleV9.txt
03-04 12:06:32.899   972  2451 V BroadcomColorSensorImpl: setLSMeasRate(0x42)
03-04 12:06:32.905   972  1168 V Robocol : received command: CMD_RUN_OP_MODE(16394) $Stop$Robot$
03-04 12:06:32.909   972  2451 V BroadcomColorSensorImpl: enable() enabled=0x07...
03-04 12:06:32.917   972  2451 V BroadcomColorSensorImpl: ...enable() enabled=0x07
03-04 12:06:32.922   972  2451 V BroadcomColorSensorImpl: state: 07 37 20 1d 42 01 c2 
03-04 12:06:32.922   972  2451 V BroadcomColorSensorImpl: ...internalInitialize()
03-04 12:06:32.923   972  2451 I I2C     : Automatically initializing I2C device RevColorSensorV3 (USB (embedded); module 173; bus 3; addr7=0x52)
03-04 12:06:32.923   972  2451 V BroadcomColorSensorImpl: internalInitialize()...
03-04 12:06:32.930   972  2451 V BroadcomColorSensorImpl: state: 07 37 20 1d 42 01 c2 
03-04 12:06:32.930   972  2451 V BroadcomColorSensorImpl: setGain(0x01)
03-04 12:06:32.933   972  2451 V BroadcomColorSensorImpl: setLEDParameters(0x37)
03-04 12:06:32.935   972  2451 V BroadcomColorSensorImpl: setProximityPulseCount(0x20)
03-04 12:06:32.938   972  2451 V BroadcomColorSensorImpl: setPSMeasRate(0x1d)
03-04 12:06:32.941   972  2451 V BroadcomColorSensorImpl: setLSMeasRate(0x42)
03-04 12:06:32.945   972  2451 V BroadcomColorSensorImpl: enable() enabled=0x07...
03-04 12:06:32.951   972  2451 V BroadcomColorSensorImpl: ...enable() enabled=0x07
03-04 12:06:32.955   972  2451 V BroadcomColorSensorImpl: state: 07 37 20 1d 42 01 c2 
03-04 12:06:32.955   972  2451 V BroadcomColorSensorImpl: ...internalInitialize()
03-04 12:06:32.992   972  1195 V Robocol : sending CMD_NOTIFY_RUN_OP_MODE(6523), attempt: 0
03-04 12:06:39.455   972  1214 V ProgrammingModeManager: serve uri=/java/file/get
03-04 12:06:39.543   972  2478 V ProgrammingModeManager: serve uri=/java/file/get
03-04 12:06:39.629   972  2480 V ProgrammingModeManager: serve uri=/java/file/save
03-04 12:06:39.649   972  1214 V ProgrammingModeManager: serve uri=/java/file/get
03-04 12:06:39.742   972  2480 V ProgrammingModeManager: serve uri=/java/file/get
03-04 12:06:40.084   972  1214 V ProgrammingModeManager: serve uri=/java/file/save
03-04 12:06:57.365   972  1124 V FtcWebSocket: Opening websocket (ip=192.168.43.44/192.168.43.44 port=8081)
03-04 12:06:57.457   972  1124 V WebSocketManager: Subscribed websocket (ip=192.168.43.44/192.168.43.44 port=8081) to namespace (ONBOTJAVA)
03-04 12:06:57.644   972  2501 V ProgrammingModeManager: serve uri=/java/file/get
03-04 12:07:05.079   972  1214 V ProgrammingModeManager: serve uri=/java/file/save
03-04 12:07:10.068   972  1214 V ProgrammingModeManager: serve uri=/java/file/save
03-04 12:07:15.088   972  1214 V ProgrammingModeManager: serve uri=/java/file/save
03-04 12:07:20.075   972  1214 V ProgrammingModeManager: serve uri=/java/file/save
03-04 12:07:20.339   972  1033 V OnBotJava: build request file changed: 0x00000002 /storage/emulated/0/FIRST/java/control/buildRequest.txt
03-04 12:07:20.343   972  1033 V OnBotJava: build request file changed: 0x00000002 /storage/emulated/0/FIRST/java/control/buildRequest.txt
03-04 12:07:20.343   972  2525 V OnBotJava: build()...
03-04 12:07:20.357   972  1124 I ONBOTJAVA_BUILD_MONITOR: Build 1677953240331 is pending
03-04 12:07:20.359   972  2526 V ProgrammingModeManager: serve uri=/java/file/save
03-04 12:07:20.373   972  1033 I ONBOTJAVA_BUILD_MONITOR: Build 1677953240331 has successfully started
03-04 12:07:20.376   972  2525 V OnBotJava: clean()...
03-04 12:07:20.469   972  2525 V OnBotJava: ...clean()
03-04 12:07:20.469   972  2525 V OnBotJava: ensureBuildDirs()...
03-04 12:07:20.513   972  2525 V OnBotJava: ...ensureBuildDirs()
03-04 12:07:20.513   972  2525 V OnBotJava: compileJavaFiles()...
03-04 12:07:22.020   972  1123 V FtcWebSocket: websocket (ip=192.168.43.44/192.168.43.44 port=8081) has closed. closeCode:ABNORMAL_CLOSURE(1006) initiatedByRemote:false Reason: The connection was closed because the other endpoint did not respond with a pong in time. For more information check: https://github.com/TooTallNate/Java-WebSocket/wiki/Lost-connection-detection
03-04 12:07:22.020   972  1123 V WebSocketManager: Unsubscribed websocket (ip=192.168.43.44/192.168.43.44 port=8081) from namespace (ONBOTJAVA)
03-04 12:07:35.062   972  2526 V ProgrammingModeManager: serve uri=/java/file/save
03-04 12:07:35.992   972  2525 E OnBotJava:Diagnostics: org/firstinspires/ftc/teamcode/TeleV9.java(186:47): ERROR: incompatible types: possible lossy conversion from long to int
03-04 12:07:36.446   972  2525 V OnBotJava: ...compileJavaFiles()
03-04 12:07:36.451   972  1033 I ONBOTJAVA_BUILD_MONITOR: Build 1677953240331 completed with status FAILED
03-04 12:07:36.451   972  1033 V ONBOTJAVA_BUILD_MONITOR: Rejecting the build state transition to FAILED, as current build state is FAILED
03-04 12:07:36.462   972  2526 V ProgrammingModeManager: serve uri=/java/build/wait
03-04 12:07:36.473   972  2525 V OnBotJava: ...build()
03-04 12:07:45.427   972  2526 V ProgrammingModeManager: serve uri=/java/file/save
03-04 12:07:45.434   972  1033 V OnBotJava: build request file changed: 0x00000002 /storage/emulated/0/FIRST/java/control/buildRequest.txt
03-04 12:07:45.435   972  2525 V OnBotJava: build()...
03-04 12:07:45.436   972  1033 V OnBotJava: build request file changed: 0x00000002 /storage/emulated/0/FIRST/java/control/buildRequest.txt
03-04 12:07:45.437   972  1124 I ONBOTJAVA_BUILD_MONITOR: Build 1677953265425 is pending
03-04 12:07:45.450   972  1033 I ONBOTJAVA_BUILD_MONITOR: Build 1677953265425 has successfully started
03-04 12:07:45.463   972  2525 V OnBotJava: clean()...
03-04 12:07:45.546   972  2525 V OnBotJava: ...clean()
03-04 12:07:45.546   972  2525 V OnBotJava: ensureBuildDirs()...
03-04 12:07:45.595   972  2525 V OnBotJava: ...ensureBuildDirs()
03-04 12:07:45.595   972  2525 V OnBotJava: compileJavaFiles()...
03-04 12:07:54.647   972  2525 V OnBotJava: ...compileJavaFiles()
03-04 12:07:54.659   972  2525 V OnBotJava: consolidateClassFilesInJar()...
03-04 12:07:54.665   972  2525 V OnBotJava: consolidating to /storage/emulated/0/FIRST/java/build/jars/onBotJavaJar-2023-03-04+12.07.54--539880160/OnBotJava.jar
03-04 12:07:54.916   972  2525 V OnBotJava: ...consolidateClassFilesInJar()
03-04 12:07:54.916   972  2525 V OnBotJava: dexifyJarFiles()...
03-04 12:07:54.929   972  2525 V OnBotJava: dexifying  /storage/emulated/0/FIRST/java/build/jars/onBotJavaJar-2023-03-04+12.07.54--539880160/OnBotJava.jar...
03-04 12:07:54.930   972  2525 V OnBotJava: using d8
03-04 12:08:13.342   972  2525 V OnBotJava: Wrote /storage/emulated/0/FIRST/java/build/jars/onBotJavaJar-2023-03-04+12.07.54--539880160/classes.dex
03-04 12:08:13.345   972  2525 V OnBotJava: ...dexifying  /storage/emulated/0/FIRST/java/build/jars/onBotJavaJar-2023-03-04+12.07.54--539880160/OnBotJava.jar
03-04 12:08:13.353   972  2525 V OnBotJava: ...dexifyJarFiles()
03-04 12:08:13.355   972  1033 V RegisteredOpModes: noting that OnBotJava changed
03-04 12:08:13.356   972  1033 V RegisteredOpModes: noting that OnBotJava changed
03-04 12:08:13.366   972  2525 V OnBotJava: onBotJava build finished successfully
03-04 12:08:13.370   972  1033 I ONBOTJAVA_BUILD_MONITOR: Build 1677953265425 completed with status SUCCESSFUL
