03-04 12:18:19.926   972  3541 V BroadcomColorSensorImpl: setLSMeasRate(0x42)
03-04 12:18:19.935   972  3541 V BroadcomColorSensorImpl: enable() enabled=0x07...
03-04 12:18:19.943   972  3541 V BroadcomColorSensorImpl: ...enable() enabled=0x07
03-04 12:18:19.948   972  3541 V BroadcomColorSensorImpl: state: 07 37 20 1d 42 01 c2 
03-04 12:18:19.948   972  3541 V BroadcomColorSensorImpl: ...internalInitialize()
03-04 12:18:19.979   972  3541 V BNO055  : Suppressing I2C warnings while we check for a BNO055 IMU
03-04 12:18:19.982   972  3541 V BNO055  : Found BNO055 IMU
03-04 12:18:20.415   972  3541 V BNO055IMU: Now polling until IMU comes out of reset. It is normal to see I2C failures below
03-04 12:18:20.418   972  3541 V RobotCore: addr=false data=true arb=false clock=false
03-04 12:18:20.419   972  3541 E LynxI2cDeviceSynch: readStatusQuery: cbExpected=1 cbRead=0
03-04 12:18:20.419   972  3541 E LynxI2cDeviceSynch: placeholder: readStatusQuery
03-04 12:18:20.483   972  3541 V RobotCore: addr=false data=true arb=false clock=false
03-04 12:18:20.483   972  3541 E LynxI2cDeviceSynch: readStatusQuery: cbExpected=1 cbRead=0
03-04 12:18:20.647   972  3541 V BNO055IMU: IMU has come out of reset. No more I2C failures should occur.
03-04 12:18:20.693   972  3541 D Vuforia : using camera by direction (classic): BACK
03-04 12:18:20.783   972  3541 D skia    : JPEG Decode 86
03-04 12:18:20.876   972  3541 D Vuforia : Vuforia.init()...
03-04 12:18:20.884   972  3541 I AR      : Vuforia selected rendering API OpenGL ES 2.x
03-04 12:18:20.884   972  3541 I AR      : Vuforia SDK version 7.4.3
03-04 12:18:21.231   972  3541 D Vuforia : ...Vuforia.init()
03-04 12:18:21.471   972  3541 I AR      : ObjectTracker: This device doesn't support model targets extended tracking, extended tracking will be turned off
03-04 12:18:21.712   972  1195 V Robocol : sending CMD_STREAM_CHANGE(21246), attempt: 0
03-04 12:18:21.713   972  1195 V Robocol : sending CMD_STREAM_CHANGE(21247), attempt: 0
03-04 12:18:22.101   972  3591 I native  : Initializing object tracker. 272x153 @0x7618f0c264
03-04 12:18:22.103   972  3591 I native  : Initialized!
03-04 12:18:22.324   972  1168 V Robocol : received command: CMD_RUN_OP_MODE(31054) AutoV11RedLeft
03-04 12:18:22.353   972  1195 V Robocol : sending CMD_NOTIFY_RUN_OP_MODE(21259), attempt: 0
03-04 12:18:28.006   972  3541 I DbgLog  : Turn: RAD=-0.055555556 DEG=-3.1830988855538416 POWER=0.14666666716337204
03-04 12:18:28.025   972  3541 I DbgLog  : Turn: RAD=-0.054444443 DEG=-3.119436826734268 POWER=0.14666666716337204
03-04 12:18:28.055   972  3541 I DbgLog  : Turn: RAD=-0.05 DEG=-2.8647890183427984 POWER=0.14266666650772095
03-04 12:18:28.098   972  3541 I DbgLog  : Turn: RAD=-0.043333333 DEG=-2.2918311292968743 POWER=0.13466666519641876
03-04 12:18:28.130   972  3541 I DbgLog  : Turn: RAD=-0.028888889 DEG=-1.4005634797616127 POWER=0.12266666769981385
03-04 12:18:28.175   972  3541 I DbgLog  : Turn: RAD=-0.013333334 DEG=-0.5729577823242186 POWER=0.10533333227038383
03-04 12:18:28.219   972  3541 I DbgLog  : Turn: RAD=-0.0011111111 DEG=0.0551779099935728 POWER=0.0880000001937151
03-04 12:18:28.231   972  3541 I DbgLog  : IMU DEG=0.37349205941306024
03-04 12:18:28.236   972  3541 I DbgLog  : IMU DEG ERROR=-0.37349205941306024
03-04 12:18:32.424   972  3541 I DbgLog  : IMU DEG=-0.38197187266976335
03-04 12:18:32.431   972  3541 I DbgLog  : IMU DEG ERROR=0.38197187266976335
03-04 12:18:33.997   972  3541 I DbgLog  : IMU DEG=0.11883527305809163
03-04 12:18:34.004   972  3541 I DbgLog  : IMU DEG ERROR=-0.11883527305809163
03-04 12:18:36.324   972  3541 I DbgLog  : IMU DEG=0.7554635318764269
03-04 12:18:36.330   972  3541 I DbgLog  : IMU DEG ERROR=-0.7554635318764269
03-04 12:18:36.648   972  3541 I DbgLog  : IMU DEG=0.4371494224775791
03-04 12:18:36.655   972  3541 I DbgLog  : IMU DEG ERROR=-0.4371494224775791
03-04 12:18:38.574   972  3541 I DbgLog  : Turn: RAD=-0.04 DEG=-2.2918311292968743 POWER=0.1239999982714653
03-04 12:18:38.607   972  3541 I DbgLog  : Turn: RAD=-0.045555554 DEG=-2.610140996507917 POWER=0.13199999958276748
03-04 12:18:38.638   972  3541 I DbgLog  : Turn: RAD=-0.04 DEG=-2.2918311292968743 POWER=0.13466666519641876
03-04 12:18:38.668   972  3541 I DbgLog  : Turn: RAD=-0.028888889 DEG=-1.4005634797616127 POWER=0.12133333265781403
03-04 12:18:38.714   972  3541 I DbgLog  : Turn: RAD=-0.011111111 DEG=-0.38197187266976335 POWER=0.10266666665673256
03-04 12:18:38.750   972  3541 I DbgLog  : Turn: RAD=0.0031850974 DEG=0.30983469634854144 POWER=-0.08115564344450832
03-04 12:18:38.768   972  3541 I DbgLog  : IMU DEG=0.5008067588616715
03-04 12:18:38.776   972  3541 I DbgLog  : IMU DEG ERROR=-0.5644641219261903
03-04 12:18:41.421   972  3541 W EventLoopManager: Failed to send telemetry data
03-04 12:18:41.430   972  3541 E EventLoopManager: com.qualcomm.robotcore.exception.RobotCoreException: Cannot have more than 255 string data points
03-04 12:18:41.438   972  3541 E EventLoopManager: 	at com.qualcomm.robotcore.robocol.TelemetryMessage.toByteArray(TelemetryMessage.java:211)
03-04 12:18:41.446   972  3541 E EventLoopManager: 	at com.qualcomm.robotcore.robocol.RobocolParsableBase.toByteArrayForTransmission(RobocolParsableBase.java:101)
03-04 12:18:41.448   972  3541 E EventLoopManager: 	at com.qualcomm.robotcore.robocol.RobocolDatagram.<init>(RobocolDatagram.java:50)
03-04 12:18:41.453   972  3541 E EventLoopManager: 	at org.firstinspires.ftc.robotcore.internal.network.NetworkConnectionHandler.sendDataToPeer(NetworkConnectionHandler.java:572)
03-04 12:18:41.462   972  3541 E EventLoopManager: 	at com.qualcomm.robotcore.eventloop.EventLoopManager.sendTelemetryData(EventLoopManager.java:570)
03-04 12:18:41.471   972  3541 E EventLoopManager: 	at com.qualcomm.ftccommon.FtcEventLoopHandler.refreshUserTelemetry(FtcEventLoopHandler.java:434)
03-04 12:18:41.473   972  3541 E EventLoopManager: 	at com.qualcomm.ftccommon.FtcEventLoop.refreshUserTelemetry(FtcEventLoop.java:266)
03-04 12:18:41.476   972  3541 E EventLoopManager: 	at com.qualcomm.robotcore.eventloop.opmode.OpModeManagerImpl.refreshUserTelemetry(OpModeManagerImpl.java:769)
03-04 12:18:41.479   972  3541 E EventLoopManager: 	at com.qualcomm.robotcore.eventloop.opmode.OpMode.internalUpdateTelemetryNow(OpMode.java:236)
03-04 12:18:41.483   972  3541 E EventLoopManager: 	at com.qualcomm.robotcore.eventloop.opmode.OpModeManagerImpl.updateTelemetryNow(OpModeManagerImpl.java:765)
03-04 12:18:41.486   972  3541 E EventLoopManager: 	at org.firstinspires.ftc.robotcore.internal.opmode.TelemetryImpl.tryUpdate(TelemetryImpl.java:716)
03-04 12:18:41.491   972  3541 E EventLoopManager: 	at org.firstinspires.ftc.robotcore.internal.opmode.TelemetryImpl.update(TelemetryImpl.java:676)
03-04 12:18:41.494   972  3541 E EventLoopManager: 	at org.firstinspires.ftc.teamcode.AutoV11RedLeft.pointDirection(AutoV11RedLeft.java:336)
03-04 12:18:41.497   972  3541 E EventLoopManager: 	at org.firstinspires.ftc.teamcode.AutoV11RedLeft.autoCycle(AutoV11RedLeft.java:617)
03-04 12:18:41.499   972  3541 E EventLoopManager: 	at org.firstinspires.ftc.teamcode.AutoV11RedLeft.runOpMode(AutoV11RedLeft.java:773)
03-04 12:18:41.502   972  3541 E EventLoopManager: 	at com.qualcomm.robotcore.eventloop.opmode.LinearOpMode.internalRunOpMode(LinearOpMode.java:169)
03-04 12:18:41.506   972  3541 E EventLoopManager: 	at com.qualcomm.robotcore.eventloop.opmode.OpModeInternal.lambda$internalInit$1$com-qualcomm-robotcore-eventloop-opmode-OpModeInternal(OpModeInternal.java:180)
03-04 12:18:41.509   972  3541 E EventLoopManager: 	at com.qualcomm.robotcore.eventloop.opmode.OpModeInternal$$ExternalSyntheticLambda1.run(D8$$SyntheticClass)
03-04 12:18:41.510   972  3541 E EventLoopManager: 	at com.qualcomm.robotcore.util.ThreadPool.logThreadLifeCycle(ThreadPool.java:737)
03-04 12:18:41.511   972  3541 E EventLoopManager: 	at com.qualcomm.robotcore.eventloop.opmode.OpModeInternal.lambda$internalInit$2$com-qualcomm-robotcore-eventloop-opmode-OpModeInternal(OpModeInternal.java:178)
03-04 12:18:41.512   972  3541 E EventLoopManager: 	at com.qualcomm.robotcore.eventloop.opmode.OpModeInternal$$ExternalSyntheticLambda2.run(D8$$SyntheticClass)
03-04 12:18:41.514   972  3541 E EventLoopManager: 	at java.util.concurrent.ThreadPoolExecutor.runWorker(ThreadPoolExecutor.java:1133)
03-04 12:18:41.515   972  3541 E EventLoopManager: 	at java.util.concurrent.ThreadPoolExecutor$Worker.run(ThreadPoolExecutor.java:607)
03-04 12:18:41.516   972  3541 E EventLoopManager: 	at com.qualcomm.robotcore.util.ThreadPool$ThreadFactoryImpl$1.run(ThreadPool.java:793)
03-04 12:18:41.517   972  3541 E EventLoopManager: 	at java.lang.Thread.run(Thread.java:761)
03-04 12:18:41.518   972  1181 W art     : Long monitor contention with owner OpModeThread (3541) at boolean org.firstinspires.ftc.robotcore.internal.opmode.TelemetryImpl.tryUpdate(org.firstinspires.ftc.robotcore.internal.opmode.TelemetryImpl$UpdateReason)(TelemetryImpl.java:688) waiters=0 in boolean org.firstinspires.ftc.robotcore.internal.opmode.TelemetryImpl.tryUpdate(org.firstinspires.ftc.robotcore.internal.opmode.TelemetryImpl$UpdateReason) for 108ms
03-04 12:18:41.545   972  3541 I DbgLog  : IMU DEG=-0.0
03-04 12:18:41.551   972  3541 I DbgLog  : IMU DEG ERROR=0.0
03-04 12:18:43.458   972  3541 I DbgLog  : Turn: RAD=0.014296357 DEG=0.8191208949409458 POWER=0.5
03-04 12:18:43.477   972  3541 I DbgLog  : Turn: RAD=0.014296357 DEG=0.8191208949409458 POWER=0.5
03-04 12:18:43.518   972  3541 I DbgLog  : Turn: RAD=0.025407616 DEG=2.0923774392580428 POWER=0.5
03-04 12:18:43.545   972  3541 I DbgLog  : Turn: RAD=0.06540758 DEG=4.702493462886807 POWER=0.5
03-04 12:18:43.579   972  3541 I DbgLog  : Turn: RAD=0.118740864 DEG=6.803350368556009 POWER=0.5
03-04 12:18:43.608   972  3541 I DbgLog  : Turn: RAD=0.1742962 DEG=11.06869379531543 POWER=0.5
03-04 12:18:43.651   972  3541 I DbgLog  : Turn: RAD=0.23540765 DEG=15.97066592112022 POWER=0.5
03-04 12:18:43.674   972  3541 I DbgLog  : Turn: RAD=0.32540733 DEG=19.981380322508386 POWER=0.5
03-04 12:18:43.706   972  3541 I DbgLog  : Turn: RAD=0.39651853 DEG=24.055752086961075 POWER=0.5
03-04 12:18:43.740   972  3541 I DbgLog  : Turn: RAD=0.5042966 DEG=28.894066849701346 POWER=0.5
03-04 12:18:43.771   972  3541 I DbgLog  : Turn: RAD=0.5576299 DEG=33.541382202491384 POWER=0.5
03-04 12:18:43.807   972  3541 I DbgLog  : Turn: RAD=0.6409629 DEG=38.25235491834594 POWER=0.5
03-04 12:18:43.852   972  3541 I DbgLog  : Turn: RAD=0.74762994 DEG=45.76447017509276 POWER=0.5
03-04 12:18:43.881   972  3541 I DbgLog  : Turn: RAD=0.85096294 DEG=50.15715607562472 POWER=0.5
03-04 12:18:43.954   972  3541 I DbgLog  : Turn: RAD=0.998741 DEG=60.02476110539341 POWER=0.5
03-04 12:18:44.001   972  3541 I DbgLog  : Turn: RAD=1.1520742 DEG=67.53687636214023 POWER=0.5
03-04 12:18:44.043   972  3541 I DbgLog  : Turn: RAD=1.2598518 DEG=73.77576239532664 POWER=0.5
03-04 12:18:44.074   972  3541 I DbgLog  : Turn: RAD=1.3409632 DEG=78.35942038505216 POWER=0.5
03-04 12:18:44.107   972  3541 I DbgLog  : Turn: RAD=1.4187411 DEG=82.75207896482743 POWER=0.5
03-04 12:18:44.127   972  3541 I DbgLog  : Turn: RAD=1.519852 DEG=87.08110750229488 POWER=0.5
03-04 12:18:44.178   972  3541 I DbgLog  : Turn: RAD=1.5942963 DEG=92.68336526332274 POWER=0.5
03-04 12:18:44.217   972  3541 I DbgLog  : Turn: RAD=1.6909631 DEG=99.81350902092576 POWER=0.49117465236242897
03-04 12:18:44.260   972  3541 I DbgLog  : Turn: RAD=1.8165187 DEG=105.60673887114719 POWER=0.37117419459875706
03-04 12:18:44.294   972  3541 I DbgLog  : Turn: RAD=1.9187411 DEG=109.93576740861462 POWER=0.24984107234533912
03-04 12:18:44.324   972  3541 I DbgLog  : Turn: RAD=1.9898518 DEG=115.21970420337404 POWER=0.13250766017492896
03-04 12:18:44.384   972  3541 I DbgLog  : Turn: RAD=2.089852 DEG=120.69461991751618 POWER=0.11117437579687721
03-04 12:18:44.430   972  3541 I DbgLog  : Turn: RAD=2.1676295 DEG=125.02364845498361 POWER=-0.17149198315087671
03-04 12:18:44.491   972  3541 I DbgLog  : Turn: RAD=2.2209632 DEG=127.12447803989615 POWER=-0.15815896770898216
03-04 12:18:44.530   972  3541 I DbgLog  : Turn: RAD=2.209852 DEG=126.42419240467308 POWER=-0.1648257233852517
03-04 12:18:44.573   972  3541 I DbgLog  : Turn: RAD=2.1954076 DEG=125.53293468025645 POWER=-0.1501589753383767
03-04 12:18:44.614   972  3541 I DbgLog  : Turn: RAD=2.1765187 DEG=124.45067754588959 POWER=-0.1248251893276345
03-04 12:18:44.656   972  3541 I DbgLog  : Turn: RAD=2.1565187 DEG=123.30476304845821 POWER=-0.10215902111474388
03-04 12:18:44.691   972  3541 I DbgLog  : Turn: RAD=2.1376297 DEG=122.4771626871061 POWER=-0.16082551739159934
03-04 12:18:44.725   972  3541 I DbgLog  : Turn: RAD=2.128741 DEG=121.77687705188303 POWER=-0.14882524273339623
03-04 12:18:44.755   972  3541 I DbgLog  : Turn: RAD=2.1187408 DEG=121.20390614278901 POWER=-0.13415906689111107
03-04 12:18:44.787   972  3541 I DbgLog  : Turn: RAD=2.1087406 DEG=120.69461991751618 POWER=-0.12215879223290796
03-04 12:18:44.824   972  3541 I DbgLog  : Turn: RAD=2.1009629 DEG=120.24899105530787 POWER=-0.11149232647363061
03-04 12:18:44.866   972  3541 I DbgLog  : Turn: RAD=2.0876296 DEG=119.42139069395576 POWER=-0.0968255784267556
03-04 12:18:44.884   972  3541 I DbgLog  : IMU DEG=119.16673392094101
03-04 12:18:44.889   972  3541 I DbgLog  : IMU DEG ERROR=-0.1667339209410046
03-04 12:18:47.721   972  3541 I DbgLog  : Turn: RAD=2.000963 DEG=114.58308276140465 POWER=-0.5
03-04 12:18:47.740   972  3541 I DbgLog  : Turn: RAD=1.9998521 DEG=114.58308276140465 POWER=-0.5
03-04 12:18:47.763   972  3541 I DbgLog  : Turn: RAD=2.002074 DEG=114.71039065734453 POWER=-0.5
03-04 12:18:47.798   972  3541 I DbgLog  : Turn: RAD=1.9620742 DEG=112.41856849267094 POWER=-0.5
03-04 12:18:47.823   972  3541 I DbgLog  : Turn: RAD=1.9309629 DEG=109.68111063559986 POWER=-0.45220017910161725
03-04 12:18:47.859   972  3541 I DbgLog  : Turn: RAD=1.8754076 DEG=106.30702450637025 POWER=-0.38953347683110945
03-04 12:18:47.891   972  3541 I DbgLog  : Turn: RAD=1.8131856 DEG=102.55096687799684 POWER=-0.3162003088013243
03-04 12:18:47.922   972  3541 I DbgLog  : Turn: RAD=1.7265185 DEG=98.92222397575246 POWER=-0.21086659908452746
03-04 12:18:47.948   972  3541 I DbgLog  : Turn: RAD=1.6698521 DEG=95.67547989340856 POWER=-0.16286664486089464
03-04 12:18:47.980   972  3541 I DbgLog  : Turn: RAD=1.6220745 DEG=92.93802203633749 POWER=-0.1788667058960509
03-04 12:18:48.011   972  3541 I DbgLog  : Turn: RAD=1.5776299 DEG=90.39153626845997 POWER=-0.10553353786626574
03-04 12:18:48.046   972  3541 I DbgLog  : Turn: RAD=1.53763 DEG=87.39942163837415 POWER=0.10513288974603896
03-04 12:18:48.080   972  3541 I DbgLog  : Turn: RAD=1.5065187 DEG=85.80787827873446 POWER=0.14646666049799206
03-04 12:18:48.107   972  3541 I DbgLog  : Turn: RAD=1.4798521 DEG=84.78927850743212 POWER=0.17713339328607802
03-04 12:18:48.135   972  3541 I DbgLog  : Turn: RAD=1.4831852 DEG=85.17125000657592 POWER=0.10779985904535536
03-04 12:18:48.172   972  3541 I DbgLog  : Turn: RAD=1.4998521 DEG=85.93519300486349 POWER=0.17579958438715224
03-04 12:18:48.223   972  3541 I DbgLog  : Turn: RAD=1.51763 DEG=86.95379277616584 POWER=0.15846636295160538
03-04 12:18:48.267   972  3541 I DbgLog  : Turn: RAD=1.539852 DEG=88.481678772741 POWER=0.13046667575678114
03-04 12:18:48.308   972  3541 I DbgLog  : Turn: RAD=1.55763 DEG=89.50025122328667 POWER=0.10646669864496473
03-04 12:18:48.343   972  3541 I DbgLog  : Turn: RAD=1.5698522 DEG=90.13687949544523 POWER=0.08513319492182021
03-04 12:18:48.371   972  3541 I DbgLog  : IMU DEG=90.70985040453925
03-04 12:18:48.384   972  3541 I DbgLog  : IMU DEG ERROR=-0.8371651306682901
03-04 12:18:48.847   972  3541 I DbgLog  : IMU DEG=90.9008224937328
03-04 12:18:48.852   972  3541 I DbgLog  : IMU DEG ERROR=-0.900822493732809
03-04 12:18:48.913   972  3541 I DbgLog  : Turn: RAD=1.5876297 DEG=90.96447985679733 POWER=-0.10286706447759386
03-04 12:18:48.942   972  3541 I DbgLog  : Turn: RAD=1.5854076 DEG=90.8371651306683 POWER=-0.0988667821899962
03-04 12:18:48.963   972  3541 I DbgLog  : IMU DEG=90.8371651306683
03-04 12:18:48.972   972  3541 I DbgLog  : IMU DEG ERROR=-0.7735077676037713
03-04 12:18:52.089   972  3541 I DbgLog  : IMU DEG=89.6275932701724
03-04 12:18:52.100   972  3541 I DbgLog  : IMU DEG ERROR=0.372406729827608
03-04 12:18:52.405   972  1168 V Robocol : received command: CMD_INIT_OP_MODE(31378) $Stop$Robot$
03-04 12:18:52.413   972  1169 I RobotCore: ******************** STOP - OPMODE /storage/emulated/0/FIRST/matchlogs/Match-0-AutoV11RedLeft.txt ********************
03-04 12:18:52.420   972  3541 D RobotCore: User runOpModeMethod exited
03-04 12:18:52.420   972  3541 V RobotCore: thread: ...terminating 'OpModeThread'
03-04 12:18:52.431   972  3716 I RobotCore: saving match logcat to /storage/emulated/0/FIRST/matchlogs/Match-0-AutoV11RedLeft.txt
03-04 12:18:52.431   972  3716 I RobotCore: logging command line: exec logcat -d -T '3-4 12:18:19.000' -f '/storage/emulated/0/FIRST/matchlogs/Match-0-AutoV11RedLeft.txt' -n4 -v threadtime UsbRequestJNI:S UsbRequest:S art:W ThreadPool:W System:W ExtendedExtractor:W OMXClient:W MediaPlayer:W dalvikvm:W  *:V
03-04 12:18:52.439   972  1195 V Robocol : sending CMD_STREAM_CHANGE(21586), attempt: 0
03-04 12:18:52.525   972  3716 I RobotCore: Done running exec logcat -d -T '3-4 12:18:19.000' -f '/storage/emulated/0/FIRST/matchlogs/Match-0-AutoV11RedLeft.txt' -n4 -v threadtime UsbRequestJNI:S UsbRequest:S art:W ThreadPool:W System:W ExtendedExtractor:W OMXClient:W MediaPlayer:W dalvikvm:W  *:V
03-04 12:18:52.525   972  3716 I RobotCore: exiting match logcat for /storage/emulated/0/FIRST/matchlogs/Match-0-AutoV11RedLeft.txt
03-04 12:18:52.621   972  1181 D Vuforia : Vuforia.deinit()...
03-04 12:18:53.043   972  1181 D Vuforia : ...Vuforia.deinit()
03-04 12:18:53.044   972  1181 I RobotCore: Attempting to switch to op mode $Stop$Robot$
03-04 12:18:53.045   972  1181 D HardwareMap: Clearing which device instances have been retrieved
03-04 12:18:53.045   972  1181 D HardwareMap: Clearing which device instances have been retrieved
03-04 12:18:53.048   972  3722 V RobotCore: thread: 'OpModeThread' starting...
03-04 12:18:53.072   972  1195 V Robocol : sending CMD_NOTIFY_INIT_OP_MODE(21598), attempt: 0
03-04 12:18:53.087   972  1168 V Robocol : received command: CMD_RUN_OP_MODE(31390) $Stop$Robot$
03-04 12:18:53.113   972  1195 V Robocol : sending CMD_NOTIFY_RUN_OP_MODE(21604), attempt: 0
03-04 12:18:55.064   972  3361 V ProgrammingModeManager: serve uri=/java/file/save
03-04 12:18:55.814   972   984 W BaseTaskApi: Closing an already closed native lib
03-04 12:18:55.815   972   984 W BaseTaskApi: Closing an already closed native lib
03-04 12:18:58.552   972  3361 V ProgrammingModeManager: serve uri=/java/file/save
03-04 12:18:58.648   972  1033 V OnBotJava: build request file changed: 0x00000002 /storage/emulated/0/FIRST/java/control/buildRequest.txt
03-04 12:18:58.651   972  3748 V OnBotJava: build()...
03-04 12:18:58.651   972  1033 V OnBotJava: build request file changed: 0x00000002 /storage/emulated/0/FIRST/java/control/buildRequest.txt
03-04 12:18:58.654   972  1124 I ONBOTJAVA_BUILD_MONITOR: Build 1677953938645 is pending
03-04 12:18:58.664   972  3749 V ProgrammingModeManager: serve uri=/java/file/save
03-04 12:18:58.668   972  1033 I ONBOTJAVA_BUILD_MONITOR: Build 1677953938645 has successfully started
03-04 12:18:58.679   972  3748 V OnBotJava: clean()...
03-04 12:18:58.762   972  3748 V OnBotJava: ...clean()
03-04 12:18:58.762   972  3748 V OnBotJava: ensureBuildDirs()...
03-04 12:18:58.809   972  3748 V OnBotJava: ...ensureBuildDirs()
03-04 12:18:58.810   972  3748 V OnBotJava: compileJavaFiles()...
03-04 12:19:06.782   972  3748 V OnBotJava: ...compileJavaFiles()
03-04 12:19:06.788   972  3748 V OnBotJava: consolidateClassFilesInJar()...
03-04 12:19:06.794   972  3748 V OnBotJava: consolidating to /storage/emulated/0/FIRST/java/build/jars/onBotJavaJar-2023-03-04+12.19.06--187121666/OnBotJava.jar
03-04 12:19:07.056   972  3748 V OnBotJava: ...consolidateClassFilesInJar()
03-04 12:19:07.056   972  3748 V OnBotJava: dexifyJarFiles()...
03-04 12:19:07.068   972  3748 V OnBotJava: dexifying  /storage/emulated/0/FIRST/java/build/jars/onBotJavaJar-2023-03-04+12.19.06--187121666/OnBotJava.jar...
03-04 12:19:07.069   972  3748 V OnBotJava: using d8
03-04 12:19:14.830   972  3748 V OnBotJava: Wrote /storage/emulated/0/FIRST/java/build/jars/onBotJavaJar-2023-03-04+12.19.06--187121666/classes.dex
03-04 12:19:14.832   972  3748 V OnBotJava: ...dexifying  /storage/emulated/0/FIRST/java/build/jars/onBotJavaJar-2023-03-04+12.19.06--187121666/OnBotJava.jar
03-04 12:19:14.838   972  3748 V OnBotJava: ...dexifyJarFiles()
03-04 12:19:14.840   972  1033 V RegisteredOpModes: noting that OnBotJava changed
03-04 12:19:14.840   972  1033 V RegisteredOpModes: noting that OnBotJava changed
03-04 12:19:14.845   972  3748 V OnBotJava: onBotJava build finished successfully
03-04 12:19:14.848   972  1033 I ONBOTJAVA_BUILD_MONITOR: Build 1677953938645 completed with status SUCCESSFUL
03-04 12:19:14.848   972  1033 V ONBOTJAVA_BUILD_MONITOR: Rejecting the build state transition to SUCCESSFUL, as current build state is SUCCESSFUL
03-04 12:19:14.858   972  3749 V ProgrammingModeManager: serve uri=/java/build/wait
03-04 12:19:14.864   972  3748 V OnBotJava: ...build()
03-04 12:19:14.864   972  1181 V OpmodeRegistration: unregistered {AutoV11BlueRight}
03-04 12:19:14.864   972  1181 V OpmodeRegistration: unregistered {AutoV11BlueLeft}
03-04 12:19:14.864   972  1181 V OpmodeRegistration: unregistered {TeleV8}
03-04 12:19:14.865   972  1181 V OpmodeRegistration: unregistered {AutoV11RedRight}
03-04 12:19:14.865   972  1181 V OpmodeRegistration: unregistered {AutoV11RedLeft}
03-04 12:19:14.865   972  1181 V OpmodeRegistration: unregistered {TeleV9}
03-04 12:19:14.907   972  1181 V OpmodeRegistration: registered {AutoV11RedLeft} as {AutoV11RedLeft}
03-04 12:19:14.907   972  1181 V OpmodeRegistration: registered {TeleV8} as {TeleV8}
03-04 12:19:14.907   972  1181 V OpmodeRegistration: registered {AutoV11BlueLeft} as {AutoV11BlueLeft}
03-04 12:19:14.908   972  1181 V OpmodeRegistration: registered {AutoV11RedRight} as {AutoV11RedRight}
03-04 12:19:14.908   972  1181 V OpmodeRegistration: registered {TeleV9} as {TeleV9}
03-04 12:19:14.909   972  1181 V OpmodeRegistration: registered {AutoV11BlueRight} as {AutoV11BlueRight}
03-04 12:19:14.912   972  1195 V Robocol : sending CMD_NOTIFY_OP_MODE_LIST(21900), attempt: 0
03-04 12:19:14.952   972  1195 V Robocol : sending CMD_NOTIFY_USER_DEVICE_LIST(21902), attempt: 0
03-04 12:19:47.807   972  1168 V Robocol : received command: CMD_SET_MATCH_NUMBER(32136) 0
03-04 12:19:47.808   972  1168 V Robocol : received command: CMD_INIT_OP_MODE(32137) AutoV11RedLeft
03-04 12:19:47.826   972  1169 I RobotCore: ******************** START - OPMODE AutoV11RedLeft ********************
03-04 12:19:47.829   972  3722 V RobotCore: thread: ...terminating 'OpModeThread'
03-04 12:19:47.834   972  1181 I RobotCore: Attempting to switch to op mode AutoV11RedLeft
03-04 12:19:48.009   972  1181 D HardwareMap: Clearing which device instances have been retrieved
03-04 12:19:48.010   972  1181 D HardwareMap: Clearing which device instances have been retrieved
03-04 12:19:48.013   972  3866 V RobotCore: thread: 'OpModeThread' starting...
03-04 12:19:48.014   972  3866 I I2C     : Automatically initializing I2C device Rev2mDistanceSensor (USB (embedded); module 173; bus 1; addr7=0x29)
03-04 12:19:48.015   972  3866 D STMicroVL53L0X: : Checking to see if it's really a VL53L0X sensor...
03-04 12:19:48.018   972  3866 D STMicroVL53L0X: : Reg 0xC0 = ee (should be 0xEE)
03-04 12:19:48.022   972  3866 D STMicroVL53L0X: : Reg 0xC1 = aa (should be 0xAA)
03-04 12:19:48.025   972  3866 D STMicroVL53L0X: : Reg 0xC2 = 10 (should be 0x10)
03-04 12:19:48.030   972  3866 D STMicroVL53L0X: : Reg 0x51 = 0 (should be 0x0099)
03-04 12:19:48.033   972  1195 V Robocol : sending CMD_NOTIFY_INIT_OP_MODE(22364), attempt: 0
03-04 12:19:48.034   972  3866 D STMicroVL53L0X: : Reg 0x61 = 0 (should be 0x0000)
03-04 12:19:48.054   972  3866 D STMicroVL53L0X: : initial sig rate lim (MCPS) 0.250000
03-04 12:19:48.058   972  3866 D STMicroVL53L0X: : adjusted sig rate lim (MCPS) 0.250000
03-04 12:19:48.246   972  3866 I I2C     : Automatically initializing I2C device Rev2mDistanceSensor (USB (embedded); module 173; bus 2; addr7=0x29)
03-04 12:19:48.246   972  3866 D STMicroVL53L0X: : Checking to see if it's really a VL53L0X sensor...
03-04 12:19:48.249   972  3866 D STMicroVL53L0X: : Reg 0xC0 = ee (should be 0xEE)
03-04 12:19:48.252   972  3866 D STMicroVL53L0X: : Reg 0xC1 = aa (should be 0xAA)
03-04 12:19:48.255   972  3866 D STMicroVL53L0X: : Reg 0xC2 = 10 (should be 0x10)
03-04 12:19:48.258   972  3866 D STMicroVL53L0X: : Reg 0x51 = 0 (should be 0x0099)
03-04 12:19:48.261   972  3866 D STMicroVL53L0X: : Reg 0x61 = 0 (should be 0x0000)
03-04 12:19:48.278   972  3866 D STMicroVL53L0X: : initial sig rate lim (MCPS) 0.250000
03-04 12:19:48.283   972  3866 D STMicroVL53L0X: : adjusted sig rate lim (MCPS) 0.250000
03-04 12:19:48.482   972  3866 I I2C     : Automatically initializing I2C device RevColorSensorV3 (USB (embedded); module 173; bus 3; addr7=0x52)
03-04 12:19:48.482   972  3866 V BroadcomColorSensorImpl: internalInitialize()...
03-04 12:19:48.490   972  3866 V BroadcomColorSensorImpl: state: 07 37 20 1d 42 01 c2 
03-04 12:19:48.490   972  3866 V BroadcomColorSensorImpl: setGain(0x01)
03-04 12:19:48.493   972  3866 V BroadcomColorSensorImpl: setLEDParameters(0x37)
03-04 12:19:48.496   972  3866 V BroadcomColorSensorImpl: setProximityPulseCount(0x20)
03-04 12:19:48.499   972  3866 V BroadcomColorSensorImpl: setPSMeasRate(0x1d)
03-04 12:19:48.502   972  3866 V BroadcomColorSensorImpl: setLSMeasRate(0x42)
03-04 12:19:48.507   972  3866 V BroadcomColorSensorImpl: enable() enabled=0x07...
03-04 12:19:48.513   972  3866 V BroadcomColorSensorImpl: ...enable() enabled=0x07
03-04 12:19:48.518   972  3866 V BroadcomColorSensorImpl: state: 07 37 20 1d 42 01 c2 
03-04 12:19:48.518   972  3866 V BroadcomColorSensorImpl: ...internalInitialize()
03-04 12:19:48.518   972  3866 I I2C     : Automatically initializing I2C device RevColorSensorV3 (USB (embedded); module 2; bus 1; addr7=0x52)
03-04 12:19:48.518   972  3866 V BroadcomColorSensorImpl: internalInitialize()...
03-04 12:19:48.530   972  3866 V BroadcomColorSensorImpl: state: 07 37 20 1d 42 01 c2 
03-04 12:19:48.530   972  3866 V BroadcomColorSensorImpl: setGain(0x01)
03-04 12:19:48.535   972  3866 V BroadcomColorSensorImpl: setLEDParameters(0x37)
03-04 12:19:48.539   972  3866 V BroadcomColorSensorImpl: setProximityPulseCount(0x20)
03-04 12:19:48.544   972  3866 V BroadcomColorSensorImpl: setPSMeasRate(0x1d)
03-04 12:19:48.548   972  3866 V BroadcomColorSensorImpl: setLSMeasRate(0x42)
03-04 12:19:48.556   972  3866 V BroadcomColorSensorImpl: enable() enabled=0x07...
03-04 12:19:48.564   972  3866 V BroadcomColorSensorImpl: ...enable() enabled=0x07
03-04 12:19:48.570   972  3866 V BroadcomColorSensorImpl: state: 07 37 20 1d 42 01 c2 
03-04 12:19:48.570   972  3866 V BroadcomColorSensorImpl: ...internalInitialize()
03-04 12:19:48.601   972  3866 V BNO055  : Suppressing I2C warnings while we check for a BNO055 IMU
03-04 12:19:48.604   972  3866 V BNO055  : Found BNO055 IMU
03-04 12:19:49.037   972  3866 V BNO055IMU: Now polling until IMU comes out of reset. It is normal to see I2C failures below
03-04 12:19:49.041   972  3866 V RobotCore: addr=false data=true arb=false clock=false
03-04 12:19:49.041   972  3866 E LynxI2cDeviceSynch: readStatusQuery: cbExpected=1 cbRead=0
03-04 12:19:49.041   972  3866 E LynxI2cDeviceSynch: placeholder: readStatusQuery
03-04 12:19:49.105   972  3866 V RobotCore: addr=false data=true arb=false clock=false
03-04 12:19:49.105   972  3866 E LynxI2cDeviceSynch: readStatusQuery: cbExpected=1 cbRead=0
03-04 12:19:49.270   972  3866 V BNO055IMU: IMU has come out of reset. No more I2C failures should occur.
03-04 12:19:49.320   972  3866 D Vuforia : using camera by direction (classic): BACK
03-04 12:19:49.422   972  3866 D skia    : JPEG Decode 98
03-04 12:19:49.477   972  3866 D Vuforia : Vuforia.init()...
03-04 12:19:49.487   972  3866 I AR      : Vuforia selected rendering API OpenGL ES 2.x
03-04 12:19:49.487   972  3866 I AR      : Vuforia SDK version 7.4.3
03-04 12:19:49.713   972  3866 D Vuforia : ...Vuforia.init()
03-04 12:19:49.951   972  3866 I AR      : ObjectTracker: This device doesn't support model targets extended tracking, extended tracking will be turned off
03-04 12:19:50.192   972  1195 V Robocol : sending CMD_STREAM_CHANGE(22387), attempt: 0
03-04 12:19:50.193   972  1195 V Robocol : sending CMD_STREAM_CHANGE(22388), attempt: 0
03-04 12:19:50.597   972  3908 I native  : Initializing object tracker. 272x153 @0x7616f07264
03-04 12:19:50.599   972  3908 I native  : Initialized!
03-04 12:19:50.687   972  1168 V Robocol : received command: CMD_RUN_OP_MODE(32178) AutoV11RedLeft
03-04 12:19:50.713   972  1195 V Robocol : sending CMD_NOTIFY_RUN_OP_MODE(22401), attempt: 0
03-04 12:19:51.481   972  3909 I native  : Registering the position of 204490141 at 177.71,55.08,221.23,99.45
03-04 12:19:51.481   972  3909 I native  : Registering the position of 204490141 at 177.71,55.08,221.23,99.45 at time 1074950740235
03-04 12:19:51.483   972  3909 I native  : Registering the position of 171026962 at 181.33,21.93,219.41,56.61
03-04 12:19:51.483   972  3909 I native  : Registering the position of 171026962 at 181.33,21.93,219.41,56.61 at time 1074950740235
03-04 12:19:51.546   972  3910 I native  : Registering the position of 81991139 at 177.71,54.57,222.13,99.96
03-04 12:19:51.548   972  3910 I native  : Registering the position of 81991139 at 177.71,54.57,222.13,99.96 at time 1075026395951
03-04 12:19:51.553   972  3910 I native  : Registering the position of 99462112 at 181.33,21.93,220.32,57.12
03-04 12:19:51.555   972  3910 I native  : Registering the position of 99462112 at 181.33,21.93,220.32,57.12 at time 1075026395951
03-04 12:19:52.349   972  3910 I native  : Registering the position of 265330329 at 176.80,54.06,222.13,100.47
03-04 12:19:52.354   972  3910 I native  : Registering the position of 265330329 at 176.80,54.06,222.13,100.47 at time 1075979507880
03-04 12:19:52.356   972  3910 I native  : Registering the position of 259806558 at 180.43,20.40,221.23,56.10
03-04 12:19:52.356   972  3910 I native  : Registering the position of 259806558 at 180.43,20.40,221.23,56.10 at time 1075979507880
03-04 12:19:53.237   972  3910 I native  : Registering the position of 245837119 at 176.80,54.06,221.23,99.96
03-04 12:19:53.238   972  3910 I native  : Registering the position of 245837119 at 176.80,54.06,221.23,99.96 at time 1076730038622
03-04 12:19:53.242   972  3910 I native  : Registering the position of 179414540 at 180.43,20.91,221.23,56.10
03-04 12:19:53.243   972  3910 I native  : Registering the position of 179414540 at 180.43,20.91,221.23,56.10 at time 1076730038622
03-04 12:19:53.311   972  3909 I native  : Registering the position of 126061397 at 176.80,53.55,221.23,99.45
03-04 12:19:53.311   972  3909 I native  : Registering the position of 126061397 at 176.80,53.55,221.23,99.45 at time 1076789368295
03-04 12:19:53.320   972  3909 I native  : Registering the position of 3434858 at 180.43,20.91,221.23,56.61
03-04 12:19:53.320   972  3909 I native  : Registering the position of 3434858 at 180.43,20.91,221.23,56.61 at time 1076789368295
03-04 12:19:54.042   972  3910 I native  : Registering the position of 7036507 at 188.59,21.93,230.29,59.67
03-04 12:19:54.043   972  3910 I native  : Registering the position of 7036507 at 188.59,21.93,230.29,59.67 at time 1077639176547
03-04 12:19:54.045   972  3910 I native  : Registering the position of 165222136 at 184.96,57.12,230.29,101.49
03-04 12:19:54.046   972  3910 I native  : Registering the position of 165222136 at 184.96,57.12,230.29,101.49 at time 1077639176547
03-04 12:19:54.179   972  3909 I native  : Registering the position of 37652433 at 184.96,20.91,225.76,56.61
03-04 12:19:54.180   972  3909 I native  : Registering the position of 37652433 at 184.96,20.91,225.76,56.61 at time 1077708232721
03-04 12:19:54.181   972  3909 I native  : Registering the position of 245871158 at 181.33,54.06,227.57,100.98
03-04 12:19:54.182   972  3909 I native  : Registering the position of 245871158 at 181.33,54.06,227.57,100.98 at time 1077708232721
03-04 12:19:54.880   972  3909 I native  : Registering the position of 24610103 at 152.32,50.49,248.43,139.23
03-04 12:19:54.880   972  3909 I native  : Registering the position of 24610103 at 152.32,50.49,248.43,139.23 at time 1078538173512
03-04 12:19:54.888   972  3909 I native  : Registering the position of 168077988 at 167.73,0.51,239.36,56.10
03-04 12:19:54.889   972  3909 I native  : Registering the position of 168077988 at 167.73,0.51,239.36,56.10 at time 1078538173512
03-04 12:19:55.614   972  3866 I DbgLog  : Turn: RAD=-0.04111111 DEG=-2.2918311292968743 POWER=0.12933333396911623
03-04 12:19:55.649   972  3866 I DbgLog  : Turn: RAD=-0.037777778 DEG=-2.1645072251011395 POWER=0.12666666835546495
03-04 12:19:55.674   972  3866 I DbgLog  : Turn: RAD=-0.036666665 DEG=-2.100845166281566 POWER=0.12533333331346513
03-04 12:19:55.699   972  3866 I DbgLog  : Turn: RAD=-0.033333335 DEG=-1.9098594167096694 POWER=0.1239999982714653
03-04 12:19:55.746   972  3866 I DbgLog  : Turn: RAD=-0.025555555 DEG=-1.0822536125505697 POWER=0.1159999991953373
03-04 12:19:55.771   972  3866 I DbgLog  : Turn: RAD=-0.016666668 DEG=-0.7639437453395267 POWER=0.10000000104308128
03-04 12:19:55.803   972  3866 I DbgLog  : Turn: RAD=-0.0055555557 DEG=-0.3183098938914694 POWER=0.0919999997317791
03-04 12:19:55.823   972  3866 I DbgLog  : IMU DEG=-0.0
03-04 12:19:55.832   972  3866 I DbgLog  : IMU DEG ERROR=-0.18249263612261046
03-04 12:19:59.571   972  3866 I DbgLog  : Turn: RAD=-0.024444444 DEG=-1.4005634797616127 POWER=0.10933333292603492
03-04 12:19:59.614   972  3866 I DbgLog  : Turn: RAD=-0.025555555 DEG=-1.46422543185948 POWER=0.11066666573286056
03-04 12:19:59.670   972  3866 I DbgLog  : Turn: RAD=-0.015555556 DEG=-0.8276056974373941 POWER=0.10666666731238365
03-04 12:19:59.700   972  3866 I DbgLog  : Turn: RAD=-0.006666667 DEG=-0.38197187266976335 POWER=0.09333333365619183
03-04 12:19:59.721   972  3866 I DbgLog  : IMU DEG=-0.12732395755658776
03-04 12:19:59.726   972  3866 I DbgLog  : IMU DEG ERROR=0.0
03-04 12:20:01.374   972  3866 I DbgLog  : IMU DEG=0.8191208949409458
03-04 12:20:01.379   972  3866 I DbgLog  : IMU DEG ERROR=-0.8827782580054646
03-04 12:20:03.291   972  3866 I DbgLog  : IMU DEG=0.4371494224775791
03-04 12:20:03.297   972  3866 I DbgLog  : IMU DEG ERROR=-0.4371494224775791
03-04 12:20:03.599   972  3866 I DbgLog  : IMU DEG=0.18249263612261046
03-04 12:20:03.605   972  3866 I DbgLog  : IMU DEG ERROR=-0.11883527305809163
03-04 12:20:06.352   972  3866 I DbgLog  : IMU DEG=0.24617733328402258
03-04 12:20:06.356   972  3866 I DbgLog  : IMU DEG ERROR=-0.24617733328402258
03-04 12:20:09.076   972  3866 I DbgLog  : IMU DEG=-0.7002817398808063
03-04 12:20:09.079   972  3866 I DbgLog  : IMU DEG ERROR=0.509295830226351
03-04 12:20:10.610   972  3866 I DbgLog  : Turn: RAD=0.0031850974 DEG=0.18249263612261046 POWER=0.5
03-04 12:20:10.635   972  3866 I DbgLog  : Turn: RAD=0.0031850974 DEG=0.18249263612261046 POWER=0.5
03-04 12:20:10.661   972  3866 I DbgLog  : Turn: RAD=0.015407387 DEG=0.8827782580054646 POWER=0.5
03-04 12:20:10.686   972  3866 I DbgLog  : Turn: RAD=0.045407597 DEG=3.4929213889474973 POWER=0.5
03-04 12:20:10.712   972  3866 I DbgLog  : Turn: RAD=0.095407315 DEG=5.466436461174393 POWER=0.5
03-04 12:20:10.734   972  3866 I DbgLog  : Turn: RAD=0.13318521 DEG=8.713207437388151 POWER=0.5
03-04 12:20:10.759   972  3866 I DbgLog  : Turn: RAD=0.17096311 DEG=10.877721706121871 POWER=0.5
03-04 12:20:10.779   972  3866 I DbgLog  : Turn: RAD=0.22985202 DEG=13.169550700984631 POWER=0.5
03-04 12:20:10.802   972  3866 I DbgLog  : Turn: RAD=0.27318507 DEG=16.98926569242256 POWER=0.5
03-04 12:20:10.826   972  3866 I DbgLog  : Turn: RAD=0.31985217 DEG=19.663066186429113 POWER=0.5
03-04 12:20:10.851   972  3866 I DbgLog  : Turn: RAD=0.36762983 DEG=22.400524043500184 POWER=0.5
03-04 12:20:10.874   972  3866 I DbgLog  : Turn: RAD=0.44207412 DEG=25.328981310521492 POWER=0.5
03-04 12:20:10.900   972  3866 I DbgLog  : Turn: RAD=0.49762994 DEG=30.039981347132727 POWER=0.5
03-04 12:20:10.924   972  3866 I DbgLog  : Turn: RAD=0.5798519 DEG=33.22306806641211 POWER=0.5
03-04 12:20:10.946   972  3866 I DbgLog  : Turn: RAD=0.6320742 DEG=37.61575396694407 POWER=0.5
03-04 12:20:10.974   972  3866 I DbgLog  : Turn: RAD=0.708741 DEG=40.60786859702989 POWER=0.5
03-04 12:20:10.998   972  3866 I DbgLog  : Turn: RAD=0.77985173 DEG=44.6822130407259 POWER=0.5
03-04 12:20:11.023   972  3866 I DbgLog  : Turn: RAD=0.83096296 DEG=47.610670307747206 POWER=0.5
03-04 12:20:11.053   972  3866 I DbgLog  : Turn: RAD=0.8787411 DEG=51.68504207219989 POWER=0.5
03-04 12:20:11.087   972  3866 I DbgLog  : Turn: RAD=0.97318536 DEG=57.15998510709871 POWER=0.5
03-04 12:20:11.142   972  3866 I DbgLog  : Turn: RAD=1.1254076 DEG=64.48110436898989 POWER=0.5
03-04 12:20:11.173   972  3866 I DbgLog  : Turn: RAD=1.2054075 DEG=70.52899099222606 POWER=0.5
03-04 12:20:11.201   972  3866 I DbgLog  : Turn: RAD=1.2576298 DEG=73.64842034844092 POWER=0.5
03-04 12:20:11.222   972  3866 I DbgLog  : Turn: RAD=1.3376297 DEG=76.64053497852674 POWER=0.5
03-04 12:20:11.244   972  3866 I DbgLog  : Turn: RAD=1.3876299 DEG=79.50533488248354 POWER=0.5
03-04 12:20:11.276   972  3866 I DbgLog  : Turn: RAD=1.4609631 DEG=85.04393528044687 POWER=0.5
03-04 12:20:11.310   972  3866 I DbgLog  : Turn: RAD=1.5331854 DEG=89.2456217710286 POWER=0.5
03-04 12:20:11.346   972  3866 I DbgLog  : Turn: RAD=1.6309632 DEG=93.44730826161032 POWER=0.5
03-04 12:20:11.381   972  3866 I DbgLog  : Turn: RAD=1.728741 DEG=99.04956602263817 POWER=0.4778411410098899
03-04 12:20:11.421   972  3866 I DbgLog  : Turn: RAD=1.8054074 DEG=104.8427958728596 POWER=0.3565080187564719
03-04 12:20:11.460   972  3866 I DbgLog  : Turn: RAD=1.9042963 DEG=110.44505363388745 POWER=0.267174293780886
03-04 12:20:11.512   972  3866 I DbgLog  : Turn: RAD=2.0154073 DEG=115.47433365563211 POWER=0.15250792720373754
03-04 12:20:11.554   972  3866 I DbgLog  : Turn: RAD=2.0887406 DEG=120.63096255445166 POWER=0.08584116199072486
03-04 12:20:11.590   972  3866 I DbgLog  : Turn: RAD=2.1542962 DEG=123.43207777458726 POWER=-0.15415876171532983
03-04 12:20:11.654   972  3866 I DbgLog  : Turn: RAD=2.213185 DEG=126.67884917768784 POWER=-0.12882547161523217
03-04 12:20:11.697   972  3866 I DbgLog  : Turn: RAD=2.1998518 DEG=125.91490617940025 POWER=-0.15149221203271263
03-04 12:20:11.725   972  3866 I DbgLog  : Turn: RAD=2.190963 DEG=125.2782779072417 POWER=-0.14082517406884545
03-04 12:20:11.774   972  3866 I DbgLog  : Turn: RAD=2.173185 DEG=124.25970545669604 POWER=-0.1261589982265603
03-04 12:20:11.822   972  3866 I DbgLog  : Turn: RAD=2.1542962 DEG=122.98644891237893 POWER=-0.17815873882714622
03-04 12:20:11.874   972  3866 I DbgLog  : Turn: RAD=2.1231854 DEG=121.39490555273925 POWER=-0.1528255250209939
03-04 12:20:11.903   972  3866 I DbgLog  : Turn: RAD=2.1076295 DEG=120.50364782832263 POWER=-0.13015878460351343
03-04 12:20:11.931   972  3866 I DbgLog  : Turn: RAD=2.0976298 DEG=119.93067691922859 POWER=-0.11149232647363061
03-04 12:20:11.958   972  3866 I DbgLog  : Turn: RAD=2.0854075 DEG=119.29404864707004 POWER=-0.09415853283349389
03-04 12:20:11.975   972  3866 I DbgLog  : IMU DEG=118.91207714792625
03-04 12:20:11.982   972  3866 I DbgLog  : IMU DEG ERROR=0.0879228520737508
03-04 12:20:13.036   972  3866 W EventLoopManager: Failed to send telemetry data
03-04 12:20:13.038   972  3866 E EventLoopManager: com.qualcomm.robotcore.exception.RobotCoreException: Cannot have more than 255 string data points
03-04 12:20:13.040   972  3866 E EventLoopManager: 	at com.qualcomm.robotcore.robocol.TelemetryMessage.toByteArray(TelemetryMessage.java:211)
03-04 12:20:13.041   972  3866 E EventLoopManager: 	at com.qualcomm.robotcore.robocol.RobocolParsableBase.toByteArrayForTransmission(RobocolParsableBase.java:101)
03-04 12:20:13.041   972  3866 E EventLoopManager: 	at com.qualcomm.robotcore.robocol.RobocolDatagram.<init>(RobocolDatagram.java:50)
03-04 12:20:13.042   972  3866 E EventLoopManager: 	at org.firstinspires.ftc.robotcore.internal.network.NetworkConnectionHandler.sendDataToPeer(NetworkConnectionHandler.java:572)
03-04 12:20:13.043   972  3866 E EventLoopManager: 	at com.qualcomm.robotcore.eventloop.EventLoopManager.sendTelemetryData(EventLoopManager.java:570)
03-04 12:20:13.044   972  3866 E EventLoopManager: 	at com.qualcomm.ftccommon.FtcEventLoopHandler.refreshUserTelemetry(FtcEventLoopHandler.java:434)
03-04 12:20:13.044   972  3866 E EventLoopManager: 	at com.qualcomm.ftccommon.FtcEventLoop.refreshUserTelemetry(FtcEventLoop.java:266)
03-04 12:20:13.045   972  3866 E EventLoopManager: 	at com.qualcomm.robotcore.eventloop.opmode.OpModeManagerImpl.refreshUserTelemetry(OpModeManagerImpl.java:769)
03-04 12:20:13.046   972  3866 E EventLoopManager: 	at com.qualcomm.robotcore.eventloop.opmode.OpMode.internalUpdateTelemetryNow(OpMode.java:236)
03-04 12:20:13.047   972  3866 E EventLoopManager: 	at com.qualcomm.robotcore.eventloop.opmode.OpModeManagerImpl.updateTelemetryNow(OpModeManagerImpl.java:765)
03-04 12:20:13.047   972  3866 E EventLoopManager: 	at org.firstinspires.ftc.robotcore.internal.opmode.TelemetryImpl.tryUpdate(TelemetryImpl.java:716)
03-04 12:20:13.048   972  3866 E EventLoopManager: 	at org.firstinspires.ftc.robotcore.internal.opmode.TelemetryImpl.update(TelemetryImpl.java:676)
03-04 12:20:13.048   972  3866 E EventLoopManager: 	at org.firstinspires.ftc.teamcode.AutoV11RedLeft.driveVertical(AutoV11RedLeft.java:405)
03-04 12:20:13.049   972  3866 E EventLoopManager: 	at org.firstinspires.ftc.teamcode.AutoV11RedLeft.autoCycle(AutoV11RedLeft.java:625)
03-04 12:20:13.050   972  3866 E EventLoopManager: 	at org.firstinspires.ftc.teamcode.AutoV11RedLeft.runOpMode(AutoV11RedLeft.java:773)
03-04 12:20:13.050   972  3866 E EventLoopManager: 	at com.qualcomm.robotcore.eventloop.opmode.LinearOpMode.internalRunOpMode(LinearOpMode.java:169)
03-04 12:20:13.052   972  3866 E EventLoopManager: 	at com.qualcomm.robotcore.eventloop.opmode.OpModeInternal.lambda$internalInit$1$com-qualcomm-robotcore-eventloop-opmode-OpModeInternal(OpModeInternal.java:180)
03-04 12:20:13.053   972  3866 E EventLoopManager: 	at com.qualcomm.robotcore.eventloop.opmode.OpModeInternal$$ExternalSyntheticLambda1.run(D8$$SyntheticClass)
03-04 12:20:13.053   972  3866 E EventLoopManager: 	at com.qualcomm.robotcore.util.ThreadPool.logThreadLifeCycle(ThreadPool.java:737)
03-04 12:20:13.054   972  3866 E EventLoopManager: 	at com.qualcomm.robotcore.eventloop.opmode.OpModeInternal.lambda$internalInit$2$com-qualcomm-robotcore-eventloop-opmode-OpModeInternal(OpModeInternal.java:178)
03-04 12:20:13.054   972  3866 E EventLoopManager: 	at com.qualcomm.robotcore.eventloop.opmode.OpModeInternal$$ExternalSyntheticLambda2.run(D8$$SyntheticClass)
03-04 12:20:13.055   972  3866 E EventLoopManager: 	at java.util.concurrent.ThreadPoolExecutor.runWorker(ThreadPoolExecutor.java:1133)
03-04 12:20:13.055   972  3866 E EventLoopManager: 	at java.util.concurrent.ThreadPoolExecutor$Worker.run(ThreadPoolExecutor.java:607)
03-04 12:20:13.056   972  3866 E EventLoopManager: 	at com.qualcomm.robotcore.util.ThreadPool$ThreadFactoryImpl$1.run(ThreadPool.java:793)
03-04 12:20:13.056   972  3866 E EventLoopManager: 	at java.lang.Thread.run(Thread.java:761)
03-04 12:20:17.894   972  3866 I DbgLog  : Turn: RAD=2.3687408 DEG=135.71885043100983 POWER=-0.5
03-04 12:20:17.916   972  3866 I DbgLog  : Turn: RAD=2.3676298 DEG=135.6551930679453 POWER=-0.5
03-04 12:20:17.942   972  3866 I DbgLog  : Turn: RAD=2.3531852 DEG=134.82757904621485 POWER=-0.5
03-04 12:20:17.959   972  3866 I DbgLog  : Turn: RAD=2.3254075 DEG=133.23603568657518 POWER=-0.5
03-04 12:20:17.988   972  3866 I DbgLog  : Turn: RAD=2.2976296 DEG=131.64447866655715 POWER=-0.5
03-04 12:20:18.011   972  3866 I DbgLog  : Turn: RAD=2.2676299 DEG=128.97067817255058 POWER=-0.5
03-04 12:20:18.032   972  3866 I DbgLog  : Turn: RAD=2.2165186 DEG=126.9971633137671 POWER=-0.5
03-04 12:20:18.057   972  3866 I DbgLog  : Turn: RAD=2.1976297 DEG=123.75039191066652 POWER=-0.5
03-04 12:20:18.101   972  3866 I DbgLog  : Turn: RAD=2.1131852 DEG=120.05799164535763 POWER=-0.5
03-04 12:20:18.124   972  3866 I DbgLog  : Turn: RAD=2.0776298 DEG=117.95716206044511 POWER=-0.5
03-04 12:20:18.155   972  3866 I DbgLog  : Turn: RAD=2.0176299 DEG=114.45576803527563 POWER=-0.5
03-04 12:20:18.190   972  3866 I DbgLog  : Turn: RAD=1.9320744 DEG=110.69971040690221 POWER=-0.486866621972711
03-04 12:20:18.219   972  3866 I DbgLog  : Turn: RAD=1.8609632 DEG=105.22476737200338 POWER=-0.37619996547857043
03-04 12:20:18.256   972  3866 I DbgLog  : Turn: RAD=1.7865189 DEG=100.89576615529263 POWER=-0.2895332860962462
03-04 12:20:18.290   972  3866 I DbgLog  : Turn: RAD=1.6887411 DEG=96.75773702777542 POWER=-0.16953340053716418
03-04 12:20:18.327   972  3866 I DbgLog  : Turn: RAD=1.6065186 DEG=92.0467369911642 POWER=-0.14553349971929308
03-04 12:20:18.391   972  3866 I DbgLog  : Turn: RAD=1.51763 DEG=86.38082186707182 POWER=-0.08286679744878526
03-04 12:20:18.424   972  3866 I DbgLog  : Turn: RAD=1.4876298 DEG=84.66196378130309 POWER=0.16779959201654676
03-04 12:20:18.458   972  3866 I DbgLog  : Turn: RAD=1.4509634 DEG=83.1340777847279 POWER=0.12246660709223035
03-04 12:20:18.502   972  3866 I DbgLog  : Turn: RAD=1.4520744 DEG=83.4523646000505 POWER=0.14646658420404676
03-04 12:20:18.550   972  3866 I DbgLog  : Turn: RAD=1.4654077 DEG=83.96167814608002 POWER=0.12913336276849988
03-04 12:20:18.586   972  3866 I DbgLog  : Turn: RAD=1.4754075 DEG=84.53462173441737 POWER=0.1184663248046327
03-04 12:20:18.622   972  3866 I DbgLog  : Turn: RAD=1.4831852 DEG=85.17125000657592 POWER=0.10779985904535536
03-04 12:20:18.666   972  3866 I DbgLog  : Turn: RAD=1.4954075 DEG=85.80787827873446 POWER=0.17846662998041396
03-04 12:20:18.697   972  3866 I DbgLog  : Turn: RAD=1.5076298 DEG=86.63547864008656 POWER=0.15979959964594131
03-04 12:20:18.741   972  3866 I DbgLog  : Turn: RAD=1.5265187 DEG=87.78139313751795 POWER=0.13846666812738662
03-04 12:20:18.774   972  3866 I DbgLog  : Turn: RAD=1.540963 DEG=88.54533613580553 POWER=0.1211328744872499
03-04 12:20:18.797   972  3866 I DbgLog  : Turn: RAD=1.5520743 DEG=89.11827972414288 POWER=0.10646669864496473
03-04 12:20:18.830   972  3866 I DbgLog  : Turn: RAD=1.559852 DEG=89.56393590710788 POWER=0.09579966068109755
03-04 12:20:18.871   972  3866 I DbgLog  : IMU DEG=90.00956476931619
03-04 12:20:18.877   972  3866 I DbgLog  : IMU DEG ERROR=-0.009564769316185117
03-04 12:20:20.376   972  3866 I DbgLog  : IMU DEG=90.4551936315245
03-04 12:20:20.380   972  3866 I DbgLog  : IMU DEG ERROR=-0.45519363152449704
03-04 12:20:20.414   972  3866 I DbgLog  : IMU DEG=90.39153626845997
03-04 12:20:20.423   972  3866 I DbgLog  : IMU DEG ERROR=-0.3915362684599782
03-04 12:20:20.767   972  1168 V Robocol : received command: CMD_INIT_OP_MODE(32501) $Stop$Robot$
03-04 12:20:20.773   972  1169 I RobotCore: ******************** STOP - OPMODE /storage/emulated/0/FIRST/matchlogs/Match-0-AutoV11RedLeft.txt ********************
03-04 12:20:20.780   972  3866 D RobotCore: User runOpModeMethod exited
03-04 12:20:20.780   972  3866 V RobotCore: thread: ...terminating 'OpModeThread'
03-04 12:20:20.783   972  3915 I RobotCore: saving match logcat to /storage/emulated/0/FIRST/matchlogs/Match-0-AutoV11RedLeft.txt
03-04 12:20:20.783   972  3915 I RobotCore: logging command line: exec logcat -d -T '3-4 12:19:47.000' -f '/storage/emulated/0/FIRST/matchlogs/Match-0-AutoV11RedLeft.txt' -n4 -v threadtime UsbRequestJNI:S UsbRequest:S art:W ThreadPool:W System:W ExtendedExtractor:W OMXClient:W MediaPlayer:W dalvikvm:W  *:V
03-04 12:20:20.880   972  3915 I RobotCore: Done running exec logcat -d -T '3-4 12:19:47.000' -f '/storage/emulated/0/FIRST/matchlogs/Match-0-AutoV11RedLeft.txt' -n4 -v threadtime UsbRequestJNI:S UsbRequest:S art:W ThreadPool:W System:W ExtendedExtractor:W OMXClient:W MediaPlayer:W dalvikvm:W  *:V
03-04 12:20:20.880   972  3915 I RobotCore: exiting match logcat for /storage/emulated/0/FIRST/matchlogs/Match-0-AutoV11RedLeft.txt
03-04 12:20:20.912   972  1195 V Robocol : sending CMD_STREAM_CHANGE(22727), attempt: 0
03-04 12:20:20.951   972  1181 D Vuforia : Vuforia.deinit()...
03-04 12:20:21.131   972  1181 D Vuforia : ...Vuforia.deinit()
03-04 12:20:21.133   972  1181 I RobotCore: Attempting to switch to op mode $Stop$Robot$
03-04 12:20:21.134   972  1181 D HardwareMap: Clearing which device instances have been retrieved
03-04 12:20:21.134   972  1181 D HardwareMap: Clearing which device instances have been retrieved
03-04 12:20:21.137   972  3922 V RobotCore: thread: 'OpModeThread' starting...
03-04 12:20:21.152   972  1195 V Robocol : sending CMD_NOTIFY_INIT_OP_MODE(22735), attempt: 0
03-04 12:20:21.169   972  1168 V Robocol : received command: CMD_RUN_OP_MODE(32510) $Stop$Robot$
03-04 12:20:21.193   972  1195 V Robocol : sending CMD_NOTIFY_RUN_OP_MODE(22741), attempt: 0
03-04 12:20:25.049   972  3749 V ProgrammingModeManager: serve uri=/java/file/save
03-04 12:20:29.670   972   984 W BaseTaskApi: Closing an already closed native lib
03-04 12:20:29.671   972   984 W BaseTaskApi: Closing an already closed native lib
03-04 12:20:30.043   972  3749 V ProgrammingModeManager: serve uri=/java/file/save
03-04 12:20:30.153   972  1033 V OnBotJava: build request file changed: 0x00000002 /storage/emulated/0/FIRST/java/control/buildRequest.txt
