12-31 18:00:14.036   972   972 D ApplicationLoaders: ignored Vulkan layer search path /system/app/webview/lib/arm64:/system/app/webview/webview.apk!/lib/arm64-v8a:/system/lib64:/vendor/lib64 for namespace 0x762fde60f0
12-31 18:00:14.039   972   972 I WebViewFactory: Loading com.android.webview version 52.0.2743.100 (code 275610050)
12-31 18:00:14.065   972  1088 E ControlHubApChannelManager: Timeout while getting current channel from AP service
12-31 18:00:14.210   972   972 I cr_LibraryLoader: Time to load native libraries: 130 ms (timestamps 4080-4210)
12-31 18:00:14.211   972   972 I cr_LibraryLoader: Expected native library version number "52.0.2743.100", actual native library version number "52.0.2743.100"
12-31 18:00:14.272   972   972 V WebViewChromiumFactoryProvider: Binding Chromium to main looper Looper (main, tid 1) {5597099}
12-31 18:00:14.273   972   972 I cr_LibraryLoader: Expected native library version number "52.0.2743.100", actual native library version number "52.0.2743.100"
12-31 18:00:14.309   972   972 I chromium: [INFO:library_loader_hooks.cc(143)] Chromium logging enabled: level = 0, default verbosity = 0
12-31 18:00:14.328   972   972 I cr_BrowserStartup: Initializing chromium process, singleProcess=true
12-31 18:00:14.395   972   972 I mali_so : [File] : hardware/rockchip/driver/./src/base/arch/arch_011_udd/base_arch_main.c; [Line] : 565; [Func] : deal_with_version_affairs_rk_ext;
12-31 18:00:14.395   972   972 I mali_so : arm_release_ver of this mali_so is 'r7p0-00rel1', rk_so_ver is '1@2' for 3328h_android_7.1, built at '15:47:51', on 'Jun 28 2017'.
12-31 18:00:14.395   972   972 I mali_so : [File] : hardware/rockchip/driver/./src/base/arch/arch_011_udd/base_arch_main.c; [Line] : 578; [Func] : deal_with_version_affairs_rk_ext;
12-31 18:00:14.395   972   972 I mali_so : mali_ver_property has been set to 'r7p0-00rel1-5-1@2', to return.
12-31 18:00:14.476   972   972 I cr_DRP  : No DRP key due to exception:java.lang.ClassNotFoundException: com.android.webview.chromium.Drp
12-31 18:00:14.539   972   972 W cr_AwContents: onDetachedFromWindow called when already detached. Ignoring
12-31 18:00:16.083   972   972 V UpdateUI: Network: inactive, disconnected
12-31 18:00:16.084   972   972 V ServiceStarter: attempting to start service FtcRobotControllerWatchdogService
12-31 18:00:16.087   972   972 V ServiceStarter: started service FtcRobotControllerWatchdogService
12-31 18:00:16.111   972   972 I RobotCore: App info: version=8.1.1 appId=com.qualcomm.ftcrobotcontroller
12-31 18:00:16.112   972   972 I RobotCore: Android Device: maker=REV Robotics model=Control Hub v1.0 sdk=25 serial=b960183b28d6665b
12-31 18:00:16.112   972   972 V AndroidBoard: REV Control Hub contains REV3328
12-31 18:00:16.112   972   972 V AndroidBoard: Communicating with embedded REV hub via /dev/ttyS1
12-31 18:00:16.114   972   972 V RCActivity: onStart()
12-31 18:00:16.116   972   972 V RCActivity: onResume()
12-31 18:00:16.140   972   972 V NetDiscover_prefremrc: onSharedPreferenceChanged(name=App Restrictions, value=AAAAAA==
12-31 18:00:16.140   972   972 V NetDiscover_prefremrc: )
12-31 18:00:16.151   972   972 V FtcRobotControllerWatchdogService: onCreate()
12-31 18:00:16.152   972   972 V FtcRobotControllerWatchdogService: onStartCommand() intent=Intent { cmp=com.qualcomm.ftcrobotcontroller/org.firstinspires.ftc.ftccommon.internal.FtcRobotControllerWatchdogService } flags=0x0 startId=1
12-31 18:00:16.152   972   972 V FtcRobotControllerWatchdogService: shouldAutoLauchRobotController() result=true
12-31 18:00:16.154   972   972 V FTCService: onCreate()
12-31 18:00:16.174   972   972 W art     : Before Android 4.1, method double java.util.concurrent.ThreadLocalRandom.internalNextDouble(double, double) would have incorrectly overridden the package-private method in java.util.Random
12-31 18:00:16.174   972   972 W art     : Before Android 4.1, method int java.util.concurrent.ThreadLocalRandom.internalNextInt(int, int) would have incorrectly overridden the package-private method in java.util.Random
12-31 18:00:16.174   972   972 W art     : Before Android 4.1, method long java.util.concurrent.ThreadLocalRandom.internalNextLong(long, long) would have incorrectly overridden the package-private method in java.util.Random
12-31 18:00:16.204   972   972 V FTCService: onBind()
12-31 18:00:16.225   972   972 V CoreRobotWebServer: creating NanoHTTPD(8080)
12-31 18:00:16.232   972   972 V WebSocketManager: Registered broadcast-only namespace progress
12-31 18:00:16.238   972   972 V WebSocketManager: Registered handler for namespace ControlHubUpdater
12-31 18:00:16.239   972   972 V RobotCore: Getting network assistant of type: RCWIRELESSAP
12-31 18:00:16.240   972   972 I RobotControllerAccessPointAssistant: Enabling network services
12-31 18:00:16.243   972   972 I RobotControllerAccessPointAssistant: Sending SSID and password to AP service
12-31 18:00:16.243   972   972 I RobotCore: 5126dice
12-31 18:00:16.244   972   972 D RobotControllerAccessPointAssistant: setNetworkProperties(deviceName=5126-A-RC, password=5126dice, ApChannel=null) sendSettingsIndividually=false
12-31 18:00:16.244   972   972 I NetDiscover_ControlHubNameManager: Robot controller name: 5126-A-RC
12-31 18:00:16.244   972   972 I ControlHubPasswordManager: Robot controller password: 5126dice
12-31 18:00:16.244   972   972 D RobotControllerAccessPointAssistant: Sending bulk settings broadcast intent
12-31 18:00:16.323   972  1116 I OpenGLRenderer: Initialized EGL, version 1.4
12-31 18:00:16.323   972  1116 D OpenGLRenderer: Swap behavior 1
12-31 18:00:16.334   972   972 I RobotControllerAccessPointAssistant: Wi-Fi state change:, wifiApState: 13
12-31 18:00:16.335   972   972 I FTCService: onNetworkConnectionEvent: CONNECTION_INFO_AVAILABLE
12-31 18:00:16.335   972   972 I RobotCore: 5126dice
12-31 18:00:16.335   972   972 I FTCService: Network Connection Passphrase: 5126dice
12-31 18:00:16.335   972   972 V CoreRobotWebServer: starting port=8080
12-31 18:00:16.348   972   972 V RobotCore: Getting network assistant of type: RCWIRELESSAP
12-31 18:00:16.352   972   972 V CoreRobotWebServer: started port=8080
12-31 18:00:16.353   972   972 V FTCService: RCActivity.controllerService=bound
12-31 18:00:16.353   972   972 V UpdateUI: Network: active, disconnected
12-31 18:00:16.354   972   972 V RobotCore: Robot Status: stopped
12-31 18:00:16.367   972  1122 V TooTallWebSocketServer: Started WebSocket server on port 8081
12-31 18:00:16.690   972  1125 V RobotCore: thread: 'RobotSetupRunnable.run()' starting...
12-31 18:00:16.690   972  1125 V FTCService: Processing robot setup
12-31 18:00:16.691   972  1125 V RobotCore: Robot Status: stopped, scanning for USB devices
12-31 18:00:16.691   972  1125 I AppAliveNotifier: Telling the OS to set the RC alive notification timeout to 10 seconds
12-31 18:00:16.775   972   972 V WebSocketManager: Registered handler for namespace ONBOTJAVA
12-31 18:00:16.852   972  1116 I [Gralloc]:  ion device open success! fd = 90
12-31 18:00:17.013   972   972 V AppUtil : rootActivity=PermissionValidatorWrapper destroyed
12-31 18:00:17.013   972   972 V AppUtil : rootActivity=FtcRobotControllerActivity
12-31 18:00:17.013   972   972 I PermissionValidatorActivity: Lifecycle onDestroy : c2141d8
12-31 18:00:21.704   972  1125 V RobotCore: EventLoopManager state is NOT_STARTED
12-31 18:00:21.705   972  1125 V FTCService: Waiting for a connection to a Wi-Fi service
12-31 18:00:21.705   972  1125 V RobotCore: Robot Status: stopped, waiting for network to become active
12-31 18:00:21.708   972  1125 I RobotControllerAccessPointAssistant: Wi-Fi AP is enabled
12-31 18:00:21.708   972  1125 V CoreRobotWebServer: Asked an already running WebServer to start
12-31 18:00:21.708   972  1125 V RobotCore: Robot Status: stopped, starting robot
12-31 18:00:21.709   972  1125 V Robocol : EventLoopManager.start()
12-31 18:00:21.709   972  1125 V RobotCore: Getting network assistant of type: RCWIRELESSAP
12-31 18:00:21.711   972  1125 I RobotControllerAccessPointAssistant: Wi-Fi AP is enabled
12-31 18:00:21.711   972  1125 V Robocol : Spoofing a Network Connection event...
12-31 18:00:21.712   972  1125 I EventLoopManager: onNetworkConnectionEvent: CONNECTION_INFO_AVAILABLE
12-31 18:00:21.712   972  1125 I Robocol : Received network connection event
12-31 18:00:21.713   972  1125 I RobotControllerAccessPointAssistant: Wi-Fi AP is enabled
12-31 18:00:21.713   972  1125 I NetworkConnectionHandler: Handling new network connection infomation, connected: true setup needed: true
12-31 18:00:21.714   972  1125 I RobotControllerAccessPointAssistant: Wi-Fi AP is enabled
12-31 18:00:24.744   972  1167 V RobotCore: thread: 'SetupRunnable.run()' starting...
12-31 18:00:24.744   972  1125 V RobotCore: EventLoopManager state is STOPPED
12-31 18:00:24.747   972  1125 V Robocol : eventLoop=FtcEventLoop
12-31 18:00:24.747   972  1125 V RobotCore: EventLoopManager state is INIT
12-31 18:00:24.748   972  1125 V RobotCore: Robot Status: initializing, starting robot
12-31 18:00:24.748   972  1125 I FtcEventLoop: ======= INIT START =======
12-31 18:00:24.749   972  1125 V OpmodeRegistration: registered {DefaultOpMode} as {$Stop$Robot$}
12-31 18:00:24.754   972  1167 D Robocol : RobocolDatagramSocket listening addr=/192.168.43.1:20884 cbRec=65520 cbSend=106496 msRecTO=300
12-31 18:00:24.755   972  1167 V Robocol : RecvLoopRunnable created
12-31 18:00:24.759   972  1168 V Robocol : PacketProcessor started
12-31 18:00:24.762   972  1169 V Robocol : CommandProcessor started
12-31 18:00:24.764   972  1170 V RobotCore: thread: 'RecvLoopRunnable.run()' starting...
12-31 18:00:24.766   972  1167 V PeerDiscovery: Starting peer discovery remote: /192.168.43.1 local: /192.168.43.1
12-31 18:00:24.767   972  1167 V PeerDiscovery: No need for initiating peer discovery, we are the Robot Controller
12-31 18:00:24.767   972  1167 V RobotCore: Setup complete
12-31 18:00:24.767   972  1167 V RobotCore: thread: ...terminating 'SetupRunnable.run()'
12-31 18:00:24.829   972  1125 V OpmodeRegistration: registered instance as {Sensor Debug}
12-31 18:00:24.831   972  1125 V OpmodeRegistration: registered {AutoV11BlueRight} as {AutoV11BlueRight}
12-31 18:00:24.832   972  1125 V OpmodeRegistration: registered {TeleV8} as {TeleV8}
12-31 18:00:24.832   972  1125 V OpmodeRegistration: registered {AutoV11RedLeft} as {AutoV11RedLeft}
12-31 18:00:24.832   972  1125 V OpmodeRegistration: registered {SCv1BlueRight} as {SCv1BlueRight}
12-31 18:00:24.832   972  1125 V OpmodeRegistration: registered {AutoV11BlueLeft} as {AutoV11BlueLeft}
12-31 18:00:24.833   972  1125 V OpmodeRegistration: registered {SCv1RedRight} as {SCv1RedRight}
12-31 18:00:24.833   972  1125 V OpmodeRegistration: registered {AutoV11RedRight} as {AutoV11RedRight}
12-31 18:00:24.834   972  1125 V OpmodeRegistration: registered {AutoV10RedRight} as {AutoV10RedRight}
12-31 18:00:24.878   972  1125 V FtcEventLoop: Ensuring that the embedded Control Hub module is set up correctly
12-31 18:00:24.882   972  1125 V RobotCore: Creating REV Robotics USB Expansion Hub Portal [(embedded)]
12-31 18:00:24.883   972  1125 V LynxUsb : creating new [(embedded)]: 0x06772489
12-31 18:00:24.886   972  1125 V FtDeviceManager: createDeviceInfoList(): 0 USB devices
12-31 18:00:24.887   972  1125 V RobotUsbManagerCombining: FTDI driver failed to open USB device with serial number (embedded) (returned null device)
12-31 18:00:24.886   972   972 I pRunnable.run(): type=1400 audit(0.0:104): avc: denied { read } for name="ttyS1" dev="tmpfs" ino=6169 scontext=u:r:untrusted_app:s0:c512,c768 tcontext=u:object_r:serial_device:s0 tclass=chr_file permissive=1
12-31 18:00:24.888   972  1125 V SerialPortNative: [SerialPort.cpp:150] opened(/dev/ttyS1): fd=98
12-31 18:00:24.889   972  1125 V RobotUsbDeviceTTY: opening serial=(embedded) file=/dev/ttyS1
12-31 18:00:24.889   972  1125 V LynxUsb : armDevice() serial=(embedded)...
12-31 18:00:24.889   972  1125 V LynxUsb : resetDevice() serial=(embedded)
12-31 18:00:24.890   972  1125 V LynxModule: resetting embedded usb device: isPresent: was=true
12-31 18:00:24.886   972   972 I pRunnable.run(): type=1400 audit(0.0:105): avc: denied { write } for name="ttyS1" dev="tmpfs" ino=6169 scontext=u:r:untrusted_app:s0:c512,c768 tcontext=u:object_r:serial_device:s0 tclass=chr_file permissive=1
12-31 18:00:24.886   972   972 I pRunnable.run(): type=1400 audit(0.0:106): avc: denied { open } for path="/dev/ttyS1" dev="tmpfs" ino=6169 scontext=u:r:untrusted_app:s0:c512,c768 tcontext=u:object_r:serial_device:s0 tclass=chr_file permissive=1
12-31 18:00:24.886   972   972 I pRunnable.run(): type=1400 audit(0.0:107): avc: denied { ioctl } for path="/dev/ttyS1" dev="tmpfs" ino=6169 ioctlcmd=5401 scontext=u:r:untrusted_app:s0:c512,c768 tcontext=u:object_r:serial_device:s0 tclass=chr_file permissive=1
12-31 18:00:24.886   972   972 I pRunnable.run(): type=1400 audit(0.0:108): avc: denied { read } for name="value" dev="sysfs" ino=13327 scontext=u:r:untrusted_app:s0:c512,c768 tcontext=u:object_r:sysfs:s0 tclass=file permissive=1
12-31 18:00:24.886   972   972 I pRunnable.run(): type=1400 audit(0.0:109): avc: denied { open } for path="/sys/devices/pinctrl.26/gpio/gpio50/value" dev="sysfs" ino=13327 scontext=u:r:untrusted_app:s0:c512,c768 tcontext=u:object_r:sysfs:s0 tclass=file permissive=1
12-31 18:00:24.886   972   972 I pRunnable.run(): type=1400 audit(0.0:110): avc: denied { getattr } for path="/sys/devices/pinctrl.26/gpio/gpio50/value" dev="sysfs" ino=13327 scontext=u:r:untrusted_app:s0:c512,c768 tcontext=u:object_r:sysfs:s0 tclass=file permissive=1
12-31 18:00:24.890   972   972 I pRunnable.run(): type=1400 audit(0.0:111): avc: denied { write } for name="value" dev="sysfs" ino=16645 scontext=u:r:untrusted_app:s0:c512,c768 tcontext=u:object_r:sysfs:s0 tclass=file permissive=1
12-31 18:00:25.066   972  1170 E Robocol : exception SocketTimeoutException(Receive timed out): no packet received [java.net.PlainDatagramSocketImpl.receive0(Native Method)]
12-31 18:00:25.245   972  1125 V LynxUsb : ...done armDevice()
12-31 18:00:25.245   972  1125 V LynxUsb : 0x0efa98bc on 0x06772489: new delegate to [(embedded)]
12-31 18:00:25.246   972  1172 V RobotCore: thread: 'lynx incoming datagrams' starting...
12-31 18:00:25.252   972  1125 V LynxUsb : addConfiguredModule() module#=173
12-31 18:00:25.252   972  1125 V LynxModule: pingAndQueryKnownInterfaces mod=173
12-31 18:00:25.255   972  1172 V LynxUsb : synchronization gained: serial=(embedded)
12-31 18:00:25.272   972  1125 V LynxModule: mod#=173 queryInterface(DEKA)=54 commands starting at 4096
12-31 18:00:25.282   972  1125 V LynxModule: sending LynxFtdiResetControlCommand(true) wasInterrupted=false
12-31 18:00:25.288   972  1125 V LynxModule: sendLEDPatternSteps(): steps=[Step(color=65280, msDuration=1000)]
12-31 18:00:25.292   972  1125 V LynxModule: setAsControlHubEmbeddedModule(mod=173)
12-31 18:00:25.293   972  1125 V EmbeddedControlHubModule: setting embedded module
12-31 18:00:25.293   972  1125 V LynxModule: sending LynxFtdiResetControlCommand(false) wasInterrupted=false
12-31 18:00:25.295   972  1125 V LynxModule: close(#173)
12-31 18:00:25.297   972  1125 V LynxUsb : Verified that the embedded Control Hub module has the correct address
12-31 18:00:25.298   972  1125 V LynxUsb : addConfiguredModule() module#=173
12-31 18:00:25.299   972  1125 V LynxModule: pingAndQueryKnownInterfaces mod=173
12-31 18:00:25.310   972  1125 V LynxModule: mod#=173 queryInterface(DEKA)=54 commands starting at 4096
12-31 18:00:25.318   972  1125 V LynxModule: sending LynxFtdiResetControlCommand(true) wasInterrupted=false
12-31 18:00:25.322   972  1125 V LynxModule: sendLEDPatternSteps(): steps=[Step(color=65280, msDuration=1000)]
12-31 18:00:25.325   972  1125 V LynxModule: setAsControlHubEmbeddedModule(mod=173)
12-31 18:00:25.325   972  1125 V EmbeddedControlHubModule: setting embedded module
12-31 18:00:25.326   972  1125 I RobotCore: LynxFirmwareVersionManager: LynxI2cDeviceSynchV2
12-31 18:00:25.326   972  1125 V LynxI2cDeviceSynch: initializeHardware() mod#=173
12-31 18:00:25.327   972  1125 V BHI260IMU: Suppressing I2C warnings while we check for a BHI260AP IMU
12-31 18:00:25.331   972  1125 V BHI260IMU: No BHI260AP IMU found
12-31 18:00:25.332   972  1125 V BNO055  : Suppressing I2C warnings while we check for a BNO055 IMU
12-31 18:00:25.335   972  1125 V BNO055  : Found BNO055 IMU
12-31 18:00:25.336   972  1125 V LynxModule: sending LynxFtdiResetControlCommand(false) wasInterrupted=false
12-31 18:00:25.337   972  1125 V LynxModule: close(#173)
12-31 18:00:25.338   972  1125 V HardwareFactory: createHardwareMap()
12-31 18:00:25.338   972  1125 V EmbeddedControlHubModule: clearing embedded module
12-31 18:00:25.348   972  1125 V ReadXMLFileHandler: embedded lynx USB device is already present
12-31 18:00:25.348   972  1125 V RobotCore: Creating REV Robotics USB Expansion Hub Portal [(embedded)]
12-31 18:00:25.349   972  1125 V LynxUsb : using existing [(embedded)]: 0x06772489
12-31 18:00:25.349   972  1125 V LynxUsb : 0x0d4d5ee5 on 0x06772489: new delegate to [(embedded)]
12-31 18:00:25.349   972  1125 V RobotCore: Creating Lynx Module - mod=173 parent=true
12-31 18:00:25.351   972  1125 V RobotCore: Creating Lynx Module - mod=2 parent=false
12-31 18:00:25.352   972  1125 V LynxUsb : addConfiguredModule() module#=173
12-31 18:00:25.352   972  1125 V LynxModule: pingAndQueryKnownInterfaces mod=173
12-31 18:00:25.362   972  1125 V LynxModule: mod#=173 queryInterface(DEKA)=54 commands starting at 4096
12-31 18:00:25.369   972  1125 V LynxModule: sending LynxFtdiResetControlCommand(true) wasInterrupted=false
12-31 18:00:25.373   972  1125 V LynxModule: sendLEDPatternSteps(): steps=[Step(color=65280, msDuration=1000)]
12-31 18:00:25.375   972  1175 V LynxModule: received status: LynxGetModuleStatusResponse(status=0x02 alerts=0x00: Reset)
12-31 18:00:25.376   972  1175 W HubPowerCycle: Expansion Hub 173 regained power after a complete power loss. No user Op Mode was running.
12-31 18:00:25.376   972  1175 V LynxModule: resendCurrentPattern()
12-31 18:00:25.376   972  1175 V LynxModule: sendLEDPatternSteps(): steps=[Step(color=65280, msDuration=1000)]
12-31 18:00:25.378   972  1125 V LynxModule: setAsControlHubEmbeddedModule(mod=173)
12-31 18:00:25.378   972  1125 V EmbeddedControlHubModule: setting embedded module
12-31 18:00:25.378   972  1125 V LynxUsb : addConfiguredModule() module#=2
12-31 18:00:25.378   972  1125 V LynxModule: pingAndQueryKnownInterfaces mod=2
12-31 18:00:25.393   972  1125 V LynxModule: mod#=2 queryInterface(DEKA)=54 commands starting at 4096
12-31 18:00:25.400   972  1125 V LynxModule: sending LynxFtdiResetControlCommand(true) wasInterrupted=false
12-31 18:00:25.405   972  1176 V LynxModule: received status: LynxGetModuleStatusResponse(status=0x02 alerts=0x00: Reset)
12-31 18:00:25.406   972  1176 W HubPowerCycle: Expansion Hub 2 regained power after a complete power loss. No user Op Mode was running.
12-31 18:00:25.406   972  1176 V LynxModule: resendCurrentPattern()
12-31 18:00:25.406   972  1176 V LynxModule: sendLEDPatternSteps(): steps=[]
12-31 18:00:25.408   972  1125 V LynxModule: sendLEDPatternSteps(): steps=[Step(color=65280, msDuration=4500), Step(color=0, msDuration=500), Step(color=255, msDuration=500), Step(color=0, msDuration=500), Step(color=255, msDuration=500), Step(color=0, msDuration=500)]
12-31 18:00:25.419   972  1125 V LynxMotor: initializeHardware() mod#=173
12-31 18:00:25.453   972  1125 V RobotCore: DcMotorImpl(type=goBILDA5202SeriesMotor)
12-31 18:00:25.453   972  1125 V RobotCore: DcMotorImpl(type=goBILDA5202SeriesMotor)
12-31 18:00:25.454   972  1125 V RobotCore: DcMotorImpl(type=goBILDA5202SeriesMotor)
12-31 18:00:25.454   972  1125 V RobotCore: DcMotorImpl(type=goBILDA5202SeriesMotor)
12-31 18:00:25.454   972  1125 V LynxServoController: initializeHardware() mod#=173
12-31 18:00:25.475   972  1125 V LynxVoltageSensor: initializeHardware() mod#=173
12-31 18:00:25.476   972  1125 V LynxAnalogInputController: initializeHardware() mod#=173
12-31 18:00:25.477   972  1125 V LynxDigitalChannelController: initializeHardware() mod#=173
12-31 18:00:25.491   972  1125 V RobotCore: Creating Digital Channel Device - Type: LED - Port: 0
12-31 18:00:25.491   972  1125 V RobotCore: Creating Digital Channel Device - Type: LED - Port: 1
12-31 18:00:25.492   972  1125 V RobotCore: Creating user sensor REV internal IMU (BNO055) - on Lynx module=173 bus=0
12-31 18:00:25.492   972  1125 I RobotCore: LynxFirmwareVersionManager: LynxI2cDeviceSynchV2
12-31 18:00:25.492   972  1125 V LynxI2cDeviceSynch: initializeHardware() mod#=173
12-31 18:00:25.494   972  1125 V BNO055  : Suppressing I2C warnings while we check for a BNO055 IMU
12-31 18:00:25.498   972  1125 V BNO055  : Found BNO055 IMU
12-31 18:00:25.498   972  1125 V BNO055  : Suppressing I2C warnings while we check for a BNO055 IMU
12-31 18:00:25.502   972  1125 V BNO055  : Found BNO055 IMU
12-31 18:00:25.620   972  1125 I RobotCore: LynxFirmwareVersionManager: LynxI2cDeviceSynchV2
12-31 18:00:25.621   972  1125 V LynxI2cDeviceSynch: initializeHardware() mod#=173
12-31 18:00:25.622   972  1125 V RobotCore: Creating user sensor REV 2M Distance Sensor - on Lynx module=173 bus=1
12-31 18:00:25.622   972  1125 I RobotCore: LynxFirmwareVersionManager: LynxI2cDeviceSynchV2
12-31 18:00:25.623   972  1125 V LynxI2cDeviceSynch: initializeHardware() mod#=173
12-31 18:00:25.624   972  1125 V RobotCore: Creating user sensor REV 2M Distance Sensor - on Lynx module=173 bus=2
12-31 18:00:25.624   972  1125 I RobotCore: LynxFirmwareVersionManager: LynxI2cDeviceSynchV2
12-31 18:00:25.624   972  1125 V LynxI2cDeviceSynch: initializeHardware() mod#=173
12-31 18:00:25.625   972  1125 V RobotCore: Creating user sensor REV Color Sensor V3 - on Lynx module=173 bus=3
12-31 18:00:25.625   972  1125 I RobotCore: LynxFirmwareVersionManager: LynxI2cDeviceSynchV2
12-31 18:00:25.625   972  1125 V LynxI2cDeviceSynch: initializeHardware() mod#=173
12-31 18:00:25.627   972  1125 I I2C     : Automatically initializing I2C device RevColorSensorV3 (USB (embedded); module 173; bus 3; addr7=0x00)
12-31 18:00:25.627   972  1125 V BroadcomColorSensorImpl: internalInitialize()...
12-31 18:00:25.635   972  1125 V BroadcomColorSensorImpl: state: 00 36 08 05 22 01 c2 
12-31 18:00:25.635   972  1125 V BroadcomColorSensorImpl: setGain(0x01)
12-31 18:00:25.639   972  1125 V BroadcomColorSensorImpl: setLEDParameters(0x37)
12-31 18:00:25.643   972  1125 V BroadcomColorSensorImpl: setProximityPulseCount(0x20)
12-31 18:00:25.647   972  1125 V BroadcomColorSensorImpl: setPSMeasRate(0x1d)
12-31 18:00:25.651   972  1125 V BroadcomColorSensorImpl: setLSMeasRate(0x42)
12-31 18:00:25.659   972  1125 V BroadcomColorSensorImpl: enable() enabled=0x00...
12-31 18:00:25.667   972  1125 V BroadcomColorSensorImpl: ...enable() enabled=0x07
12-31 18:00:25.671   972  1125 V BroadcomColorSensorImpl: state: 07 37 20 1d 42 01 c2 
12-31 18:00:25.671   972  1125 V BroadcomColorSensorImpl: ...internalInitialize()
12-31 18:00:25.672   972  1125 V LynxMotor: initializeHardware() mod#=2
12-31 18:00:25.733   972  1125 V RobotCore: DcMotorImpl(type=goBILDA5202SeriesMotor)
12-31 18:00:25.734   972  1125 V LynxServoController: initializeHardware() mod#=2
12-31 18:00:25.777   972  1125 V LynxVoltageSensor: initializeHardware() mod#=2
12-31 18:00:25.777   972  1125 V LynxAnalogInputController: initializeHardware() mod#=2
12-31 18:00:25.779   972  1125 V LynxDigitalChannelController: initializeHardware() mod#=2
12-31 18:00:25.807   972  1125 V RobotCore: Creating user sensor REV Color Sensor V3 - on Lynx module=2 bus=1
12-31 18:00:25.807   972  1125 I RobotCore: LynxFirmwareVersionManager: LynxI2cDeviceSynchV2
12-31 18:00:25.808   972  1125 V LynxI2cDeviceSynch: initializeHardware() mod#=2
12-31 18:00:25.809   972  1125 I I2C     : Automatically initializing I2C device RevColorSensorV3 (USB (embedded); module 2; bus 1; addr7=0x00)
12-31 18:00:25.809   972  1125 V BroadcomColorSensorImpl: internalInitialize()...
12-31 18:00:25.825   972  1125 V BroadcomColorSensorImpl: state: 00 36 08 05 22 01 c2 
12-31 18:00:25.825   972  1125 V BroadcomColorSensorImpl: setGain(0x01)
12-31 18:00:25.833   972  1125 V BroadcomColorSensorImpl: setLEDParameters(0x37)
12-31 18:00:25.840   972  1125 V BroadcomColorSensorImpl: setProximityPulseCount(0x20)
12-31 18:00:25.848   972  1125 V BroadcomColorSensorImpl: setPSMeasRate(0x1d)
12-31 18:00:25.856   972  1125 V BroadcomColorSensorImpl: setLSMeasRate(0x42)
12-31 18:00:25.868   972  1125 V BroadcomColorSensorImpl: enable() enabled=0x00...
12-31 18:00:25.880   972  1125 V BroadcomColorSensorImpl: ...enable() enabled=0x07
12-31 18:00:25.887   972  1125 V BroadcomColorSensorImpl: state: 07 37 20 1d 42 01 c2 
12-31 18:00:25.887   972  1125 V BroadcomColorSensorImpl: ...internalInitialize()
12-31 18:00:25.888   972  1125 V RobotCore: Creating Webcam [62A2B700]
12-31 18:00:25.889   972  1125 V CameraManager: construct(hash=0x0cd844d4|inst#=0)
12-31 18:00:25.890   972  1125 D libusb  : [ 0.000273] [00000465] libusb: debug [op_init] sysfs(/sys/bus/usb/devices) available
12-31 18:00:25.890   972  1125 D libusb  : [ 0.000391] [00000465] libusb: debug [op_init] sysfs can relate devices
12-31 18:00:25.891   972  1125 D libusb  : [ 0.000432] [00000465] libusb: debug [op_init] sysfs has complete descriptors
12-31 18:00:25.891   972  1125 D libusb  : [ 0.000468] [00000465] libusb: debug [op_init] sysfs has serial numbers
12-31 18:00:25.890   972   972 I pRunnable.run(): type=1400 audit(0.0:112): avc: denied { read } for name="devices" dev="sysfs" ino=7258 scontext=u:r:untrusted_app:s0:c512,c768 tcontext=u:object_r:sysfs:s0 tclass=dir permissive=1
12-31 18:00:25.890   972   972 I pRunnable.run(): type=1400 audit(0.0:113): avc: denied { open } for path="/sys/bus/usb/devices" dev="sysfs" ino=7258 scontext=u:r:untrusted_app:s0:c512,c768 tcontext=u:object_r:sysfs:s0 tclass=dir permissive=1
12-31 18:00:25.892   972  1125 V UvcContext: construct(pointer=0x762d158f40|inst#=0)
12-31 18:00:25.899   972  1125 I RobotCore: ========= Device Information ===================================================
12-31 18:00:25.899   972  1125 I RobotCore: Type                                               Name                           Connection
12-31 18:00:25.900   972  1125 I RobotCore: Motor                                              MotorSlide                     USB (embedded); module 2; port 0
12-31 18:00:25.901   972  1125 I RobotCore: REV 2M ToF Distance Sensor                         control distance               USB (embedded); module 173; bus 2; addr7=0x29
12-31 18:00:25.901   972  1125 I RobotCore: Motor                                              Motor3                         USB (embedded); module 173; port 3
12-31 18:00:25.902   972  1125 I RobotCore: Continuous Rotation Servo                          right                          USB (embedded); module 173; port 1
12-31 18:00:25.902   972  1125 I RobotCore: Rev Color Sensor v3                                color1                         USB (embedded); module 173; bus 3; addr7=0x52
12-31 18:00:25.903   972  1125 I RobotCore: Continuous Rotation Servo                          left                           USB (embedded); module 173; port 0
12-31 18:00:25.903   972  1125 I RobotCore: Motor                                              Motor0                         USB (embedded); module 173; port 0
12-31 18:00:25.904   972  1125 I RobotCore: LED                                                Green                          USB (embedded); module 173; port 1
12-31 18:00:25.905   972  1125 I RobotCore: Rev Color Sensor v3                                color2                         USB (embedded); module 2; bus 1; addr7=0x52
12-31 18:00:25.905   972  1125 I RobotCore: REV Robotics USB Expansion Hub Portal              Control Hub Portal             USB (embedded)
12-31 18:00:25.906   972  1125 I RobotCore: Motor                                              Motor1                         USB (embedded); module 173; port 1
12-31 18:00:25.906   972  1125 I RobotCore: Expansion Hub DC Motor Controller                  Expansion Hub 2                USB (embedded); module 2
12-31 18:00:25.907   972  1125 I RobotCore: Expansion Hub Servo Controller                     Expansion Hub 2                USB (embedded); module 2
12-31 18:00:25.908   972  1125 I RobotCore: Expansion Hub Voltage Sensor                       Expansion Hub 2                USB (embedded); module 2
12-31 18:00:25.908   972  1125 I RobotCore: Expansion Hub Analog Input Controller              Expansion Hub 2                USB (embedded); module 2
12-31 18:00:25.909   972  1125 I RobotCore: Expansion Hub Digital Channel Controller           Expansion Hub 2                USB (embedded); module 2
12-31 18:00:25.915   972  1125 I RobotCore: Expansion Hub (HW: 20, Maj: 1, Min: 8, Eng: 2)     Expansion Hub 2                USB (embedded); module 2
12-31 18:00:25.915   972  1125 I RobotCore: LED                                                Red                            USB (embedded); module 173; port 0
12-31 18:00:25.915   972  1125 I RobotCore: REV internal IMU (BNO055)                          imu                            USB (embedded); module 173; bus 0; addr7=0x28
12-31 18:00:25.916   972  1125 I RobotCore: REV internal IMU (BNO055)                          imu                            USB (embedded); module 173; bus 0; addr7=0x28
12-31 18:00:25.922   972  1125 I RobotCore: Logitech HD Webcam C525                            Webcam 1                       USB (62A2B700)
12-31 18:00:25.922   972  1125 I RobotCore: Expansion Hub DC Motor Controller                  Control Hub                    USB (embedded); module 173
12-31 18:00:25.922   972  1125 I RobotCore: Expansion Hub Servo Controller                     Control Hub                    USB (embedded); module 173
12-31 18:00:25.923   972  1125 I RobotCore: Expansion Hub Voltage Sensor                       Control Hub                    USB (embedded); module 173
12-31 18:00:25.923   972  1125 I RobotCore: Expansion Hub Analog Input Controller              Control Hub                    USB (embedded); module 173
12-31 18:00:25.923   972  1125 I RobotCore: Expansion Hub Digital Channel Controller           Control Hub                    USB (embedded); module 173
12-31 18:00:25.927   972  1125 I RobotCore: Expansion Hub (HW: 20, Maj: 1, Min: 8, Eng: 2)     Control Hub                    USB (embedded); module 173
12-31 18:00:25.927   972  1125 I RobotCore: Motor                                              Motor2                         USB (embedded); module 173; port 2
12-31 18:00:25.927   972  1125 I RobotCore: REV 2M ToF Distance Sensor                         arm distance                   USB (embedded); module 173; bus 1; addr7=0x29
12-31 18:00:25.932   972  1125 I RobotCore: LynxFirmwareVersionManager: LynxI2cDeviceSynchV2
12-31 18:00:25.933   972  1125 V LynxI2cDeviceSynch: initializeHardware() mod#=2
12-31 18:00:25.933   972  1125 V BNO055  : Suppressing I2C warnings while we check for a BNO055 IMU
12-31 18:00:25.939   972  1125 V BNO055  : Found BNO055 IMU
12-31 18:00:25.942   972  1125 I RobotCore: LynxFirmwareVersionManager: LynxI2cDeviceSynchV2
12-31 18:00:25.942   972  1125 V LynxI2cDeviceSynch: initializeHardware() mod#=173
12-31 18:00:25.943   972  1125 V BHI260IMU: Suppressing I2C warnings while we check for a BHI260AP IMU
12-31 18:00:25.946   972  1125 V BHI260IMU: No BHI260AP IMU found
12-31 18:00:25.946   972  1125 V BNO055  : Suppressing I2C warnings while we check for a BNO055 IMU
12-31 18:00:25.950   972  1125 V BNO055  : Found BNO055 IMU
12-31 18:00:25.959   972  1125 V LynxUsb : 0x0efa98bc on 0x06772489: releasing delegate to [(embedded)]
12-31 18:00:25.959   972  1125 I FtcEventLoop: ======= INIT FINISH =======
12-31 18:00:25.959   972  1125 V RobotCore: EventLoopManager state is RUNNING
12-31 18:00:25.977   972  1125 V RobotCore: Robot Status: running, starting robot
12-31 18:00:25.978   972  1125 V RobotCore: Robot Status: running
12-31 18:00:25.980   972  1181 V RobotCore: thread: 'EventLoop' starting...
12-31 18:00:25.981   972  1125 D FTCService: Detecting Wi-Fi reset
12-31 18:00:25.983   972  1125 D RobotControllerAccessPointAssistant: detectWifiReset button=false
12-31 18:00:25.984   972  1125 V RobotCore: thread: ...terminating 'RobotSetupRunnable.run()'
12-31 18:00:25.987   972  1181 D RobotCore: system telemetry: key=$System$None$ msg=""
12-31 18:00:26.143   972  1180 V SoundInfo: construct(0x07008b04)
12-31 18:00:26.164   972  1179 E WVMExtractor: Failed to open libwvm.so: dlopen failed: "/system/vendor/lib64/libwvm.so" is 32-bit instead of 64-bit
12-31 18:00:26.194   972  1179 I MediaCodec: callingProcessName:com.qualcomm.ftcrobotcontroller
12-31 18:00:26.198   972  1188 I ACodec  : onAllocateComponent:6752 mSoftCodecPref:0 componentName:
12-31 18:00:26.199   972  1188 I ACodec  : onAllocateComponent:6783 mSoftCodecPref:0 componentName:OMX.google.raw.decoder
12-31 18:00:26.258   972  1079 D SoundPlayer: onLoadComplete(samp=1|ms=4506, samp=1)=0
12-31 18:00:26.267   972  1180 W AudioTrack: AUDIO_OUTPUT_FLAG_FAST denied by client; transfer 4, track 48000 Hz, output 44100 Hz
12-31 18:00:26.442   972  1180 D SoundPlayer: playing volume=0.000000 samp=1|ms=4506
12-31 18:00:26.497   972  1181 I RobotCore: Attempting to switch to op mode $Stop$Robot$
12-31 18:00:26.499   972  1181 D HardwareMap: Clearing which device instances have been retrieved
12-31 18:00:26.499   972  1181 D HardwareMap: Clearing which device instances have been retrieved
12-31 18:00:26.504   972  1192 V RobotCore: thread: 'OpModeThread' starting...
12-31 18:00:30.939   972  1168 V PeerDiscovery: new remote peer discovered: 192.168.43.216
12-31 18:00:30.939   972  1168 V NetworkConnectionHandler: starting sending loop
12-31 18:00:30.941   972  1168 V SoundPlayer: playing running again
12-31 18:00:30.942   972  1168 V UpdateUI: Network: active, connected
12-31 18:00:30.943   972  1168 D FTCService: Sending user device types and preferences to driver station
12-31 18:00:30.943   972  1195 V Robocol : sending CMD_NOTIFY_ROBOT_STATE(9), attempt: 0
12-31 18:00:30.945   972  1195 V Robocol : sending CMD_NOTIFY_ROBOT_STATE(10), attempt: 0
12-31 18:00:30.946   972  1195 V Robocol : sending CMD_NOTIFY_ROBOT_STATE(11), attempt: 0
12-31 18:00:30.947   972  1180 D SoundPlayer: playing volume=0.000000 samp=1|ms=4506
12-31 18:00:30.948   972  1195 V Robocol : sending CMD_NOTIFY_ACTIVE_CONFIGURATION(17), attempt: 0
12-31 18:00:30.949   972  1195 V Robocol : sending CMD_NOTIFY_USER_DEVICE_LIST(18), attempt: 0
12-31 18:00:30.952   972  1195 V Robocol : sending CMD_NOTIFY_OP_MODE_LIST(19), attempt: 0
12-31 18:00:30.954   972  1195 V Robocol : sending CMD_NOTIFY_ROBOT_STATE(21), attempt: 0
12-31 18:00:30.955   972  1195 V Robocol : sending CMD_SHOW_TOAST(22), attempt: 0
12-31 18:00:30.956   972  1195 V Robocol : Giving up on command CMD_PLAY_SOUND(24) after 0 attempts
12-31 18:00:30.956   972  1195 V Robocol : sending CMD_NOTIFY_INIT_OP_MODE(31), attempt: 0
12-31 18:00:30.967   972  1168 V NetDiscover_prefremrc: sendAllPreferences()
12-31 18:00:30.968   972  1168 V NetDiscover_prefremrc: sending RC pref name=pref_wifip2p_remote_channel_change_works value=false
12-31 18:00:30.973   972  1168 V NetDiscover_prefremrc: sending RC pref name=pref_device_name value=5126-A-RC
12-31 18:00:30.974   972  1168 V NetDiscover_prefremrc: sending RC pref name=pref_warn_about_incorrect_clocks value=true
12-31 18:00:30.975   972  1168 V NetDiscover_prefremrc: sending RC pref name=pref_warn_about_obsolete_software value=true
12-31 18:00:30.975   972  1168 V NetDiscover_prefremrc: sending RC pref name=pref_has_speaker value=false
12-31 18:00:30.976   972  1168 V NetDiscover_prefremrc: sending RC pref name=pref_warn_about_2_4_ghz_band value=true
12-31 18:00:30.977   972  1168 V NetDiscover_prefremrc: sending RC pref name=pref_has_independent_phone_battery value=false
12-31 18:00:30.978   972  1168 V NetDiscover_prefremrc: sending RC pref name=pref_app_theme value=green
12-31 18:00:30.979   972  1168 V NetDiscover_prefremrc: sending RC pref name=pref_warn_about_mismatched_app_versions value=true
12-31 18:00:30.980   972  1168 V NetDiscover_prefremrc: sending RC pref name=pref_sound_on_off value=false
12-31 18:00:30.980   972  1168 V NetworkConnectionHandler: Peer connection established
12-31 18:00:30.980   972  1195 V Robocol : sending CMD_PLAY_SOUND(51), attempt: 0
12-31 18:00:30.982   972  1195 V Robocol : sending CMD_NOTIFY_USER_DEVICE_LIST(52), attempt: 0
12-31 18:00:30.984   972  1195 V Robocol : sending CMD_ROBOT_CONTROLLER_PREFERENCE(53), attempt: 0
12-31 18:00:30.985   972  1195 V Robocol : sending CMD_ROBOT_CONTROLLER_PREFERENCE(54), attempt: 0
12-31 18:00:30.987   972  1195 V Robocol : sending CMD_ROBOT_CONTROLLER_PREFERENCE(55), attempt: 0
12-31 18:00:30.988   972  1195 V Robocol : sending CMD_ROBOT_CONTROLLER_PREFERENCE(56), attempt: 0
12-31 18:00:30.989   972  1195 V Robocol : sending CMD_ROBOT_CONTROLLER_PREFERENCE(57), attempt: 0
12-31 18:00:30.989   972  1195 V Robocol : sending CMD_ROBOT_CONTROLLER_PREFERENCE(58), attempt: 0
12-31 18:00:30.990   972  1195 V Robocol : sending CMD_ROBOT_CONTROLLER_PREFERENCE(59), attempt: 0
12-31 18:00:30.991   972  1195 V Robocol : sending CMD_ROBOT_CONTROLLER_PREFERENCE(60), attempt: 0
12-31 18:00:30.992   972  1195 V Robocol : sending CMD_ROBOT_CONTROLLER_PREFERENCE(61), attempt: 0
12-31 18:00:31.007   972  1170 V EventLoopManager: Setting authoritative wall clock based on connected DS.
12-31 18:00:31.007   972  1170 D Uvc     : [time.cpp:64] Java_org_firstinspires_ftc_robotcore_internal_system_AppUtil_nativeSetCurrentTimeMillis()...
03-04 12:02:26.660   972  1170 I JniTime : [time.cpp:83] settimeofday() succeeded
03-04 12:02:26.660   972  1170 D Uvc     : [time.cpp:64] ...Java_org_firstinspires_ftc_robotcore_internal_system_AppUtil_nativeSetCurrentTimeMillis()
03-04 12:02:26.661   972  1170 V AppUtil : attempted to set timezone: before=America/Chicago after=America/Chicago
03-04 12:02:26.664   972  1168 V Robocol : received command: CMD_REQUEST_ACTIVE_CONFIG(10000) 
03-04 12:02:26.665   972  1168 V Robocol : received command: CMD_REQUEST_USER_DEVICE_TYPES(10001) 
03-04 12:02:26.666   972  1168 V Robocol : received command: CMD_REQUEST_OP_MODE_LIST(10002) 
03-04 12:02:26.667   972  1168 V Robocol : received command: CMD_REQUEST_ACTIVE_CONFIG(10006) 
03-04 12:02:26.668   972  1168 V Robocol : received command: CMD_REQUEST_USER_DEVICE_TYPES(10007) 
03-04 12:02:26.670   972  1168 V Robocol : received command: CMD_REQUEST_OP_MODE_LIST(10008) 
03-04 12:02:26.672   972  1195 V Robocol : sending CMD_ROBOT_CONTROLLER_PREFERENCE(62), attempt: 0
03-04 12:02:26.704   972  1168 V Robocol : received command: CMD_ROBOT_CONTROLLER_PREFERENCE(10009) {"booleanValue":true,"prefName":"pref_ds_supports_5_ghz"}
03-04 12:02:26.705   972  1168 V Robocol : received command: CMD_ROBOT_CONTROLLER_PREFERENCE(10010) {"intValue":21,"prefName":"pref_dh_os_version_code"}
03-04 12:02:26.713   972  1195 V Robocol : sending CMD_NOTIFY_ACTIVE_CONFIGURATION(73), attempt: 0
03-04 12:02:26.714   972  1195 V Robocol : sending CMD_NOTIFY_USER_DEVICE_LIST(76), attempt: 0
03-04 12:02:26.717   972  1180 V SoundInfo: construct(0x04fb7a21)
03-04 12:02:26.718   972  1195 V Robocol : sending CMD_NOTIFY_OP_MODE_LIST(79), attempt: 0
03-04 12:02:26.744   972  1179 I MediaCodec: callingProcessName:com.qualcomm.ftcrobotcontroller
03-04 12:02:26.747   972  1201 I ACodec  : onAllocateComponent:6752 mSoftCodecPref:0 componentName:
03-04 12:02:26.749   972  1201 I ACodec  : onAllocateComponent:6783 mSoftCodecPref:0 componentName:OMX.google.raw.decoder
03-04 12:02:26.754   972  1195 V Robocol : sending CMD_NOTIFY_ACTIVE_CONFIGURATION(90), attempt: 0
03-04 12:02:26.755   972  1195 V Robocol : sending CMD_NOTIFY_USER_DEVICE_LIST(103), attempt: 0
03-04 12:02:26.792   972  1079 D SoundPlayer: onLoadComplete(samp=2|ms=757, samp=2)=0
03-04 12:02:26.792   972  1195 V Robocol : sending CMD_NOTIFY_OP_MODE_LIST(106), attempt: 0
03-04 12:02:26.796   972  1180 W AudioTrack: AUDIO_OUTPUT_FLAG_FAST denied by client; transfer 4, track 48000 Hz, output 44100 Hz
03-04 12:02:26.798   972  1180 D SoundPlayer: playing volume=0.000000 samp=2|ms=757
03-04 12:02:26.832   972  1195 V Robocol : sending CMD_NOTIFY_ROBOT_STATE(9), attempt: 1
03-04 12:02:26.833   972  1195 V Robocol : sending CMD_NOTIFY_ROBOT_STATE(10), attempt: 1
03-04 12:02:26.833   972  1195 V Robocol : sending CMD_NOTIFY_ROBOT_STATE(11), attempt: 1
03-04 12:02:26.834   972  1195 V Robocol : sending CMD_NOTIFY_ACTIVE_CONFIGURATION(17), attempt: 1
03-04 12:02:26.835   972  1195 V Robocol : sending CMD_NOTIFY_USER_DEVICE_LIST(18), attempt: 1
03-04 12:02:26.836   972  1195 V Robocol : sending CMD_NOTIFY_OP_MODE_LIST(19), attempt: 1
03-04 12:02:26.837   972  1195 V Robocol : sending CMD_NOTIFY_ROBOT_STATE(21), attempt: 1
03-04 12:02:26.838   972  1195 V Robocol : sending CMD_SHOW_TOAST(22), attempt: 1
03-04 12:02:26.838   972  1195 V Robocol : sending CMD_NOTIFY_INIT_OP_MODE(31), attempt: 1
03-04 12:02:26.839   972  1195 V Robocol : sending CMD_PLAY_SOUND(115), attempt: 0
03-04 12:02:26.872   972  1195 V Robocol : sending CMD_PLAY_SOUND(51), attempt: 1
03-04 12:02:49.818   972  1213 V SessionCookie: added SessionCookie: cookie=db2eb45f-63a8-45cf-97b4-ff62a2ac5c33 uri='/'
03-04 12:02:50.071   972  1220 I RobotCore: 5126dice
03-04 12:02:50.181   972  1217 V ProgrammingModeManager: serve uri=/css/colors.less
03-04 12:02:50.442   972  1214 I RobotCore: 5126dice
03-04 12:02:50.568   972  1220 V ProgrammingModeManager: serve uri=/css/colors.less
03-04 12:02:52.406   972  1220 I RobotCore: 5126dice
03-04 12:02:54.724   972  1220 V ProgrammingModeManager: serve uri=/java/js/settings.js
03-04 12:02:54.894   972  1220 I RobotCore: 5126dice
03-04 12:02:54.902   972  1214 V ProgrammingModeManager: serve uri=/java/js/editor/autocomplete
03-04 12:02:54.921   972  1213 V ProgrammingModeManager: serve uri=/java/file/tree
03-04 12:02:54.921   972  1222 I RobotCore: 5126dice
03-04 12:02:54.934   972  1124 V FtcWebSocket: Opening websocket (ip=192.168.43.193/192.168.43.193 port=8081)
03-04 12:02:54.945   972  1219 I RobotCore: 5126dice
03-04 12:02:55.062   972  1219 V ProgrammingModeManager: serve uri=/java/file/templates
03-04 12:02:55.140   972  1213 V ProgrammingModeManager: serve uri=/css/colors.less
03-04 12:02:55.147   972  1124 V WebSocketManager: Subscribed websocket (ip=192.168.43.193/192.168.43.193 port=8081) to namespace (ONBOTJAVA)
03-04 12:03:07.672   972  1214 V ProgrammingModeManager: serve uri=/java/file/upload
03-04 12:03:07.773   972  1214 V ProgrammingModeManager: serve uri=/java/file/tree
03-04 12:03:11.048   972  1033 V OnBotJava: build request file changed: 0x00000002 /storage/emulated/0/FIRST/java/control/buildRequest.txt
03-04 12:03:11.051   972  1033 V OnBotJava: build request file changed: 0x00000002 /storage/emulated/0/FIRST/java/control/buildRequest.txt
03-04 12:03:11.053   972  1252 V OnBotJava: build()...
03-04 12:03:11.060   972  1124 I ONBOTJAVA_BUILD_MONITOR: Build 1677952991040 is pending
03-04 12:03:11.081   972  1033 I ONBOTJAVA_BUILD_MONITOR: Build 1677952991040 has successfully started
03-04 12:03:11.087   972  1252 V OnBotJava: clean()...
03-04 12:03:11.178   972  1252 V OnBotJava: ...clean()
03-04 12:03:11.179   972  1252 V OnBotJava: ensureBuildDirs()...
03-04 12:03:11.211   972  1252 V OnBotJava: ...ensureBuildDirs()
03-04 12:03:11.212   972  1252 V OnBotJava: compileJavaFiles()...
03-04 12:03:24.698   972  1168 V Robocol : received command: CMD_INIT_OP_MODE(11053) $Stop$Robot$
03-04 12:03:24.707   972  1192 V RobotCore: thread: ...terminating 'OpModeThread'
03-04 12:03:24.712   972  1181 I RobotCore: Attempting to switch to op mode $Stop$Robot$
03-04 12:03:24.712   972  1181 D HardwareMap: Clearing which device instances have been retrieved
03-04 12:03:24.713   972  1181 D HardwareMap: Clearing which device instances have been retrieved
03-04 12:03:24.715   972  1313 V RobotCore: thread: 'OpModeThread' starting...
03-04 12:03:24.752   972  1195 V Robocol : sending CMD_NOTIFY_INIT_OP_MODE(1123), attempt: 0
03-04 12:03:27.192   972  1252 V OnBotJava: ...compileJavaFiles()
03-04 12:03:27.206   972  1252 V OnBotJava: consolidateClassFilesInJar()...
03-04 12:03:27.213   972  1252 V OnBotJava: consolidating to /storage/emulated/0/FIRST/java/build/jars/onBotJavaJar-2023-03-04+12.03.27--990798618/OnBotJava.jar
03-04 12:03:27.436   972  1252 V OnBotJava: ...consolidateClassFilesInJar()
03-04 12:03:27.436   972  1252 V OnBotJava: dexifyJarFiles()...
03-04 12:03:27.448   972  1252 V OnBotJava: dexifying  /storage/emulated/0/FIRST/java/build/jars/onBotJavaJar-2023-03-04+12.03.27--990798618/OnBotJava.jar...
03-04 12:03:27.449   972  1252 V OnBotJava: using d8
03-04 12:03:45.985   972  1252 V OnBotJava: Wrote /storage/emulated/0/FIRST/java/build/jars/onBotJavaJar-2023-03-04+12.03.27--990798618/classes.dex
03-04 12:03:45.987   972  1252 V OnBotJava: ...dexifying  /storage/emulated/0/FIRST/java/build/jars/onBotJavaJar-2023-03-04+12.03.27--990798618/OnBotJava.jar
03-04 12:03:45.996   972  1252 V OnBotJava: ...dexifyJarFiles()
03-04 12:03:45.999   972  1033 V RegisteredOpModes: noting that OnBotJava changed
03-04 12:03:45.999   972  1033 V RegisteredOpModes: noting that OnBotJava changed
03-04 12:03:46.009   972  1252 V OnBotJava: onBotJava build finished successfully
03-04 12:03:46.012   972  1033 I ONBOTJAVA_BUILD_MONITOR: Build 1677952991040 completed with status SUCCESSFUL
03-04 12:03:46.013   972  1033 V ONBOTJAVA_BUILD_MONITOR: Rejecting the build state transition to SUCCESSFUL, as current build state is SUCCESSFUL
03-04 12:03:46.025   972  1252 V OnBotJava: ...build()
03-04 12:03:46.026   972  1181 V OpmodeRegistration: unregistered {AutoV11BlueRight}
03-04 12:03:46.026   972  1181 V OpmodeRegistration: unregistered {TeleV8}
03-04 12:03:46.026   972  1181 V OpmodeRegistration: unregistered {AutoV11RedLeft}
03-04 12:03:46.027   972  1181 V OpmodeRegistration: unregistered {SCv1BlueRight}
03-04 12:03:46.027   972  1181 V OpmodeRegistration: unregistered {AutoV11BlueLeft}
03-04 12:03:46.027   972  1181 V OpmodeRegistration: unregistered {SCv1RedRight}
03-04 12:03:46.027   972  1181 V OpmodeRegistration: unregistered {AutoV11RedRight}
03-04 12:03:46.027   972  1181 V OpmodeRegistration: unregistered {AutoV10RedRight}
03-04 12:03:46.067   972  1214 V ProgrammingModeManager: serve uri=/java/build/wait
03-04 12:03:46.078   972  1181 V OpmodeRegistration: registered {AutoV10RedRight} as {AutoV10RedRight}
03-04 12:03:46.079   972  1181 V OpmodeRegistration: registered {AutoV11BlueRight} as {AutoV11BlueRight}
03-04 12:03:46.079   972  1181 V OpmodeRegistration: registered {TeleV9} as {TeleV9}
03-04 12:03:46.080   972  1181 V OpmodeRegistration: registered {AutoV11RedLeft} as {AutoV11RedLeft}
03-04 12:03:46.080   972  1181 V OpmodeRegistration: registered {TeleV8} as {TeleV8}
03-04 12:03:46.080   972  1181 V OpmodeRegistration: registered {SCv1RedRight} as {SCv1RedRight}
03-04 12:03:46.081   972  1181 V OpmodeRegistration: registered {AutoV11RedRight} as {AutoV11RedRight}
03-04 12:03:46.081   972  1181 V OpmodeRegistration: registered {SCv1BlueRight} as {SCv1BlueRight}
03-04 12:03:46.081   972  1181 V OpmodeRegistration: registered {AutoV11BlueLeft} as {AutoV11BlueLeft}
03-04 12:03:46.112   972  1195 V Robocol : sending CMD_NOTIFY_OP_MODE_LIST(1439), attempt: 0
03-04 12:03:46.113   972  1195 V Robocol : sending CMD_NOTIFY_USER_DEVICE_LIST(1441), attempt: 0
03-04 12:03:48.791   972  1168 V Robocol : received command: CMD_INIT_OP_MODE(11412) $Stop$Robot$
03-04 12:03:48.803   972  1313 V RobotCore: thread: ...terminating 'OpModeThread'
03-04 12:03:48.807   972  1181 I RobotCore: Attempting to switch to op mode $Stop$Robot$
03-04 12:03:48.808   972  1181 D HardwareMap: Clearing which device instances have been retrieved
03-04 12:03:48.808   972  1181 D HardwareMap: Clearing which device instances have been retrieved
03-04 12:03:48.811   972  1441 V RobotCore: thread: 'OpModeThread' starting...
03-04 12:03:48.832   972  1195 V Robocol : sending CMD_NOTIFY_INIT_OP_MODE(1491), attempt: 0
03-04 12:03:57.940   972  1168 V Robocol : received command: CMD_INIT_OP_MODE(11542) $Stop$Robot$
03-04 12:03:57.952   972  1441 V RobotCore: thread: ...terminating 'OpModeThread'
03-04 12:03:57.956   972  1181 I RobotCore: Attempting to switch to op mode $Stop$Robot$
03-04 12:03:57.958   972  1181 D HardwareMap: Clearing which device instances have been retrieved
03-04 12:03:57.958   972  1181 D HardwareMap: Clearing which device instances have been retrieved
03-04 12:03:57.961   972  1483 V RobotCore: thread: 'OpModeThread' starting...
03-04 12:03:57.992   972  1195 V Robocol : sending CMD_NOTIFY_INIT_OP_MODE(1626), attempt: 0
03-04 12:03:58.060   972  1168 V Robocol : received command: CMD_RUN_OP_MODE(11549) $Stop$Robot$
03-04 12:03:58.073   972  1195 V Robocol : sending CMD_NOTIFY_RUN_OP_MODE(1632), attempt: 0
03-04 12:04:00.861   972  1168 V Robocol : received command: CMD_SET_MATCH_NUMBER(11591) 0
03-04 12:04:00.862   972  1168 V Robocol : received command: CMD_INIT_OP_MODE(11592) AutoV11RedLeft
03-04 12:04:00.881   972  1169 I RobotCore: ******************** START - OPMODE AutoV11RedLeft ********************
03-04 12:04:00.885   972  1483 V RobotCore: thread: ...terminating 'OpModeThread'
03-04 12:04:00.890   972  1181 I RobotCore: Attempting to switch to op mode AutoV11RedLeft
03-04 12:04:01.080   972  1181 D HardwareMap: Clearing which device instances have been retrieved
03-04 12:04:01.080   972  1181 D HardwareMap: Clearing which device instances have been retrieved
