03-04 12:53:53.242   974  1270 I native  : Registering the position of 194419739 at 191.31,17.85,232.11,52.53 at time 211655630869
03-04 12:53:54.023   974  1271 I native  : Registering the position of 177398200 at 187.68,52.53,233.92,96.39
03-04 12:53:54.024   974  1271 I native  : Registering the position of 177398200 at 187.68,52.53,233.92,96.39 at time 212530279791
03-04 12:53:54.027   974  1271 I native  : Registering the position of 228613009 at 191.31,17.34,232.11,52.02
03-04 12:53:54.028   974  1271 I native  : Registering the position of 228613009 at 191.31,17.34,232.11,52.02 at time 212530279791
03-04 12:53:54.828   974  1270 I native  : Registering the position of 206789366 at 187.68,53.04,233.92,96.90
03-04 12:53:54.829   974  1270 I native  : Registering the position of 206789366 at 187.68,53.04,233.92,96.90 at time 213100214598
03-04 12:53:54.836   974  1270 I native  : Registering the position of 91807479 at 191.31,17.34,233.01,52.53
03-04 12:53:54.836   974  1270 I native  : Registering the position of 91807479 at 191.31,17.34,233.01,52.53 at time 213100214598
03-04 12:53:55.268   974  1271 I native  : Registering the position of 40919396 at 187.68,53.04,233.01,96.90
03-04 12:53:55.268   974  1271 I native  : Registering the position of 40919396 at 187.68,53.04,233.01,96.90 at time 213816814003
03-04 12:53:55.271   974  1271 I native  : Registering the position of 249438157 at 191.31,17.34,231.20,52.02
03-04 12:53:55.271   974  1271 I native  : Registering the position of 249438157 at 191.31,17.34,231.20,52.02 at time 213816814003
03-04 12:53:56.102   974  1270 I native  : Registering the position of 131215490 at 187.68,53.04,233.01,96.90
03-04 12:53:56.103   974  1270 I native  : Registering the position of 131215490 at 187.68,53.04,233.01,96.90 at time 214626383043
03-04 12:53:56.106   974  1270 I native  : Registering the position of 97678227 at 191.31,17.34,231.20,52.02
03-04 12:53:56.106   974  1270 I native  : Registering the position of 97678227 at 191.31,17.34,231.20,52.02 at time 214626383043
03-04 12:53:56.663   974  1271 I native  : Registering the position of 8662992 at 187.68,53.04,233.01,96.90
03-04 12:53:56.663   974  1271 I native  : Registering the position of 8662992 at 187.68,53.04,233.01,96.90 at time 215101203299
03-04 12:53:56.666   974  1271 I native  : Registering the position of 163179465 at 191.31,17.34,231.20,52.53
03-04 12:53:56.666   974  1271 I native  : Registering the position of 163179465 at 191.31,17.34,231.20,52.53 at time 215101203299
03-04 12:53:57.457   974  1270 I native  : Registering the position of 7787214 at 187.68,53.04,233.92,96.90
03-04 12:53:57.457   974  1270 I native  : Registering the position of 7787214 at 187.68,53.04,233.92,96.90 at time 215889239753
03-04 12:53:57.461   974  1270 I native  : Registering the position of 2536943 at 191.31,17.34,232.11,52.02
03-04 12:53:57.461   974  1270 I native  : Registering the position of 2536943 at 191.31,17.34,232.11,52.02 at time 215889239753
03-04 12:53:57.757   974  1271 I native  : Registering the position of 29653244 at 187.68,52.53,233.01,96.90
03-04 12:53:57.758   974  1271 I native  : Registering the position of 29653244 at 187.68,52.53,233.01,96.90 at time 216431729308
03-04 12:53:57.761   974  1271 I native  : Registering the position of 208436101 at 191.31,17.34,232.11,52.53
03-04 12:53:57.761   974  1271 I native  : Registering the position of 208436101 at 191.31,17.34,232.11,52.53 at time 216431729308
03-04 12:53:58.770   974  1270 I native  : Registering the position of 95505882 at 187.68,52.53,233.01,96.39
03-04 12:53:58.771   974  1270 I native  : Registering the position of 95505882 at 187.68,52.53,233.01,96.39 at time 217279523309
03-04 12:53:58.774   974  1270 I native  : Registering the position of 47366667 at 191.31,17.34,231.20,52.53
03-04 12:53:58.774   974  1270 I native  : Registering the position of 47366667 at 191.31,17.34,231.20,52.53 at time 217279523309
03-04 12:53:59.245   974  1271 I native  : Registering the position of 173943016 at 187.68,52.53,233.01,96.39
03-04 12:53:59.246   974  1271 I native  : Registering the position of 173943016 at 187.68,52.53,233.01,96.39 at time 217564319213
03-04 12:53:59.249   974  1271 I native  : Registering the position of 100551425 at 191.31,17.34,231.20,52.53
03-04 12:53:59.250   974  1271 I native  : Registering the position of 100551425 at 191.31,17.34,231.20,52.53 at time 217564319213
03-04 12:54:00.169   974  1270 I native  : Registering the position of 199650726 at 187.68,53.04,233.92,96.90
03-04 12:54:00.170   974  1270 I native  : Registering the position of 199650726 at 187.68,53.04,233.92,96.90 at time 218585981857
03-04 12:54:00.173   974  1270 I native  : Registering the position of 183071719 at 191.31,17.34,232.11,52.53
03-04 12:54:00.174   974  1270 I native  : Registering the position of 183071719 at 191.31,17.34,232.11,52.53 at time 218585981857
03-04 12:54:00.503   974  1271 I native  : Registering the position of 39906196 at 187.68,53.04,233.92,96.90
03-04 12:54:00.504   974  1271 I native  : Registering the position of 39906196 at 187.68,53.04,233.92,96.90 at time 219015680984
03-04 12:54:00.509   974  1271 I native  : Registering the position of 58955325 at 191.31,17.34,231.20,52.53
03-04 12:54:00.511   974  1271 I native  : Registering the position of 58955325 at 191.31,17.34,231.20,52.53 at time 219015680984
03-04 12:54:01.457   974  1270 I native  : Registering the position of 117161522 at 187.68,53.04,233.01,96.90
03-04 12:54:01.458   974  1270 I native  : Registering the position of 117161522 at 187.68,53.04,233.01,96.90 at time 220005200500
03-04 12:54:01.462   974  1270 I native  : Registering the position of 164587395 at 191.31,17.34,231.20,52.02
03-04 12:54:01.463   974  1270 I native  : Registering the position of 164587395 at 191.31,17.34,231.20,52.02 at time 220005200500
03-04 12:54:01.868   974  1271 I native  : Registering the position of 19606784 at 187.68,53.04,233.92,96.90
03-04 12:54:01.873   974  1271 I native  : Registering the position of 19606784 at 187.68,53.04,233.92,96.90 at time 220281202653
03-04 12:54:01.881   974  1271 I native  : Registering the position of 85481785 at 191.31,17.34,231.20,52.02
03-04 12:54:01.881   974  1271 I native  : Registering the position of 85481785 at 191.31,17.34,231.20,52.02 at time 220281202653
03-04 12:54:02.757   974  1270 I native  : Registering the position of 27495294 at 187.68,52.53,233.92,96.39
03-04 12:54:02.758   974  1270 I native  : Registering the position of 27495294 at 187.68,52.53,233.92,96.39 at time 221274499544
03-04 12:54:02.760   974  1270 I native  : Registering the position of 144111839 at 191.31,17.34,230.29,52.02
03-04 12:54:02.761   974  1270 I native  : Registering the position of 144111839 at 191.31,17.34,230.29,52.02 at time 221274499544
03-04 12:54:02.865   974  1167 V Robocol : received command: CMD_RUN_OP_MODE(12322) AutoV11BlueLeft
03-04 12:54:02.914   974  1170 V Robocol : sending CMD_NOTIFY_RUN_OP_MODE(2532), attempt: 0
03-04 12:54:03.399   974  1271 I native  : Registering the position of 60168492 at 187.68,52.53,233.92,96.39
03-04 12:54:03.399   974  1271 I native  : Registering the position of 60168492 at 187.68,52.53,233.92,96.39 at time 221684032835
03-04 12:54:03.403   974  1271 I native  : Registering the position of 110907381 at 191.31,17.34,231.20,52.02
03-04 12:54:03.404   974  1271 I native  : Registering the position of 110907381 at 191.31,17.34,231.20,52.02 at time 221684032835
03-04 12:54:04.025   974  1270 I native  : Registering the position of 224977290 at 187.68,53.04,233.92,96.90
03-04 12:54:04.025   974  1270 I native  : Registering the position of 224977290 at 187.68,53.04,233.92,96.90 at time 222597085802
03-04 12:54:04.027   974  1270 I native  : Registering the position of 85738491 at 191.31,17.34,231.20,52.02
03-04 12:54:04.028   974  1270 I native  : Registering the position of 85738491 at 191.31,17.34,231.20,52.02 at time 222597085802
03-04 12:54:04.990   974  1271 I native  : Registering the position of 149003288 at 187.68,52.53,233.92,96.90
03-04 12:54:05.000   974  1271 I native  : Registering the position of 149003288 at 187.68,52.53,233.92,96.90 at time 223190039528
03-04 12:54:05.003   974  1271 I native  : Registering the position of 137295473 at 192.21,17.85,231.20,52.02
03-04 12:54:05.004   974  1271 I native  : Registering the position of 137295473 at 192.21,17.85,231.20,52.02 at time 223190039528
03-04 12:54:05.428   974  1270 I native  : Registering the position of 125537366 at 187.68,52.53,233.01,96.90
03-04 12:54:05.428   974  1270 I native  : Registering the position of 125537366 at 187.68,52.53,233.01,96.90 at time 223856231929
03-04 12:54:05.431   974  1270 I native  : Registering the position of 81863895 at 191.31,17.34,230.29,51.51
03-04 12:54:05.431   974  1270 I native  : Registering the position of 81863895 at 191.31,17.34,230.29,51.51 at time 223856231929
03-04 12:54:06.544   974  1271 I native  : Registering the position of 39870916 at 187.68,52.53,233.92,96.90
03-04 12:54:06.544   974  1271 I native  : Registering the position of 39870916 at 187.68,52.53,233.92,96.90 at time 224807122816
03-04 12:54:06.550   974  1271 I native  : Registering the position of 40601773 at 192.21,17.85,231.20,52.53
03-04 12:54:06.554   974  1271 I native  : Registering the position of 40601773 at 192.21,17.85,231.20,52.53 at time 224807122816
03-04 12:54:06.873   974  1270 I native  : Registering the position of 238819298 at 187.68,52.02,233.92,96.90
03-04 12:54:06.874   974  1270 I native  : Registering the position of 238819298 at 187.68,52.02,233.92,96.90 at time 225195190605
03-04 12:54:06.877   974  1270 I native  : Registering the position of 162084723 at 192.21,17.34,230.29,52.02
03-04 12:54:06.877   974  1270 I native  : Registering the position of 162084723 at 192.21,17.34,230.29,52.02 at time 225195190605
03-04 12:54:07.883   974  1210 I DbgLog  : Turn: RAD=-0.057777777 DEG=-3.437746693945311 POWER=0.14800000220537185
03-04 12:54:07.931   974  1210 I DbgLog  : Turn: RAD=-0.06111111 DEG=-3.3740848485691495 POWER=0.15466666847467422
03-04 12:54:07.980   974  1210 I DbgLog  : Turn: RAD=-0.04777778 DEG=-2.5464791511317553 POWER=0.14533333212137223
03-04 12:54:08.023   974  1210 I DbgLog  : Turn: RAD=-0.031111112 DEG=-1.5278874906790534 POWER=0.1239999982714653
03-04 12:54:08.076   974  1210 I DbgLog  : Turn: RAD=-0.0044444446 DEG=-0.06366197877829388 POWER=0.10133333384990692
03-04 12:54:08.121   974  1210 I DbgLog  : Turn: RAD=0.012074295 DEG=0.691806168811908 POWER=-0.08248888013884426
03-04 12:54:08.146   974  1210 I DbgLog  : IMU DEG=1.0737776679557012
03-04 12:54:08.153   974  1210 I DbgLog  : IMU DEG ERROR=-1.0737776679557012
03-04 12:54:11.291   974  1210 I DbgLog  : IMU DEG=-0.8912677028961145
03-04 12:54:11.297   974  1210 I DbgLog  : IMU DEG ERROR=1.018591660452702
03-04 12:54:12.425   974  1210 W EventLoopManager: Failed to send telemetry data
03-04 12:54:12.439   974  1210 E EventLoopManager: com.qualcomm.robotcore.exception.RobotCoreException: Cannot have more than 255 string data points
03-04 12:54:12.455   974  1210 E EventLoopManager: 	at com.qualcomm.robotcore.robocol.TelemetryMessage.toByteArray(TelemetryMessage.java:211)
03-04 12:54:12.472   974  1210 E EventLoopManager: 	at com.qualcomm.robotcore.robocol.RobocolParsableBase.toByteArrayForTransmission(RobocolParsableBase.java:101)
03-04 12:54:12.476   974  1210 E EventLoopManager: 	at com.qualcomm.robotcore.robocol.RobocolDatagram.<init>(RobocolDatagram.java:50)
03-04 12:54:12.482   974  1210 E EventLoopManager: 	at org.firstinspires.ftc.robotcore.internal.network.NetworkConnectionHandler.sendDataToPeer(NetworkConnectionHandler.java:572)
03-04 12:54:12.488   974  1210 E EventLoopManager: 	at com.qualcomm.robotcore.eventloop.EventLoopManager.sendTelemetryData(EventLoopManager.java:570)
03-04 12:54:12.504   974  1210 E EventLoopManager: 	at com.qualcomm.ftccommon.FtcEventLoopHandler.refreshUserTelemetry(FtcEventLoopHandler.java:434)
03-04 12:54:12.510   974  1210 E EventLoopManager: 	at com.qualcomm.ftccommon.FtcEventLoop.refreshUserTelemetry(FtcEventLoop.java:266)
03-04 12:54:12.517   974  1210 E EventLoopManager: 	at com.qualcomm.robotcore.eventloop.opmode.OpModeManagerImpl.refreshUserTelemetry(OpModeManagerImpl.java:769)
03-04 12:54:12.527   974  1210 E EventLoopManager: 	at com.qualcomm.robotcore.eventloop.opmode.OpMode.internalUpdateTelemetryNow(OpMode.java:236)
03-04 12:54:12.534   974  1210 E EventLoopManager: 	at com.qualcomm.robotcore.eventloop.opmode.OpModeManagerImpl.updateTelemetryNow(OpModeManagerImpl.java:765)
03-04 12:54:12.550   974  1210 E EventLoopManager: 	at org.firstinspires.ftc.robotcore.internal.opmode.TelemetryImpl.tryUpdate(TelemetryImpl.java:716)
03-04 12:54:12.567   974  1210 E EventLoopManager: 	at org.firstinspires.ftc.robotcore.internal.opmode.TelemetryImpl.update(TelemetryImpl.java:676)
03-04 12:54:12.575   974  1210 E EventLoopManager: 	at org.firstinspires.ftc.teamcode.AutoV11BlueLeft.driveHorizontal(AutoV11BlueLeft.java:455)
03-04 12:54:12.583   974  1210 E EventLoopManager: 	at org.firstinspires.ftc.teamcode.AutoV11BlueLeft.autoCycle(AutoV11BlueLeft.java:589)
03-04 12:54:12.587   974  1210 E EventLoopManager: 	at org.firstinspires.ftc.teamcode.AutoV11BlueLeft.runOpMode(AutoV11BlueLeft.java:771)
03-04 12:54:12.591   974  1210 E EventLoopManager: 	at com.qualcomm.robotcore.eventloop.opmode.LinearOpMode.internalRunOpMode(LinearOpMode.java:169)
03-04 12:54:12.602   974  1210 E EventLoopManager: 	at com.qualcomm.robotcore.eventloop.opmode.OpModeInternal.lambda$internalInit$1$com-qualcomm-robotcore-eventloop-opmode-OpModeInternal(OpModeInternal.java:180)
03-04 12:54:12.614   974  1210 E EventLoopManager: 	at com.qualcomm.robotcore.eventloop.opmode.OpModeInternal$$ExternalSyntheticLambda1.run(D8$$SyntheticClass)
03-04 12:54:12.618   974  1210 E EventLoopManager: 	at com.qualcomm.robotcore.util.ThreadPool.logThreadLifeCycle(ThreadPool.java:737)
03-04 12:54:12.626   974  1210 E EventLoopManager: 	at com.qualcomm.robotcore.eventloop.opmode.OpModeInternal.lambda$internalInit$2$com-qualcomm-robotcore-eventloop-opmode-OpModeInternal(OpModeInternal.java:178)
03-04 12:54:12.630   974  1210 E EventLoopManager: 	at com.qualcomm.robotcore.eventloop.opmode.OpModeInternal$$ExternalSyntheticLambda2.run(D8$$SyntheticClass)
03-04 12:54:12.634   974  1210 E EventLoopManager: 	at java.util.concurrent.ThreadPoolExecutor.runWorker(ThreadPoolExecutor.java:1133)
03-04 12:54:12.640   974  1210 E EventLoopManager: 	at java.util.concurrent.ThreadPoolExecutor$Worker.run(ThreadPoolExecutor.java:607)
03-04 12:54:12.641   974  1210 E EventLoopManager: 	at com.qualcomm.robotcore.util.ThreadPool$ThreadFactoryImpl$1.run(ThreadPool.java:793)
03-04 12:54:12.642   974  1210 E EventLoopManager: 	at java.lang.Thread.run(Thread.java:761)
03-04 12:54:12.927   974  1210 I DbgLog  : Turn: RAD=-0.028888889 DEG=-1.8461973578900963 POWER=0.1080000001192093
03-04 12:54:12.987   974  1210 I DbgLog  : Turn: RAD=-0.032222223 DEG=-1.8461973578900963 POWER=0.12266666769981385
03-04 12:54:13.068   974  1210 I DbgLog  : Turn: RAD=-0.018888889 DEG=-0.7639437453395267 POWER=0.11466666638851167
03-04 12:54:13.121   974  1210 I DbgLog  : Turn: RAD=-0.0055555557 DEG=-0.0 POWER=0.08933333355933427
03-04 12:54:13.164   974  1210 I DbgLog  : IMU DEG=0.18249263612261046
03-04 12:54:13.175   974  1210 I DbgLog  : IMU DEG ERROR=-0.24617733328402258
03-04 12:54:15.226   974  1210 I DbgLog  : IMU DEG=0.5644641219261903
03-04 12:54:15.237   974  1210 I DbgLog  : IMU DEG ERROR=-0.5644641219261903
03-04 12:54:15.778   974  1210 I DbgLog  : IMU DEG=0.7554635318764269
03-04 12:54:15.794   974  1210 I DbgLog  : IMU DEG ERROR=-0.7554635318764269
03-04 12:54:18.568   974  1210 I DbgLog  : Turn: RAD=0.026518647 DEG=1.5194065301640132 POWER=-0.11315561264753342
03-04 12:54:18.608   974  1210 I DbgLog  : Turn: RAD=0.027629677 DEG=1.583063893228532 POWER=-0.11315561264753342
03-04 12:54:18.655   974  1210 I DbgLog  : Turn: RAD=0.023185078 DEG=1.201092394084739 POWER=-0.11182237595319748
03-04 12:54:18.705   974  1210 I DbgLog  : Turn: RAD=0.014296357 DEG=0.7554635318764269 POWER=-0.09982210129499436
03-04 12:54:18.728   974  1210 I DbgLog  : IMU DEG=0.6281488057473892
03-04 12:54:18.736   974  1210 I DbgLog  : IMU DEG ERROR=-0.6281488057473892
03-04 12:54:21.445   974  1210 I DbgLog  : IMU DEG=0.6281488057473892
03-04 12:54:21.451   974  1210 I DbgLog  : IMU DEG ERROR=-0.6281488057473892
03-04 12:54:22.027   974  1210 I DbgLog  : Turn: RAD=0.026518647 DEG=1.5194065301640132 POWER=0.5
03-04 12:54:22.061   974  1210 I DbgLog  : Turn: RAD=0.027629677 DEG=1.7740633031787685 POWER=0.5
03-04 12:54:22.097   974  1210 I DbgLog  : Turn: RAD=0.058740918 DEG=4.256864600678495 POWER=0.5
03-04 12:54:22.139   974  1210 I DbgLog  : Turn: RAD=0.124296494 DEG=8.140263849050802 POWER=0.5
03-04 12:54:22.187   974  1210 I DbgLog  : Turn: RAD=0.2165187 DEG=12.405607702697045 POWER=0.5
03-04 12:54:22.220   974  1210 I DbgLog  : Turn: RAD=0.28651887 DEG=17.880523416839186 POWER=0.5
03-04 12:54:22.264   974  1210 I DbgLog  : Turn: RAD=0.41429645 DEG=25.26532394745697 POWER=0.5
03-04 12:54:22.300   974  1210 I DbgLog  : Turn: RAD=0.5242966 DEG=31.5678673437079 POWER=0.5
03-04 12:54:22.330   974  1210 I DbgLog  : Turn: RAD=0.57762986 DEG=34.62363933685824 POWER=0.5
03-04 12:54:22.364   974  1210 I DbgLog  : Turn: RAD=0.6787408 DEG=40.28955446095062 POWER=0.5
03-04 12:54:22.391   974  1210 I DbgLog  : Turn: RAD=0.7531851 DEG=44.49124095153234 POWER=0.5
03-04 12:54:22.429   974  1210 I DbgLog  : Turn: RAD=0.8498519 DEG=48.69292744211407 POWER=0.5
03-04 12:54:22.469   974  1210 I DbgLog  : Turn: RAD=0.91874105 DEG=54.04052843012717 POWER=0.5
03-04 12:54:22.513   974  1210 I DbgLog  : Turn: RAD=1.0165185 DEG=59.57913224318509 POWER=0.5
03-04 12:54:22.579   974  1210 I DbgLog  : Turn: RAD=1.2220744 DEG=70.01970476695323 POWER=0.5
03-04 12:54:22.603   974  1210 I DbgLog  : Turn: RAD=1.2731851 DEG=74.41236334672851 POWER=0.5
03-04 12:54:22.640   974  1210 I DbgLog  : Turn: RAD=1.3731855 DEG=78.67773452113143 POWER=0.5
03-04 12:54:22.673   974  1210 I DbgLog  : Turn: RAD=1.4220742 DEG=84.27999228215928 POWER=0.5
03-04 12:54:22.706   974  1210 I DbgLog  : Turn: RAD=1.5165185 DEG=88.29067936279078 POWER=0.5
03-04 12:54:22.744   974  1210 I DbgLog  : Turn: RAD=1.6109632 DEG=93.70196503462508 POWER=0.5
03-04 12:54:22.781   974  1210 I DbgLog  : Turn: RAD=1.7087411 DEG=97.9036515252068 POWER=0.4711743853336203
03-04 12:54:22.830   974  1210 I DbgLog  : Turn: RAD=1.809852 DEG=105.16111000893888 POWER=0.35117449977453835
03-04 12:54:22.876   974  1210 I DbgLog  : Turn: RAD=1.9342965 DEG=112.03659699352714 POWER=0.22850756862219457
03-04 12:54:22.924   974  1210 I DbgLog  : Turn: RAD=2.0354073 DEG=116.6202481530635 POWER=0.1765079806094993
03-04 12:54:22.984   974  1210 I DbgLog  : Turn: RAD=2.1231854 DEG=121.649562325754 POWER=0.09117468097265846
03-04 12:54:23.048   974  1210 I DbgLog  : Turn: RAD=2.1987407 DEG=125.97856354246477 POWER=-0.16615903637353296
03-04 12:54:23.112   974  1210 I DbgLog  : Turn: RAD=2.210963 DEG=126.5515344515588 POWER=-0.1648257233852517
03-04 12:54:23.157   974  1210 I DbgLog  : Turn: RAD=2.2009633 DEG=125.91490617940025 POWER=-0.15549192211572044
03-04 12:54:23.225   974  1210 I DbgLog  : Turn: RAD=2.168741 DEG=124.00504868368128 POWER=-0.12882547161523217
03-04 12:54:23.271   974  1210 I DbgLog  : Turn: RAD=2.149852 DEG=123.17744832232917 POWER=-0.1741590287441384
03-04 12:54:23.306   974  1210 I DbgLog  : Turn: RAD=2.1409628 DEG=122.4135053240416 POWER=-0.1634919907802712
03-04 12:54:23.364   974  1210 I DbgLog  : Turn: RAD=2.1209629 DEG=121.2675908266102 POWER=-0.1474920060390603
03-04 12:54:23.441   974  1210 I DbgLog  : Turn: RAD=2.0931852 DEG=119.93067691922859 POWER=-0.10482557079736107
03-04 12:54:23.493   974  1210 I DbgLog  : Turn: RAD=2.0842965 DEG=119.35773333089125 POWER=-0.0968255784267556
03-04 12:54:23.521   974  1210 I DbgLog  : IMU DEG=119.10307655787649
03-04 12:54:23.528   974  1210 I DbgLog  : IMU DEG ERROR=-0.03941919481196692
03-04 12:54:26.513   974  1210 I DbgLog  : Turn: RAD=2.062074 DEG=118.08447678657414 POWER=-0.5
03-04 12:54:26.551   974  1210 I DbgLog  : Turn: RAD=2.0565188 DEG=117.38419115135108 POWER=-0.5
03-04 12:54:26.577   974  1210 I DbgLog  : Turn: RAD=2.0242965 DEG=115.98364720166163 POWER=-0.5
03-04 12:54:26.603   974  1210 I DbgLog  : Turn: RAD=1.978741 DEG=113.37351090090877 POWER=-0.5
03-04 12:54:26.654   974  1210 I DbgLog  : Turn: RAD=1.8798522 DEG=107.70759577681639 POWER=-0.44553342342534774
03-04 12:54:26.735   974  1210 I DbgLog  : Turn: RAD=1.7420744 DEG=97.45802266299849 POWER=-0.2868668127075743
03-04 12:54:26.782   974  1210 I DbgLog  : Turn: RAD=1.5976299 DEG=91.53745076589136 POWER=-0.1602002477661681
03-04 12:54:26.840   974  1210 I DbgLog  : Turn: RAD=1.5120744 DEG=85.80787827873446 POWER=0.09179995059808974
03-04 12:54:26.885   974  1210 I DbgLog  : Turn: RAD=1.4565185 DEG=82.68842160176291 POWER=0.10513338565668348
03-04 12:54:26.960   974  1210 I DbgLog  : Turn: RAD=1.4454077 DEG=82.94307837477767 POWER=0.16513304233392959
03-04 12:54:27.011   974  1210 I DbgLog  : Turn: RAD=1.4631852 DEG=84.08899287220905 POWER=0.14113306522211316
03-04 12:54:27.044   974  1210 I DbgLog  : Turn: RAD=1.4831852 DEG=84.98025059662568 POWER=0.11713308811029677
03-04 12:54:27.094   974  1210 I DbgLog  : Turn: RAD=1.498741 DEG=85.99885036792801 POWER=0.1744663476928163
03-04 12:54:27.136   974  1210 I DbgLog  : Turn: RAD=1.5120744 DEG=86.63547864008656 POWER=0.15846636295160538
03-04 12:54:27.188   974  1210 I DbgLog  : Turn: RAD=1.5320743 DEG=87.78139313751795 POWER=0.13979990482172255
03-04 12:54:27.227   974  1210 I DbgLog  : Turn: RAD=1.5476297 DEG=88.79999290882029 POWER=0.11713316440424208
03-04 12:54:27.275   974  1210 I DbgLog  : Turn: RAD=1.5565189 DEG=89.2456217710286 POWER=0.10246641635736708
03-04 12:54:27.325   974  1210 I DbgLog  : Turn: RAD=1.5631856 DEG=89.6275932701724 POWER=0.09179995059808974
03-04 12:54:27.363   974  1210 I DbgLog  : IMU DEG=89.75490799630143
03-04 12:54:27.377   974  1210 I DbgLog  : IMU DEG ERROR=0.18143464063405146
03-04 12:54:27.912   974  1210 I DbgLog  : IMU DEG=90.13687949544523
03-04 12:54:27.916   974  1210 I DbgLog  : IMU DEG ERROR=-0.1368794954452228
03-04 12:54:27.965   974  1210 I DbgLog  : IMU DEG=90.32787890539547
03-04 12:54:27.971   974  1210 I DbgLog  : IMU DEG ERROR=-0.3278789053954594
03-04 12:54:29.155   974  1210 W EventLoopManager: Failed to send telemetry data
03-04 12:54:29.159   974  1210 E EventLoopManager: com.qualcomm.robotcore.exception.RobotCoreException: Cannot have more than 255 string data points
03-04 12:54:29.160   974  1210 E EventLoopManager: 	at com.qualcomm.robotcore.robocol.TelemetryMessage.toByteArray(TelemetryMessage.java:211)
03-04 12:54:29.162   974  1210 E EventLoopManager: 	at com.qualcomm.robotcore.robocol.RobocolParsableBase.toByteArrayForTransmission(RobocolParsableBase.java:101)
03-04 12:54:29.163   974  1210 E EventLoopManager: 	at com.qualcomm.robotcore.robocol.RobocolDatagram.<init>(RobocolDatagram.java:50)
03-04 12:54:29.173   974  1210 E EventLoopManager: 	at org.firstinspires.ftc.robotcore.internal.network.NetworkConnectionHandler.sendDataToPeer(NetworkConnectionHandler.java:572)
03-04 12:54:29.174   974  1210 E EventLoopManager: 	at com.qualcomm.robotcore.eventloop.EventLoopManager.sendTelemetryData(EventLoopManager.java:570)
03-04 12:54:29.174   974  1210 E EventLoopManager: 	at com.qualcomm.ftccommon.FtcEventLoopHandler.refreshUserTelemetry(FtcEventLoopHandler.java:434)
03-04 12:54:29.175   974  1210 E EventLoopManager: 	at com.qualcomm.ftccommon.FtcEventLoop.refreshUserTelemetry(FtcEventLoop.java:266)
03-04 12:54:29.176   974  1210 E EventLoopManager: 	at com.qualcomm.robotcore.eventloop.opmode.OpModeManagerImpl.refreshUserTelemetry(OpModeManagerImpl.java:769)
03-04 12:54:29.177   974  1210 E EventLoopManager: 	at com.qualcomm.robotcore.eventloop.opmode.OpMode.internalUpdateTelemetryNow(OpMode.java:236)
03-04 12:54:29.178   974  1210 E EventLoopManager: 	at com.qualcomm.robotcore.eventloop.opmode.OpModeManagerImpl.updateTelemetryNow(OpModeManagerImpl.java:765)
03-04 12:54:29.179   974  1210 E EventLoopManager: 	at org.firstinspires.ftc.robotcore.internal.opmode.TelemetryImpl.tryUpdate(TelemetryImpl.java:716)
03-04 12:54:29.179   974  1210 E EventLoopManager: 	at org.firstinspires.ftc.robotcore.internal.opmode.TelemetryImpl.update(TelemetryImpl.java:676)
03-04 12:54:29.180   974  1210 E EventLoopManager: 	at org.firstinspires.ftc.teamcode.AutoV11BlueLeft.driveHorizontal(AutoV11BlueLeft.java:455)
03-04 12:54:29.180   974  1210 E EventLoopManager: 	at org.firstinspires.ftc.teamcode.AutoV11BlueLeft.runOpMode(AutoV11BlueLeft.java:778)
03-04 12:54:29.181   974  1210 E EventLoopManager: 	at com.qualcomm.robotcore.eventloop.opmode.LinearOpMode.internalRunOpMode(LinearOpMode.java:169)
03-04 12:54:29.183   974  1210 E EventLoopManager: 	at com.qualcomm.robotcore.eventloop.opmode.OpModeInternal.lambda$internalInit$1$com-qualcomm-robotcore-eventloop-opmode-OpModeInternal(OpModeInternal.java:180)
03-04 12:54:29.184   974  1210 E EventLoopManager: 	at com.qualcomm.robotcore.eventloop.opmode.OpModeInternal$$ExternalSyntheticLambda1.run(D8$$SyntheticClass)
03-04 12:54:29.185   974  1210 E EventLoopManager: 	at com.qualcomm.robotcore.util.ThreadPool.logThreadLifeCycle(ThreadPool.java:737)
03-04 12:54:29.185   974  1210 E EventLoopManager: 	at com.qualcomm.robotcore.eventloop.opmode.OpModeInternal.lambda$internalInit$2$com-qualcomm-robotcore-eventloop-opmode-OpModeInternal(OpModeInternal.java:178)
03-04 12:54:29.186   974  1210 E EventLoopManager: 	at com.qualcomm.robotcore.eventloop.opmode.OpModeInternal$$ExternalSyntheticLambda2.run(D8$$SyntheticClass)
03-04 12:54:29.187   974  1210 E EventLoopManager: 	at java.util.concurrent.ThreadPoolExecutor.runWorker(ThreadPoolExecutor.java:1133)
03-04 12:54:29.187   974  1210 E EventLoopManager: 	at java.util.concurrent.ThreadPoolExecutor$Worker.run(ThreadPoolExecutor.java:607)
03-04 12:54:29.188   974  1210 E EventLoopManager: 	at com.qualcomm.robotcore.util.ThreadPool$ThreadFactoryImpl$1.run(ThreadPool.java:793)
03-04 12:54:29.188   974  1210 E EventLoopManager: 	at java.lang.Thread.run(Thread.java:761)
03-04 12:54:29.952   974  1210 I DbgLog  : IMU DEG=89.18196440796407
03-04 12:54:29.967   974  1210 I DbgLog  : IMU DEG ERROR=0.754378228971401
03-04 12:54:32.948   974  1167 V Robocol : received command: CMD_INIT_OP_MODE(12647) $Stop$Robot$
03-04 12:54:32.957   974  1168 I RobotCore: ******************** STOP - OPMODE /storage/emulated/0/FIRST/matchlogs/Match-0-AutoV11BlueLeft.txt ********************
03-04 12:54:32.976   974  1306 I RobotCore: saving match logcat to /storage/emulated/0/FIRST/matchlogs/Match-0-AutoV11BlueLeft.txt
03-04 12:54:32.976   974  1306 I RobotCore: logging command line: exec logcat -d -T '3-4 12:51:0.000' -f '/storage/emulated/0/FIRST/matchlogs/Match-0-AutoV11BlueLeft.txt' -n4 -v threadtime UsbRequestJNI:S UsbRequest:S art:W ThreadPool:W System:W ExtendedExtractor:W OMXClient:W MediaPlayer:W dalvikvm:W  *:V
03-04 12:54:32.977   974  1210 D RobotCore: User runOpModeMethod exited
03-04 12:54:32.978   974  1210 V RobotCore: thread: ...terminating 'OpModeThread'
03-04 12:54:32.994   974  1170 V Robocol : sending CMD_STREAM_CHANGE(2861), attempt: 0
03-04 12:54:33.155   974  1193 D Vuforia : Vuforia.deinit()...
03-04 12:54:33.390   974  1306 I RobotCore: Done running exec logcat -d -T '3-4 12:51:0.000' -f '/storage/emulated/0/FIRST/matchlogs/Match-0-AutoV11BlueLeft.txt' -n4 -v threadtime UsbRequestJNI:S UsbRequest:S art:W ThreadPool:W System:W ExtendedExtractor:W OMXClient:W MediaPlayer:W dalvikvm:W  *:V
03-04 12:54:33.390   974  1306 I RobotCore: exiting match logcat for /storage/emulated/0/FIRST/matchlogs/Match-0-AutoV11BlueLeft.txt
03-04 12:54:33.419   974  1193 D Vuforia : ...Vuforia.deinit()
03-04 12:54:33.465   974  1167 V Robocol : received command: CMD_INIT_OP_MODE(12656) $Stop$Robot$
03-04 12:54:33.868   974  1193 I RobotCore: Attempting to switch to op mode $Stop$Robot$
03-04 12:54:33.869   974  1193 D HardwareMap: Clearing which device instances have been retrieved
03-04 12:54:33.869   974  1193 D HardwareMap: Clearing which device instances have been retrieved
03-04 12:54:33.872   974  1316 V RobotCore: thread: 'OpModeThread' starting...
03-04 12:54:33.874   974  1170 V Robocol : sending CMD_NOTIFY_INIT_OP_MODE(2876), attempt: 0
03-04 12:54:33.907   974  1167 V Robocol : received command: CMD_RUN_OP_MODE(12664) $Stop$Robot$
03-04 12:54:33.921   974  1316 V RobotCore: thread: ...terminating 'OpModeThread'
03-04 12:54:33.926   974  1193 I RobotCore: Attempting to switch to op mode $Stop$Robot$
03-04 12:54:33.926   974  1193 D HardwareMap: Clearing which device instances have been retrieved
03-04 12:54:33.927   974  1193 D HardwareMap: Clearing which device instances have been retrieved
03-04 12:54:33.929   974  1317 V RobotCore: thread: 'OpModeThread' starting...
03-04 12:54:33.954   974  1170 V Robocol : sending CMD_NOTIFY_INIT_OP_MODE(2889), attempt: 0
03-04 12:54:33.954   974  1170 V Robocol : sending CMD_NOTIFY_RUN_OP_MODE(2892), attempt: 0
03-04 12:54:33.987   974  1167 V Robocol : received command: CMD_RUN_OP_MODE(12673) $Stop$Robot$
03-04 12:54:34.034   974  1170 V Robocol : sending CMD_NOTIFY_RUN_OP_MODE(2899), attempt: 0
03-04 12:54:36.825   974  1167 V Robocol : received command: CMD_SET_MATCH_NUMBER(12716) 0
03-04 12:54:36.827   974  1167 V Robocol : received command: CMD_INIT_OP_MODE(12717) TeleV9
03-04 12:54:36.841   974  1168 I RobotCore: ******************** START - OPMODE TeleV9 ********************
03-04 12:54:36.844   974  1317 V RobotCore: thread: ...terminating 'OpModeThread'
03-04 12:54:36.848   974  1193 I RobotCore: Attempting to switch to op mode TeleV9
03-04 12:54:37.020   974  1193 D HardwareMap: Clearing which device instances have been retrieved
03-04 12:54:37.020   974  1193 D HardwareMap: Clearing which device instances have been retrieved
03-04 12:54:37.022   974  1318 V RobotCore: thread: 'OpModeThread' starting...
03-04 12:54:37.023   974  1318 I I2C     : Automatically initializing I2C device Rev2mDistanceSensor (USB (embedded); module 173; bus 2; addr7=0x29)
03-04 12:54:37.023   974  1318 D STMicroVL53L0X: : Checking to see if it's really a VL53L0X sensor...
03-04 12:54:37.026   974  1318 D STMicroVL53L0X: : Reg 0xC0 = ee (should be 0xEE)
03-04 12:54:37.030   974  1318 D STMicroVL53L0X: : Reg 0xC1 = aa (should be 0xAA)
03-04 12:54:37.033   974  1318 D STMicroVL53L0X: : Reg 0xC2 = 10 (should be 0x10)
03-04 12:54:37.034   974  1170 V Robocol : sending CMD_NOTIFY_INIT_OP_MODE(2955), attempt: 0
03-04 12:54:37.036   974  1318 D STMicroVL53L0X: : Reg 0x51 = 0 (should be 0x0099)
03-04 12:54:37.039   974  1318 D STMicroVL53L0X: : Reg 0x61 = 0 (should be 0x0000)
03-04 12:54:37.061   974  1318 D STMicroVL53L0X: : initial sig rate lim (MCPS) 0.250000
03-04 12:54:37.068   974  1318 D STMicroVL53L0X: : adjusted sig rate lim (MCPS) 0.250000
03-04 12:54:37.291   974  1318 V BNO055  : Suppressing I2C warnings while we check for a BNO055 IMU
03-04 12:54:37.295   974  1318 V BNO055  : Found BNO055 IMU
03-04 12:54:37.730   974  1318 V BNO055IMU: Now polling until IMU comes out of reset. It is normal to see I2C failures below
03-04 12:54:37.733   974  1318 V RobotCore: addr=false data=true arb=false clock=false
03-04 12:54:37.733   974  1318 E LynxI2cDeviceSynch: readStatusQuery: cbExpected=1 cbRead=0
03-04 12:54:37.733   974  1318 E LynxI2cDeviceSynch: placeholder: readStatusQuery
03-04 12:54:37.797   974  1318 V RobotCore: addr=false data=true arb=false clock=false
03-04 12:54:37.797   974  1318 E LynxI2cDeviceSynch: readStatusQuery: cbExpected=1 cbRead=0
03-04 12:54:37.961   974  1318 V BNO055IMU: IMU has come out of reset. No more I2C failures should occur.
03-04 12:54:40.386   974  1167 V Robocol : received command: CMD_RUN_OP_MODE(12789) TeleV9
03-04 12:54:40.434   974  1170 V Robocol : sending CMD_NOTIFY_RUN_OP_MODE(3019), attempt: 0
03-04 12:54:42.231   974   984 W BaseTaskApi: Closing an already closed native lib
03-04 12:54:42.258   974   984 W BaseTaskApi: Closing an already closed native lib
03-04 12:56:43.349   974  1167 V Robocol : received command: CMD_INIT_OP_MODE(19717) $Stop$Robot$
03-04 12:56:43.357   974  1168 I RobotCore: ******************** STOP - OPMODE /storage/emulated/0/FIRST/matchlogs/Match-0-TeleV9.txt ********************
03-04 12:56:43.366   974  1318 E LynxI2cDeviceSynch: placeholder: readStatusQuery
03-04 12:56:43.366   974  1321 I RobotCore: saving match logcat to /storage/emulated/0/FIRST/matchlogs/Match-0-TeleV9.txt
03-04 12:56:43.366   974  1321 I RobotCore: logging command line: exec logcat -d -T '3-4 12:54:36.000' -f '/storage/emulated/0/FIRST/matchlogs/Match-0-TeleV9.txt' -n4 -v threadtime UsbRequestJNI:S UsbRequest:S art:W ThreadPool:W System:W ExtendedExtractor:W OMXClient:W MediaPlayer:W dalvikvm:W  *:V
03-04 12:56:43.368   974  1318 E LynxI2cDeviceSynch: placeholder: readTimestamped
03-04 12:56:43.370   974  1318 E LynxI2cDeviceSynch: placeholder: readTimestamped
03-04 12:56:43.371   974  1318 D RobotCore: User runOpModeMethod exited
03-04 12:56:43.374   974  1318 V RobotCore: thread: ...terminating 'OpModeThread'
03-04 12:56:43.376   974  1193 I RobotCore: Attempting to switch to op mode $Stop$Robot$
03-04 12:56:43.377   974  1193 D HardwareMap: Clearing which device instances have been retrieved
03-04 12:56:43.377   974  1193 D HardwareMap: Clearing which device instances have been retrieved
03-04 12:56:43.379   974  1324 V RobotCore: thread: 'OpModeThread' starting...
03-04 12:56:43.394   974  1170 V Robocol : sending CMD_NOTIFY_INIT_OP_MODE(9955), attempt: 0
03-04 12:56:43.395   974  1324 I I2C     : Automatically initializing I2C device RevColorSensorV3 (USB (embedded); module 173; bus 3; addr7=0x52)
03-04 12:56:43.395   974  1324 V BroadcomColorSensorImpl: internalInitialize()...
03-04 12:56:43.403   974  1324 V BroadcomColorSensorImpl: state: 07 37 20 1d 42 01 c2 
03-04 12:56:43.403   974  1324 V BroadcomColorSensorImpl: setGain(0x01)
03-04 12:56:43.406   974  1324 V BroadcomColorSensorImpl: setLEDParameters(0x37)
03-04 12:56:43.409   974  1324 V BroadcomColorSensorImpl: setProximityPulseCount(0x20)
03-04 12:56:43.412   974  1324 V BroadcomColorSensorImpl: setPSMeasRate(0x1d)
03-04 12:56:43.415   974  1324 V BroadcomColorSensorImpl: setLSMeasRate(0x42)
03-04 12:56:43.420   974  1324 V BroadcomColorSensorImpl: enable() enabled=0x07...
03-04 12:56:43.425   974  1324 V BroadcomColorSensorImpl: ...enable() enabled=0x07
03-04 12:56:43.429   974  1167 V Robocol : received command: CMD_RUN_OP_MODE(19724) $Stop$Robot$
03-04 12:56:43.431   974  1324 V BroadcomColorSensorImpl: state: 07 37 20 1d 42 01 c2 
03-04 12:56:43.431   974  1324 V BroadcomColorSensorImpl: ...internalInitialize()
03-04 12:56:43.432   974  1324 I I2C     : Automatically initializing I2C device RevColorSensorV3 (USB (embedded); module 2; bus 1; addr7=0x52)
03-04 12:56:43.432   974  1324 V BroadcomColorSensorImpl: internalInitialize()...
03-04 12:56:43.441   974  1321 I RobotCore: Done running exec logcat -d -T '3-4 12:54:36.000' -f '/storage/emulated/0/FIRST/matchlogs/Match-0-TeleV9.txt' -n4 -v threadtime UsbRequestJNI:S UsbRequest:S art:W ThreadPool:W System:W ExtendedExtractor:W OMXClient:W MediaPlayer:W dalvikvm:W  *:V
03-04 12:56:43.441   974  1321 I RobotCore: exiting match logcat for /storage/emulated/0/FIRST/matchlogs/Match-0-TeleV9.txt
03-04 12:56:43.443   974  1324 V BroadcomColorSensorImpl: state: 07 37 20 1d 42 01 c2 
03-04 12:56:43.443   974  1324 V BroadcomColorSensorImpl: setGain(0x01)
03-04 12:56:43.448   974  1324 V BroadcomColorSensorImpl: setLEDParameters(0x37)
03-04 12:56:43.453   974  1324 V BroadcomColorSensorImpl: setProximityPulseCount(0x20)
03-04 12:56:43.457   974  1324 V BroadcomColorSensorImpl: setPSMeasRate(0x1d)
03-04 12:56:43.462   974  1324 V BroadcomColorSensorImpl: setLSMeasRate(0x42)
03-04 12:56:43.473   974  1324 V BroadcomColorSensorImpl: enable() enabled=0x07...
03-04 12:56:43.481   974  1324 V BroadcomColorSensorImpl: ...enable() enabled=0x07
03-04 12:56:43.486   974  1324 V BroadcomColorSensorImpl: state: 07 37 20 1d 42 01 c2 
03-04 12:56:43.486   974  1324 V BroadcomColorSensorImpl: ...internalInitialize()
03-04 12:56:43.514   974  1170 V Robocol : sending CMD_NOTIFY_RUN_OP_MODE(9961), attempt: 0
--------- beginning of main
12-31 18:00:14.449   972   972 V OnBotJava: ctor()...
12-31 18:00:14.451   972   972 V OnBotJava: ...ctor()
12-31 18:00:14.457   972   972 V RCActivity: Permissions validated already
12-31 18:00:14.457   972   972 V RCActivity: onCreate()
12-31 18:00:14.460   972   972 V RCActivity: rootActivity is of class PermissionValidatorWrapper
12-31 18:00:14.460   972   972 V RCActivity: launchActivity is of class class org.firstinspires.ftc.robotcontroller.internal.PermissionValidatorWrapper
12-31 18:00:14.469   972  1068 V CallbackLooper: thread=69
12-31 18:00:14.475   972   972 V NetDiscover_wifiDirectAgent: doStart()...
12-31 18:00:14.480   972   972 V NetDiscover_wifiDirectAgent: ...doStart()
12-31 18:00:14.481   972   972 V NetDiscover_prefremrc: ----- all preferences -----
12-31 18:00:14.481   972   972 V NetDiscover_prefremrc: name='android.permission.READ_PHONE_STATE' value=false
12-31 18:00:14.481   972   972 V NetDiscover_prefremrc: name='pref_app_version' value=unavailable
12-31 18:00:14.481   972   972 V NetDiscover_prefremrc: name='pref_autostarted_robot_controller' value=true
12-31 18:00:14.481   972   972 V NetDiscover_prefremrc: name='pref_warn_about_obsolete_software' value=true
12-31 18:00:14.482   972   972 V NetDiscover_prefremrc: name='pref_network_protocol_version' value=unavailable
12-31 18:00:14.482   972   972 V NetDiscover_prefremrc: name='pref_ds_supports_5_ghz' value=true
12-31 18:00:14.482   972   972 V NetDiscover_prefremrc: name='pref_has_independent_phone_battery' value=false
12-31 18:00:14.482   972   972 V NetDiscover_prefremrc: name='android.permission.CAMERA' value=false
12-31 18:00:14.482   972   972 V NetDiscover_prefremrc: name='pref_wifip2p_remote_channel_change_works' value=false
12-31 18:00:14.482   972   972 V NetDiscover_prefremrc: name='pref_hardware_config_filename' value={"isDirty":false,"location":"LOCAL_STORAGE","name":"activeConfig","resourceId":0}
12-31 18:00:14.482   972   972 V NetDiscover_prefremrc: name='pref_dh_os_version_code' value=21
12-31 18:00:14.482   972   972 V NetDiscover_prefremrc: name='pref_build_time' value=unavailable
12-31 18:00:14.482   972   972 V NetDiscover_prefremrc: name='pref_sound_on_off' value=false
12-31 18:00:14.482   972   972 V NetDiscover_prefremrc: name='pref_warn_about_mismatched_app_versions' value=true
12-31 18:00:14.482   972   972 V NetDiscover_prefremrc: name='pref_ftc_season_year_of_current_rc_new' value=2022
12-31 18:00:14.482   972   972 V NetDiscover_prefremrc: name='App Restrictions' value=AAAAAA==
12-31 18:00:14.482   972   972 V NetDiscover_prefremrc:     
12-31 18:00:14.483   972   972 V NetDiscover_prefremrc: name='pref_warn_about_incorrect_clocks' value=true
12-31 18:00:14.483   972   972 V NetDiscover_prefremrc: name='pref_ftc_season_year_of_current_rc' value=2021
12-31 18:00:14.483   972   972 V NetDiscover_prefremrc: name='pref_has_speaker' value=false
12-31 18:00:14.483   972   972 V NetDiscover_prefremrc: name='android.permission.ACCESS_COARSE_LOCATION' value=false
12-31 18:00:14.483   972   972 V NetDiscover_prefremrc: name='android.permission.WRITE_EXTERNAL_STORAGE' value=false
12-31 18:00:14.483   972   972 V NetDiscover_prefremrc: name='pref_connection_owner_password' value=5126dice
12-31 18:00:14.483   972   972 V NetDiscover_prefremrc: name='pref_pairing_kind' value=RCWIRELESSAP
12-31 18:00:14.483   972   972 V NetDiscover_prefremrc: name='android.permission.ACCESS_FINE_LOCATION' value=false
12-31 18:00:14.483   972   972 V NetDiscover_prefremrc: name='pref_app_theme' value=green
12-31 18:00:14.484   972   972 V NetDiscover_prefremrc: name='pref_device_name_internal' value=5126-A-RC
12-31 18:00:14.484   972   972 V NetDiscover_prefremrc: name='pref_device_name' value=5126-A-RC
12-31 18:00:14.484   972   972 V NetDiscover_prefremrc: name='pref_network_connection_info' value=unavailable
12-31 18:00:14.484   972   972 V NetDiscover_prefremrc: name='pref_warn_about_2_4_ghz_band' value=true
12-31 18:00:14.484   972   972 V NetDiscover_prefremrc: name='pref_device_name_tracking' value=WIFIAP
12-31 18:00:14.484   972   972 V NetDiscover_prefremrc: name='android.permission.READ_EXTERNAL_STORAGE' value=false
12-31 18:00:14.484   972   972 V NetDiscover_prefremrc: name='pref_lib_version' value=unavailable
12-31 18:00:14.484   972   972 V NetDiscover_prefremrc: name='pref_rc_connected' value=true
12-31 18:00:14.491   972   972 V Robocol : SendOnceRunnable created
12-31 18:00:14.493   972   972 V NetDiscover_prefremrc: doStart()...
12-31 18:00:14.493   972   972 V NetDiscover_prefremrc: ...doStart()
12-31 18:00:14.531   972   972 W System  : ClassLoader referenced unknown path: /system/app/webview/lib/arm64
12-31 18:00:14.532   972   972 D ApplicationLoaders: ignored Vulkan layer search path /system/app/webview/lib/arm64:/system/app/webview/webview.apk!/lib/arm64-v8a:/system/lib64:/vendor/lib64 for namespace 0x7438ecb0f0
12-31 18:00:14.535   972   972 I WebViewFactory: Loading com.android.webview version 52.0.2743.100 (code 275610050)
12-31 18:00:14.565   972  1070 E ControlHubApChannelManager: Timeout while getting current channel from AP service
12-31 18:00:14.627   972   972 I cr_LibraryLoader: Time to load native libraries: 55 ms (timestamps 4572-4627)
12-31 18:00:14.627   972   972 I cr_LibraryLoader: Expected native library version number "52.0.2743.100", actual native library version number "52.0.2743.100"
12-31 18:00:14.727   972   972 V WebViewChromiumFactoryProvider: Binding Chromium to main looper Looper (main, tid 1) {5597099}
12-31 18:00:14.728   972   972 I cr_LibraryLoader: Expected native library version number "52.0.2743.100", actual native library version number "52.0.2743.100"
12-31 18:00:14.769   972   972 I chromium: [INFO:library_loader_hooks.cc(143)] Chromium logging enabled: level = 0, default verbosity = 0
12-31 18:00:14.794   972   972 I cr_BrowserStartup: Initializing chromium process, singleProcess=true
12-31 18:00:14.863   972   972 I mali_so : [File] : hardware/rockchip/driver/./src/base/arch/arch_011_udd/base_arch_main.c; [Line] : 565; [Func] : deal_with_version_affairs_rk_ext;
12-31 18:00:14.863   972   972 I mali_so : arm_release_ver of this mali_so is 'r7p0-00rel1', rk_so_ver is '1@2' for 3328h_android_7.1, built at '15:47:51', on 'Jun 28 2017'.
12-31 18:00:14.863   972   972 I mali_so : [File] : hardware/rockchip/driver/./src/base/arch/arch_011_udd/base_arch_main.c; [Line] : 578; [Func] : deal_with_version_affairs_rk_ext;
12-31 18:00:14.863   972   972 I mali_so : mali_ver_property has been set to 'r7p0-00rel1-5-1@2', to return.
12-31 18:00:14.949   972   972 I cr_DRP  : No DRP key due to exception:java.lang.ClassNotFoundException: com.android.webview.chromium.Drp
12-31 18:00:15.012   972   972 W cr_AwContents: onDetachedFromWindow called when already detached. Ignoring
12-31 18:00:16.507   972   972 V UpdateUI: Network: inactive, disconnected
12-31 18:00:16.507   972   972 V ServiceStarter: attempting to start service FtcRobotControllerWatchdogService
12-31 18:00:16.509   972   972 V ServiceStarter: started service FtcRobotControllerWatchdogService
12-31 18:00:16.529   972   972 I RobotCore: App info: version=8.1.1 appId=com.qualcomm.ftcrobotcontroller
12-31 18:00:16.530   972   972 I RobotCore: Android Device: maker=REV Robotics model=Control Hub v1.0 sdk=25 serial=b960183b28d6665b
12-31 18:00:16.530   972   972 V AndroidBoard: REV Control Hub contains REV3328
12-31 18:00:16.530   972   972 V AndroidBoard: Communicating with embedded REV hub via /dev/ttyS1
12-31 18:00:16.532   972   972 V RCActivity: onStart()
12-31 18:00:16.534   972   972 V RCActivity: onResume()
12-31 18:00:16.552   972   972 V NetDiscover_prefremrc: onSharedPreferenceChanged(name=App Restrictions, value=AAAAAA==
12-31 18:00:16.552   972   972 V NetDiscover_prefremrc: )
12-31 18:00:16.563   972   972 V FtcRobotControllerWatchdogService: onCreate()
12-31 18:00:16.564   972   972 V FtcRobotControllerWatchdogService: onStartCommand() intent=Intent { cmp=com.qualcomm.ftcrobotcontroller/org.firstinspires.ftc.ftccommon.internal.FtcRobotControllerWatchdogService } flags=0x0 startId=1
12-31 18:00:16.564   972   972 V FtcRobotControllerWatchdogService: shouldAutoLauchRobotController() result=true
12-31 18:00:16.565   972   972 V FTCService: onCreate()
12-31 18:00:16.585   972   972 W art     : Before Android 4.1, method double java.util.concurrent.ThreadLocalRandom.internalNextDouble(double, double) would have incorrectly overridden the package-private method in java.util.Random
12-31 18:00:16.585   972   972 W art     : Before Android 4.1, method int java.util.concurrent.ThreadLocalRandom.internalNextInt(int, int) would have incorrectly overridden the package-private method in java.util.Random
12-31 18:00:16.585   972   972 W art     : Before Android 4.1, method long java.util.concurrent.ThreadLocalRandom.internalNextLong(long, long) would have incorrectly overridden the package-private method in java.util.Random
12-31 18:00:16.619   972   972 V FTCService: onBind()
12-31 18:00:16.642   972   972 V CoreRobotWebServer: creating NanoHTTPD(8080)
12-31 18:00:16.649   972   972 V WebSocketManager: Registered broadcast-only namespace progress
12-31 18:00:16.655   972   972 V WebSocketManager: Registered handler for namespace ControlHubUpdater
12-31 18:00:16.656   972   972 V RobotCore: Getting network assistant of type: RCWIRELESSAP
12-31 18:00:16.658   972   972 I RobotControllerAccessPointAssistant: Enabling network services
12-31 18:00:16.660   972   972 I RobotControllerAccessPointAssistant: Sending SSID and password to AP service
12-31 18:00:16.661   972   972 I RobotCore: 5126dice
12-31 18:00:16.661   972   972 D RobotControllerAccessPointAssistant: setNetworkProperties(deviceName=5126-A-RC, password=5126dice, ApChannel=null) sendSettingsIndividually=false
12-31 18:00:16.661   972   972 I NetDiscover_ControlHubNameManager: Robot controller name: 5126-A-RC
12-31 18:00:16.661   972   972 I ControlHubPasswordManager: Robot controller password: 5126dice
12-31 18:00:16.662   972   972 D RobotControllerAccessPointAssistant: Sending bulk settings broadcast intent
12-31 18:00:16.734   972  1111 I OpenGLRenderer: Initialized EGL, version 1.4
12-31 18:00:16.735   972  1111 D OpenGLRenderer: Swap behavior 1
12-31 18:00:16.744   972   972 I RobotControllerAccessPointAssistant: Wi-Fi state change:, wifiApState: 13
12-31 18:00:16.744   972   972 I FTCService: onNetworkConnectionEvent: CONNECTION_INFO_AVAILABLE
12-31 18:00:16.744   972   972 I RobotCore: 5126dice
12-31 18:00:16.745   972   972 I FTCService: Network Connection Passphrase: 5126dice
12-31 18:00:16.745   972   972 V CoreRobotWebServer: starting port=8080
12-31 18:00:16.756   972   972 V RobotCore: Getting network assistant of type: RCWIRELESSAP
12-31 18:00:16.764   972  1116 V TooTallWebSocketServer: Started WebSocket server on port 8081
12-31 18:00:16.791   972   972 V CoreRobotWebServer: started port=8080
12-31 18:00:16.791   972   972 V FTCService: RCActivity.controllerService=bound
12-31 18:00:16.791   972   972 V UpdateUI: Network: active, disconnected
12-31 18:00:16.792   972   972 V RobotCore: Robot Status: stopped
12-31 18:00:16.819   972  1119 V RobotCore: thread: 'RobotSetupRunnable.run()' starting...
12-31 18:00:16.819   972  1119 V FTCService: Processing robot setup
12-31 18:00:16.819   972  1119 V RobotCore: Robot Status: stopped, scanning for USB devices
12-31 18:00:16.820   972  1119 I AppAliveNotifier: Telling the OS to set the RC alive notification timeout to 10 seconds
12-31 18:00:16.840   972   972 V WebSocketManager: Registered handler for namespace ONBOTJAVA
12-31 18:00:16.868   972  1111 I [Gralloc]:  ion device open success! fd = 90
12-31 18:00:17.036   972   972 V AppUtil : rootActivity=PermissionValidatorWrapper destroyed
12-31 18:00:17.036   972   972 V AppUtil : rootActivity=FtcRobotControllerActivity
12-31 18:00:17.037   972   972 I PermissionValidatorActivity: Lifecycle onDestroy : c2141d8
12-31 18:00:21.836   972  1119 V RobotCore: EventLoopManager state is NOT_STARTED
12-31 18:00:21.836   972  1119 V FTCService: Waiting for a connection to a Wi-Fi service
12-31 18:00:21.837   972  1119 V RobotCore: Robot Status: stopped, waiting for network to become active
12-31 18:00:21.839   972  1119 I RobotControllerAccessPointAssistant: Wi-Fi AP is enabled
12-31 18:00:21.839   972  1119 V CoreRobotWebServer: Asked an already running WebServer to start
12-31 18:00:21.840   972  1119 V RobotCore: Robot Status: stopped, starting robot
12-31 18:00:21.841   972  1119 V Robocol : EventLoopManager.start()
12-31 18:00:21.841   972  1119 V RobotCore: Getting network assistant of type: RCWIRELESSAP
12-31 18:00:21.842   972  1119 I RobotControllerAccessPointAssistant: Wi-Fi AP is enabled
12-31 18:00:21.842   972  1119 V Robocol : Spoofing a Network Connection event...
12-31 18:00:21.842   972  1119 I EventLoopManager: onNetworkConnectionEvent: CONNECTION_INFO_AVAILABLE
12-31 18:00:21.843   972  1119 I Robocol : Received network connection event
12-31 18:00:21.844   972  1119 I RobotControllerAccessPointAssistant: Wi-Fi AP is enabled
12-31 18:00:21.844   972  1119 I NetworkConnectionHandler: Handling new network connection infomation, connected: true setup needed: true
12-31 18:00:21.845   972  1119 I RobotControllerAccessPointAssistant: Wi-Fi AP is enabled
